2026-09-13 15:14:39,013 - nanochat.common - [32m[1mINFO[0m - Distributed world size: 1
2026-09-13 15:14:39,013 - nanochat.common - [33m[1mWARNING[0m - Peak flops undefined for: NVIDIA GeForce RTX 4060, MFU will show as 0%
wandb: Currently logged in as: sotirisfrost (sotirisfrost-lu) to https://api.wandb.ai. Use `wandb login --relogin` to force relogin
wandb: creating run
wandb: Tracking run with wandb version 0.21.3
wandb: Run data is saved locally in /home/s4597036/nanochat/wandb/run-20260913_151439-skicd7le
wandb: Run `wandb offline` to turn off syncing.
wandb: Syncing run d4L-mid
wandb: ⭐️ View project at https://wandb.ai/sotirisfrost-lu/nanochat-sft
wandb: 🚀 View run at https://wandb.ai/sotirisfrost-lu/nanochat-sft/runs/skicd7le
2026-09-13 15:14:40,456 - nanochat.checkpoint_manager - [32m[1mINFO[0m - Loading model from /home/s4597036/scratch/nanochat/base_checkpoints/d4-L with step 528
2026-09-13 15:14:40,564 - nanochat.checkpoint_manager - [32m[1mINFO[0m - Building model with config: {'sequence_len': 2048, 'vocab_size': 32768, 'n_layer': 4, 'n_head': 2, 'n_kv_head': 2, 'n_embd': 256, 'window_pattern': 'L'}
2026-09-13 15:14:41,076 - nanochat.checkpoint_manager - [32m[1mINFO[0m - Loading optimizer state from /home/s4597036/scratch/nanochat/base_checkpoints/d4-L/optim_000528_rank0.pt
W0913 15:14:43.455000 143640 .venv/lib/python3.10/site-packages/torch/_inductor/utils.py:1613] [0/0] Not enough SMs to use max_autotune_gemm mode
Autodetected device type: cuda
COMPUTE_DTYPE: torch.bfloat16 (auto-detected: CUDA SM 89 (bf16 supported))
GPU: NVIDIA GeForce RTX 4060 | Peak FLOPS (BF16): inf
Inherited max_seq_len=2048 from pretrained checkpoint
NOTE: --device-batch-size=8 overrides pretrained value of 16
Inherited total_batch_size=262144 from pretrained checkpoint
Inherited embedding_lr=0.3 from pretrained checkpoint
Inherited unembedding_lr=0.008 from pretrained checkpoint
Inherited matrix_lr=0.02 from pretrained checkpoint
Tokens / micro-batch / rank: 8 x 2048 = 16,384
Tokens / micro-batch: 16,384
Total batch size 262,144 => gradient accumulation steps: 16
Scaling the LR for the AdamW parameters ∝1/√(256/768) = 1.732051
Loaded optimizer state from pretrained checkpoint (momentum buffers only, LRs reset)
Training mixture [midtrain]: 329,418 rows (MMLU x3, GSM8K x4)
Step 00000 | Validation bpb: 0.9502
step 00001 (0.21%) | loss: 3.230655 | lrm: 1.00 | dt: 6489.38ms | tok/sec: 40,395 | mfu: 0.00 | epoch: 1 | total time: 0.00m
step 00002 (0.42%) | loss: 4.239939 | lrm: 1.00 | dt: 1159.98ms | tok/sec: 225,989 | mfu: 0.00 | epoch: 1 | total time: 0.00m
step 00003 (0.63%) | loss: 4.164232 | lrm: 1.00 | dt: 1144.77ms | tok/sec: 228,992 | mfu: 0.00 | epoch: 1 | total time: 0.00m
step 00004 (0.84%) | loss: 3.865372 | lrm: 1.00 | dt: 1147.56ms | tok/sec: 228,435 | mfu: 0.00 | epoch: 1 | total time: 0.00m
step 00005 (1.06%) | loss: 3.556632 | lrm: 1.00 | dt: 1148.75ms | tok/sec: 228,199 | mfu: 0.00 | epoch: 1 | total time: 0.00m
step 00006 (1.28%) | loss: 3.317200 | lrm: 1.00 | dt: 1151.22ms | tok/sec: 227,708 | mfu: 0.00 | epoch: 1 | total time: 0.00m
step 00007 (1.50%) | loss: 3.048181 | lrm: 1.00 | dt: 1153.82ms | tok/sec: 227,197 | mfu: 0.00 | epoch: 1 | total time: 0.00m
step 00008 (1.73%) | loss: 2.836883 | lrm: 1.00 | dt: 1150.56ms | tok/sec: 227,840 | mfu: 0.00 | epoch: 1 | total time: 0.00m
step 00009 (1.95%) | loss: 2.657564 | lrm: 1.00 | dt: 1154.43ms | tok/sec: 227,076 | mfu: 0.00 | epoch: 1 | total time: 0.00m
step 00010 (2.17%) | loss: 2.518181 | lrm: 1.00 | dt: 1153.86ms | tok/sec: 227,187 | mfu: 0.00 | epoch: 1 | total time: 0.00m
step 00011 (2.39%) | loss: 2.416433 | lrm: 1.00 | dt: 1156.04ms | tok/sec: 226,760 | mfu: 0.00 | epoch: 1 | total time: 0.02m
step 00012 (2.61%) | loss: 2.289544 | lrm: 1.00 | dt: 1152.83ms | tok/sec: 227,392 | mfu: 0.00 | epoch: 1 | total time: 0.04m
step 00013 (2.82%) | loss: 2.128724 | lrm: 1.00 | dt: 1154.20ms | tok/sec: 227,122 | mfu: 0.00 | epoch: 1 | total time: 0.06m
step 00014 (3.03%) | loss: 2.033958 | lrm: 1.00 | dt: 1156.83ms | tok/sec: 226,604 | mfu: 0.00 | epoch: 1 | total time: 0.08m
step 00015 (3.24%) | loss: 1.928813 | lrm: 1.00 | dt: 1153.28ms | tok/sec: 227,303 | mfu: 0.00 | epoch: 1 | total time: 0.10m
step 00016 (3.46%) | loss: 1.850826 | lrm: 1.00 | dt: 1157.79ms | tok/sec: 226,418 | mfu: 0.00 | epoch: 1 | total time: 0.12m
step 00017 (3.67%) | loss: 1.828420 | lrm: 1.00 | dt: 1154.89ms | tok/sec: 226,986 | mfu: 0.00 | epoch: 1 | total time: 0.13m
step 00018 (3.89%) | loss: 1.770275 | lrm: 1.00 | dt: 1155.17ms | tok/sec: 226,930 | mfu: 0.00 | epoch: 1 | total time: 0.15m
step 00019 (4.11%) | loss: 1.739299 | lrm: 1.00 | dt: 1156.58ms | tok/sec: 226,653 | mfu: 0.00 | epoch: 1 | total time: 0.17m
step 00020 (4.33%) | loss: 1.704062 | lrm: 1.00 | dt: 1154.91ms | tok/sec: 226,983 | mfu: 0.00 | epoch: 1 | total time: 0.19m
step 00021 (4.55%) | loss: 1.674648 | lrm: 1.00 | dt: 1151.64ms | tok/sec: 227,626 | mfu: 0.00 | epoch: 1 | total time: 0.21m
step 00022 (4.76%) | loss: 1.646281 | lrm: 1.00 | dt: 1155.35ms | tok/sec: 226,895 | mfu: 0.00 | epoch: 1 | total time: 0.23m
step 00023 (4.98%) | loss: 1.613209 | lrm: 1.00 | dt: 1157.96ms | tok/sec: 226,383 | mfu: 0.00 | epoch: 1 | total time: 0.25m
step 00024 (5.19%) | loss: 1.596150 | lrm: 1.00 | dt: 1152.98ms | tok/sec: 227,362 | mfu: 0.00 | epoch: 1 | total time: 0.27m
step 00025 (5.40%) | loss: 1.560467 | lrm: 1.00 | dt: 1154.58ms | tok/sec: 227,047 | mfu: 0.00 | epoch: 1 | total time: 0.29m
step 00026 (5.62%) | loss: 1.564237 | lrm: 1.00 | dt: 1157.41ms | tok/sec: 226,491 | mfu: 0.00 | epoch: 1 | total time: 0.31m
step 00027 (5.83%) | loss: 1.518544 | lrm: 1.00 | dt: 1152.91ms | tok/sec: 227,375 | mfu: 0.00 | epoch: 1 | total time: 0.33m
step 00028 (6.05%) | loss: 1.491491 | lrm: 1.00 | dt: 1156.59ms | tok/sec: 226,652 | mfu: 0.00 | epoch: 1 | total time: 0.35m
step 00029 (6.26%) | loss: 1.409215 | lrm: 1.00 | dt: 1158.87ms | tok/sec: 226,206 | mfu: 0.00 | epoch: 1 | total time: 0.37m
step 00030 (6.48%) | loss: 1.363191 | lrm: 1.00 | dt: 1153.39ms | tok/sec: 227,281 | mfu: 0.00 | epoch: 1 | total time: 0.39m
step 00031 (6.69%) | loss: 1.381777 | lrm: 1.00 | dt: 1158.73ms | tok/sec: 226,233 | mfu: 0.00 | epoch: 1 | total time: 0.40m
step 00032 (6.91%) | loss: 1.350208 | lrm: 1.00 | dt: 1155.22ms | tok/sec: 226,921 | mfu: 0.00 | epoch: 1 | total time: 0.42m
step 00033 (7.12%) | loss: 1.418547 | lrm: 1.00 | dt: 1157.29ms | tok/sec: 226,514 | mfu: 0.00 | epoch: 1 | total time: 0.44m
step 00034 (7.34%) | loss: 1.416369 | lrm: 1.00 | dt: 1159.76ms | tok/sec: 226,033 | mfu: 0.00 | epoch: 1 | total time: 0.46m
step 00035 (7.56%) | loss: 1.407082 | lrm: 1.00 | dt: 1155.07ms | tok/sec: 226,950 | mfu: 0.00 | epoch: 1 | total time: 0.48m
step 00036 (7.78%) | loss: 1.409799 | lrm: 1.00 | dt: 1157.38ms | tok/sec: 226,498 | mfu: 0.00 | epoch: 1 | total time: 0.50m
step 00037 (8.00%) | loss: 1.435202 | lrm: 1.00 | dt: 1159.98ms | tok/sec: 225,990 | mfu: 0.00 | epoch: 1 | total time: 0.52m
step 00038 (8.21%) | loss: 1.395242 | lrm: 1.00 | dt: 1156.09ms | tok/sec: 226,750 | mfu: 0.00 | epoch: 1 | total time: 0.54m
step 00039 (8.43%) | loss: 1.374594 | lrm: 1.00 | dt: 1156.04ms | tok/sec: 226,759 | mfu: 0.00 | epoch: 1 | total time: 0.56m
step 00040 (8.65%) | loss: 1.375969 | lrm: 1.00 | dt: 1161.30ms | tok/sec: 225,732 | mfu: 0.00 | epoch: 1 | total time: 0.58m
step 00041 (8.86%) | loss: 1.370705 | lrm: 1.00 | dt: 1153.22ms | tok/sec: 227,314 | mfu: 0.00 | epoch: 1 | total time: 0.60m
step 00042 (9.08%) | loss: 1.359830 | lrm: 1.00 | dt: 1155.79ms | tok/sec: 226,808 | mfu: 0.00 | epoch: 1 | total time: 0.62m
step 00043 (9.29%) | loss: 1.377776 | lrm: 1.00 | dt: 1157.01ms | tok/sec: 226,569 | mfu: 0.00 | epoch: 1 | total time: 0.64m
step 00044 (9.50%) | loss: 1.385728 | lrm: 1.00 | dt: 1158.43ms | tok/sec: 226,291 | mfu: 0.00 | epoch: 1 | total time: 0.66m
step 00045 (9.72%) | loss: 1.352943 | lrm: 1.00 | dt: 1157.61ms | tok/sec: 226,452 | mfu: 0.00 | epoch: 1 | total time: 0.67m
step 00046 (9.94%) | loss: 1.327476 | lrm: 1.00 | dt: 1158.39ms | tok/sec: 226,300 | mfu: 0.00 | epoch: 1 | total time: 0.69m
step 00047 (10.15%) | loss: 1.318310 | lrm: 1.00 | dt: 1153.60ms | tok/sec: 227,239 | mfu: 0.00 | epoch: 1 | total time: 0.71m
step 00048 (10.36%) | loss: 1.305700 | lrm: 1.00 | dt: 1159.93ms | tok/sec: 226,000 | mfu: 0.00 | epoch: 1 | total time: 0.73m
step 00049 (10.58%) | loss: 1.292386 | lrm: 1.00 | dt: 1152.18ms | tok/sec: 227,520 | mfu: 0.00 | epoch: 1 | total time: 0.75m
step 00050 (10.79%) | loss: 1.235984 | lrm: 1.00 | dt: 1156.74ms | tok/sec: 226,623 | mfu: 0.00 | epoch: 1 | total time: 0.77m
Step 00050 | Validation bpb: 1.7200
step 00051 (11.01%) | loss: 1.286191 | lrm: 1.00 | dt: 1170.92ms | tok/sec: 223,878 | mfu: 0.00 | epoch: 1 | total time: 0.79m
step 00052 (11.22%) | loss: 1.273673 | lrm: 1.00 | dt: 1155.92ms | tok/sec: 226,784 | mfu: 0.00 | epoch: 1 | total time: 0.81m
step 00053 (11.43%) | loss: 1.242740 | lrm: 1.00 | dt: 1157.94ms | tok/sec: 226,387 | mfu: 0.00 | epoch: 1 | total time: 0.83m
step 00054 (11.65%) | loss: 1.221682 | lrm: 1.00 | dt: 1152.49ms | tok/sec: 227,459 | mfu: 0.00 | epoch: 1 | total time: 0.85m
step 00055 (11.87%) | loss: 1.213397 | lrm: 1.00 | dt: 1155.36ms | tok/sec: 226,894 | mfu: 0.00 | epoch: 1 | total time: 0.87m
step 00056 (12.08%) | loss: 1.205827 | lrm: 1.00 | dt: 1158.29ms | tok/sec: 226,319 | mfu: 0.00 | epoch: 1 | total time: 0.89m
step 00057 (12.30%) | loss: 1.197663 | lrm: 1.00 | dt: 1156.60ms | tok/sec: 226,650 | mfu: 0.00 | epoch: 1 | total time: 0.91m
step 00058 (12.51%) | loss: 1.197015 | lrm: 1.00 | dt: 1156.89ms | tok/sec: 226,593 | mfu: 0.00 | epoch: 1 | total time: 0.93m
step 00059 (12.73%) | loss: 1.137849 | lrm: 1.00 | dt: 1154.32ms | tok/sec: 227,098 | mfu: 0.00 | epoch: 1 | total time: 0.94m
step 00060 (12.94%) | loss: 1.097687 | lrm: 1.00 | dt: 1154.20ms | tok/sec: 227,122 | mfu: 0.00 | epoch: 1 | total time: 0.96m
step 00061 (13.16%) | loss: 1.095352 | lrm: 1.00 | dt: 1158.45ms | tok/sec: 226,289 | mfu: 0.00 | epoch: 1 | total time: 0.98m
step 00062 (13.37%) | loss: 1.109015 | lrm: 1.00 | dt: 1155.05ms | tok/sec: 226,954 | mfu: 0.00 | epoch: 1 | total time: 1.00m
step 00063 (13.59%) | loss: 1.180466 | lrm: 1.00 | dt: 1156.88ms | tok/sec: 226,595 | mfu: 0.00 | epoch: 1 | total time: 1.02m
step 00064 (13.81%) | loss: 1.193720 | lrm: 1.00 | dt: 1158.34ms | tok/sec: 226,309 | mfu: 0.00 | epoch: 1 | total time: 1.04m
step 00065 (14.02%) | loss: 1.218971 | lrm: 1.00 | dt: 1156.64ms | tok/sec: 226,641 | mfu: 0.00 | epoch: 1 | total time: 1.06m
step 00066 (14.24%) | loss: 1.191969 | lrm: 1.00 | dt: 1153.52ms | tok/sec: 227,256 | mfu: 0.00 | epoch: 1 | total time: 1.08m
step 00067 (14.45%) | loss: 1.187699 | lrm: 1.00 | dt: 1155.66ms | tok/sec: 226,833 | mfu: 0.00 | epoch: 1 | total time: 1.10m
step 00068 (14.67%) | loss: 1.138809 | lrm: 1.00 | dt: 1156.19ms | tok/sec: 226,730 | mfu: 0.00 | epoch: 1 | total time: 1.12m
step 00069 (14.89%) | loss: 1.184131 | lrm: 1.00 | dt: 1154.23ms | tok/sec: 227,116 | mfu: 0.00 | epoch: 1 | total time: 1.14m
step 00070 (15.10%) | loss: 1.153431 | lrm: 1.00 | dt: 1157.79ms | tok/sec: 226,417 | mfu: 0.00 | epoch: 1 | total time: 1.16m
step 00071 (15.32%) | loss: 1.188042 | lrm: 1.00 | dt: 1156.98ms | tok/sec: 226,576 | mfu: 0.00 | epoch: 1 | total time: 1.18m
step 00072 (15.53%) | loss: 1.214247 | lrm: 1.00 | dt: 1154.38ms | tok/sec: 227,085 | mfu: 0.00 | epoch: 1 | total time: 1.19m
step 00073 (15.76%) | loss: 1.227282 | lrm: 1.00 | dt: 1158.22ms | tok/sec: 226,334 | mfu: 0.00 | epoch: 1 | total time: 1.21m
step 00074 (15.97%) | loss: 1.196909 | lrm: 1.00 | dt: 1158.21ms | tok/sec: 226,335 | mfu: 0.00 | epoch: 1 | total time: 1.23m
step 00075 (16.19%) | loss: 1.203811 | lrm: 1.00 | dt: 1157.50ms | tok/sec: 226,474 | mfu: 0.00 | epoch: 1 | total time: 1.25m
step 00076 (16.40%) | loss: 1.267505 | lrm: 1.00 | dt: 1157.59ms | tok/sec: 226,456 | mfu: 0.00 | epoch: 1 | total time: 1.27m
step 00077 (16.61%) | loss: 1.274880 | lrm: 1.00 | dt: 1156.15ms | tok/sec: 226,739 | mfu: 0.00 | epoch: 1 | total time: 1.29m
step 00078 (16.82%) | loss: 1.251744 | lrm: 1.00 | dt: 1156.29ms | tok/sec: 226,710 | mfu: 0.00 | epoch: 1 | total time: 1.31m
step 00079 (17.04%) | loss: 1.245246 | lrm: 1.00 | dt: 1156.01ms | tok/sec: 226,766 | mfu: 0.00 | epoch: 1 | total time: 1.33m
step 00080 (17.25%) | loss: 1.236711 | lrm: 1.00 | dt: 1154.83ms | tok/sec: 226,997 | mfu: 0.00 | epoch: 1 | total time: 1.35m
step 00081 (17.47%) | loss: 1.206283 | lrm: 1.00 | dt: 1157.32ms | tok/sec: 226,508 | mfu: 0.00 | epoch: 1 | total time: 1.37m
step 00082 (17.68%) | loss: 1.218250 | lrm: 1.00 | dt: 1158.11ms | tok/sec: 226,355 | mfu: 0.00 | epoch: 1 | total time: 1.39m
step 00083 (17.89%) | loss: 1.164525 | lrm: 1.00 | dt: 1150.81ms | tok/sec: 227,791 | mfu: 0.00 | epoch: 1 | total time: 1.41m
step 00084 (18.11%) | loss: 1.146126 | lrm: 1.00 | dt: 1155.54ms | tok/sec: 226,859 | mfu: 0.00 | epoch: 1 | total time: 1.43m
step 00085 (18.32%) | loss: 1.109150 | lrm: 1.00 | dt: 1158.23ms | tok/sec: 226,330 | mfu: 0.00 | epoch: 1 | total time: 1.45m
step 00086 (18.54%) | loss: 1.159882 | lrm: 1.00 | dt: 1155.18ms | tok/sec: 226,928 | mfu: 0.00 | epoch: 1 | total time: 1.46m
step 00087 (18.76%) | loss: 1.125059 | lrm: 1.00 | dt: 1155.47ms | tok/sec: 226,872 | mfu: 0.00 | epoch: 1 | total time: 1.48m
step 00088 (18.97%) | loss: 1.120011 | lrm: 1.00 | dt: 1156.01ms | tok/sec: 226,766 | mfu: 0.00 | epoch: 1 | total time: 1.50m
step 00089 (19.18%) | loss: 1.118204 | lrm: 1.00 | dt: 1152.53ms | tok/sec: 227,451 | mfu: 0.00 | epoch: 1 | total time: 1.52m
step 00090 (19.40%) | loss: 1.081833 | lrm: 1.00 | dt: 1158.12ms | tok/sec: 226,353 | mfu: 0.00 | epoch: 1 | total time: 1.54m
step 00091 (19.61%) | loss: 1.058253 | lrm: 1.00 | dt: 1156.26ms | tok/sec: 226,716 | mfu: 0.00 | epoch: 1 | total time: 1.56m
step 00092 (19.83%) | loss: 1.073327 | lrm: 1.00 | dt: 1157.12ms | tok/sec: 226,548 | mfu: 0.00 | epoch: 1 | total time: 1.58m
step 00093 (20.04%) | loss: 1.126081 | lrm: 1.00 | dt: 1155.71ms | tok/sec: 226,825 | mfu: 0.00 | epoch: 1 | total time: 1.60m
step 00094 (20.26%) | loss: 1.093866 | lrm: 1.00 | dt: 1153.48ms | tok/sec: 227,263 | mfu: 0.00 | epoch: 1 | total time: 1.62m
step 00095 (20.47%) | loss: 1.107942 | lrm: 1.00 | dt: 1153.77ms | tok/sec: 227,207 | mfu: 0.00 | epoch: 1 | total time: 1.64m
step 00096 (20.69%) | loss: 1.113729 | lrm: 1.00 | dt: 1155.67ms | tok/sec: 226,832 | mfu: 0.00 | epoch: 1 | total time: 1.66m
step 00097 (20.91%) | loss: 1.070775 | lrm: 1.00 | dt: 1159.73ms | tok/sec: 226,038 | mfu: 0.00 | epoch: 1 | total time: 1.68m
step 00098 (21.12%) | loss: 1.082121 | lrm: 1.00 | dt: 1154.41ms | tok/sec: 227,081 | mfu: 0.00 | epoch: 1 | total time: 1.70m
step 00099 (21.34%) | loss: 1.077167 | lrm: 1.00 | dt: 1158.16ms | tok/sec: 226,345 | mfu: 0.00 | epoch: 1 | total time: 1.72m
step 00100 (21.55%) | loss: 1.052644 | lrm: 1.00 | dt: 1155.46ms | tok/sec: 226,873 | mfu: 0.00 | epoch: 1 | total time: 1.73m
Step 00100 | Validation bpb: 1.8134
step 00101 (21.77%) | loss: 1.061176 | lrm: 1.00 | dt: 1167.25ms | tok/sec: 224,582 | mfu: 0.00 | epoch: 1 | total time: 1.75m
step 00102 (21.98%) | loss: 1.113554 | lrm: 1.00 | dt: 1156.89ms | tok/sec: 226,593 | mfu: 0.00 | epoch: 1 | total time: 1.77m
step 00103 (22.20%) | loss: 1.123028 | lrm: 1.00 | dt: 1158.08ms | tok/sec: 226,361 | mfu: 0.00 | epoch: 1 | total time: 1.79m
step 00104 (22.41%) | loss: 1.100082 | lrm: 1.00 | dt: 1156.75ms | tok/sec: 226,620 | mfu: 0.00 | epoch: 1 | total time: 1.81m
step 00105 (22.63%) | loss: 1.147640 | lrm: 1.00 | dt: 1157.04ms | tok/sec: 226,564 | mfu: 0.00 | epoch: 1 | total time: 1.83m
step 00106 (22.85%) | loss: 1.160543 | lrm: 1.00 | dt: 1154.59ms | tok/sec: 227,044 | mfu: 0.00 | epoch: 1 | total time: 1.85m
step 00107 (23.07%) | loss: 1.135821 | lrm: 1.00 | dt: 1155.53ms | tok/sec: 226,861 | mfu: 0.00 | epoch: 1 | total time: 1.87m
step 00108 (23.29%) | loss: 1.102080 | lrm: 1.00 | dt: 1153.49ms | tok/sec: 227,262 | mfu: 0.00 | epoch: 1 | total time: 1.89m
step 00109 (23.50%) | loss: 1.125993 | lrm: 1.00 | dt: 1157.60ms | tok/sec: 226,454 | mfu: 0.00 | epoch: 1 | total time: 1.91m
step 00110 (23.71%) | loss: 1.120681 | lrm: 1.00 | dt: 1151.74ms | tok/sec: 227,606 | mfu: 0.00 | epoch: 1 | total time: 1.93m
step 00111 (23.93%) | loss: 1.100841 | lrm: 1.00 | dt: 1152.87ms | tok/sec: 227,383 | mfu: 0.00 | epoch: 1 | total time: 1.95m
step 00112 (24.15%) | loss: 1.145037 | lrm: 1.00 | dt: 1155.65ms | tok/sec: 226,837 | mfu: 0.00 | epoch: 1 | total time: 1.97m
step 00113 (24.37%) | loss: 1.091703 | lrm: 1.00 | dt: 1151.69ms | tok/sec: 227,616 | mfu: 0.00 | epoch: 1 | total time: 1.98m
step 00114 (24.58%) | loss: 1.071119 | lrm: 1.00 | dt: 1151.62ms | tok/sec: 227,631 | mfu: 0.00 | epoch: 1 | total time: 2.00m
step 00115 (24.80%) | loss: 1.077422 | lrm: 1.00 | dt: 1153.00ms | tok/sec: 227,358 | mfu: 0.00 | epoch: 1 | total time: 2.02m
step 00116 (25.01%) | loss: 1.048520 | lrm: 1.00 | dt: 1152.26ms | tok/sec: 227,504 | mfu: 0.00 | epoch: 1 | total time: 2.04m
step 00117 (25.23%) | loss: 1.033479 | lrm: 1.00 | dt: 1155.58ms | tok/sec: 226,850 | mfu: 0.00 | epoch: 1 | total time: 2.06m
step 00118 (25.44%) | loss: 0.999128 | lrm: 1.00 | dt: 1153.11ms | tok/sec: 227,336 | mfu: 0.00 | epoch: 1 | total time: 2.08m
step 00119 (25.65%) | loss: 0.983713 | lrm: 1.00 | dt: 1154.89ms | tok/sec: 226,986 | mfu: 0.00 | epoch: 1 | total time: 2.10m
step 00120 (25.87%) | loss: 0.953814 | lrm: 1.00 | dt: 1153.78ms | tok/sec: 227,204 | mfu: 0.00 | epoch: 1 | total time: 2.12m
step 00121 (26.08%) | loss: 0.937723 | lrm: 1.00 | dt: 1154.33ms | tok/sec: 227,096 | mfu: 0.00 | epoch: 1 | total time: 2.14m
step 00122 (26.29%) | loss: 0.919560 | lrm: 1.00 | dt: 1157.96ms | tok/sec: 226,383 | mfu: 0.00 | epoch: 1 | total time: 2.16m
step 00123 (26.50%) | loss: 0.948382 | lrm: 1.00 | dt: 1156.18ms | tok/sec: 226,733 | mfu: 0.00 | epoch: 1 | total time: 2.18m
step 00124 (26.72%) | loss: 0.929573 | lrm: 1.00 | dt: 1158.40ms | tok/sec: 226,298 | mfu: 0.00 | epoch: 1 | total time: 2.20m
step 00125 (26.93%) | loss: 0.936453 | lrm: 1.00 | dt: 1154.85ms | tok/sec: 226,993 | mfu: 0.00 | epoch: 1 | total time: 2.22m
step 00126 (27.15%) | loss: 0.949927 | lrm: 1.00 | dt: 1157.84ms | tok/sec: 226,407 | mfu: 0.00 | epoch: 1 | total time: 2.24m
step 00127 (27.37%) | loss: 0.944527 | lrm: 1.00 | dt: 1157.54ms | tok/sec: 226,466 | mfu: 0.00 | epoch: 1 | total time: 2.25m
step 00128 (27.58%) | loss: 0.937937 | lrm: 1.00 | dt: 1151.63ms | tok/sec: 227,628 | mfu: 0.00 | epoch: 1 | total time: 2.27m
step 00129 (27.79%) | loss: 0.901218 | lrm: 1.00 | dt: 1155.64ms | tok/sec: 226,838 | mfu: 0.00 | epoch: 1 | total time: 2.29m
step 00130 (28.01%) | loss: 0.886181 | lrm: 1.00 | dt: 1159.86ms | tok/sec: 226,012 | mfu: 0.00 | epoch: 1 | total time: 2.31m
step 00131 (28.22%) | loss: 0.905933 | lrm: 1.00 | dt: 1152.55ms | tok/sec: 227,446 | mfu: 0.00 | epoch: 1 | total time: 2.33m
step 00132 (28.44%) | loss: 0.899398 | lrm: 1.00 | dt: 1156.94ms | tok/sec: 226,582 | mfu: 0.00 | epoch: 1 | total time: 2.35m
step 00133 (28.66%) | loss: 0.870167 | lrm: 1.00 | dt: 1157.86ms | tok/sec: 226,403 | mfu: 0.00 | epoch: 1 | total time: 2.37m
step 00134 (28.87%) | loss: 0.883295 | lrm: 1.00 | dt: 1156.06ms | tok/sec: 226,755 | mfu: 0.00 | epoch: 1 | total time: 2.39m
step 00135 (29.09%) | loss: 0.905943 | lrm: 1.00 | dt: 1157.10ms | tok/sec: 226,553 | mfu: 0.00 | epoch: 1 | total time: 2.41m
step 00136 (29.30%) | loss: 0.895014 | lrm: 1.00 | dt: 1157.85ms | tok/sec: 226,406 | mfu: 0.00 | epoch: 1 | total time: 2.43m
step 00137 (29.53%) | loss: 0.884485 | lrm: 1.00 | dt: 1153.32ms | tok/sec: 227,294 | mfu: 0.00 | epoch: 1 | total time: 2.45m
step 00138 (29.74%) | loss: 0.868898 | lrm: 1.00 | dt: 1156.43ms | tok/sec: 226,683 | mfu: 0.00 | epoch: 1 | total time: 2.47m
step 00139 (29.96%) | loss: 0.856292 | lrm: 1.00 | dt: 1153.07ms | tok/sec: 227,344 | mfu: 0.00 | epoch: 1 | total time: 2.49m
step 00140 (30.17%) | loss: 0.909939 | lrm: 1.00 | dt: 1155.06ms | tok/sec: 226,952 | mfu: 0.00 | epoch: 1 | total time: 2.50m
step 00141 (30.38%) | loss: 0.888046 | lrm: 1.00 | dt: 1158.34ms | tok/sec: 226,309 | mfu: 0.00 | epoch: 1 | total time: 2.52m
step 00142 (30.60%) | loss: 0.901708 | lrm: 1.00 | dt: 1153.54ms | tok/sec: 227,252 | mfu: 0.00 | epoch: 1 | total time: 2.54m
step 00143 (30.81%) | loss: 0.893838 | lrm: 1.00 | dt: 1155.07ms | tok/sec: 226,950 | mfu: 0.00 | epoch: 1 | total time: 2.56m
step 00144 (31.03%) | loss: 0.898133 | lrm: 1.00 | dt: 1159.29ms | tok/sec: 226,124 | mfu: 0.00 | epoch: 1 | total time: 2.58m
step 00145 (31.25%) | loss: 0.870063 | lrm: 1.00 | dt: 1154.78ms | tok/sec: 227,007 | mfu: 0.00 | epoch: 1 | total time: 2.60m
step 00146 (31.46%) | loss: 0.917376 | lrm: 1.00 | dt: 1152.74ms | tok/sec: 227,410 | mfu: 0.00 | epoch: 1 | total time: 2.62m
step 00147 (31.68%) | loss: 0.965509 | lrm: 1.00 | dt: 1154.73ms | tok/sec: 227,016 | mfu: 0.00 | epoch: 1 | total time: 2.64m
step 00148 (31.91%) | loss: 0.940894 | lrm: 1.00 | dt: 1152.46ms | tok/sec: 227,464 | mfu: 0.00 | epoch: 1 | total time: 2.66m
step 00149 (32.12%) | loss: 0.914773 | lrm: 1.00 | dt: 1154.57ms | tok/sec: 227,049 | mfu: 0.00 | epoch: 1 | total time: 2.68m
step 00150 (32.34%) | loss: 0.927314 | lrm: 1.00 | dt: 1153.86ms | tok/sec: 227,188 | mfu: 0.00 | epoch: 1 | total time: 2.70m
Step 00150 | Validation bpb: 1.9605
step 00151 (32.55%) | loss: 0.954072 | lrm: 1.00 | dt: 1166.26ms | tok/sec: 224,773 | mfu: 0.00 | epoch: 1 | total time: 2.72m
step 00152 (32.77%) | loss: 0.944210 | lrm: 1.00 | dt: 1158.32ms | tok/sec: 226,313 | mfu: 0.00 | epoch: 1 | total time: 2.74m
step 00153 (32.98%) | loss: 0.914873 | lrm: 1.00 | dt: 1156.21ms | tok/sec: 226,727 | mfu: 0.00 | epoch: 1 | total time: 2.76m
step 00154 (33.20%) | loss: 0.926636 | lrm: 1.00 | dt: 1156.35ms | tok/sec: 226,699 | mfu: 0.00 | epoch: 1 | total time: 2.77m
step 00155 (33.41%) | loss: 0.912749 | lrm: 1.00 | dt: 1154.41ms | tok/sec: 227,079 | mfu: 0.00 | epoch: 1 | total time: 2.79m
step 00156 (33.63%) | loss: 0.962272 | lrm: 1.00 | dt: 1154.89ms | tok/sec: 226,986 | mfu: 0.00 | epoch: 1 | total time: 2.81m
step 00157 (33.85%) | loss: 0.951790 | lrm: 1.00 | dt: 1154.59ms | tok/sec: 227,044 | mfu: 0.00 | epoch: 1 | total time: 2.83m
step 00158 (34.06%) | loss: 0.938920 | lrm: 1.00 | dt: 1151.34ms | tok/sec: 227,685 | mfu: 0.00 | epoch: 1 | total time: 2.85m
step 00159 (34.28%) | loss: 0.927517 | lrm: 1.00 | dt: 1156.46ms | tok/sec: 226,678 | mfu: 0.00 | epoch: 1 | total time: 2.87m
step 00160 (34.50%) | loss: 0.932846 | lrm: 1.00 | dt: 1155.83ms | tok/sec: 226,801 | mfu: 0.00 | epoch: 1 | total time: 2.89m
step 00161 (34.71%) | loss: 0.921178 | lrm: 1.00 | dt: 1153.00ms | tok/sec: 227,357 | mfu: 0.00 | epoch: 1 | total time: 2.91m
step 00162 (34.92%) | loss: 0.933354 | lrm: 1.00 | dt: 1157.54ms | tok/sec: 226,466 | mfu: 0.00 | epoch: 1 | total time: 2.93m
step 00163 (35.14%) | loss: 0.956936 | lrm: 1.00 | dt: 1154.73ms | tok/sec: 227,016 | mfu: 0.00 | epoch: 1 | total time: 2.95m
step 00164 (35.36%) | loss: 0.957369 | lrm: 1.00 | dt: 1153.97ms | tok/sec: 227,167 | mfu: 0.00 | epoch: 1 | total time: 2.97m
step 00165 (35.58%) | loss: 0.968366 | lrm: 1.00 | dt: 1159.49ms | tok/sec: 226,085 | mfu: 0.00 | epoch: 1 | total time: 2.99m
step 00166 (35.79%) | loss: 0.959064 | lrm: 1.00 | dt: 1158.11ms | tok/sec: 226,355 | mfu: 0.00 | epoch: 1 | total time: 3.01m
step 00167 (36.01%) | loss: 0.931257 | lrm: 1.00 | dt: 1156.10ms | tok/sec: 226,748 | mfu: 0.00 | epoch: 1 | total time: 3.02m
step 00168 (36.23%) | loss: 0.923230 | lrm: 1.00 | dt: 1155.91ms | tok/sec: 226,785 | mfu: 0.00 | epoch: 1 | total time: 3.04m
step 00169 (36.45%) | loss: 0.924705 | lrm: 1.00 | dt: 1158.57ms | tok/sec: 226,264 | mfu: 0.00 | epoch: 1 | total time: 3.06m
step 00170 (36.66%) | loss: 0.931352 | lrm: 1.00 | dt: 1157.11ms | tok/sec: 226,549 | mfu: 0.00 | epoch: 1 | total time: 3.08m
step 00171 (36.87%) | loss: 0.906953 | lrm: 1.00 | dt: 1155.52ms | tok/sec: 226,861 | mfu: 0.00 | epoch: 1 | total time: 3.10m
step 00172 (37.09%) | loss: 0.889707 | lrm: 1.00 | dt: 1152.01ms | tok/sec: 227,552 | mfu: 0.00 | epoch: 1 | total time: 3.12m
step 00173 (37.30%) | loss: 0.874965 | lrm: 1.00 | dt: 1152.15ms | tok/sec: 227,526 | mfu: 0.00 | epoch: 1 | total time: 3.14m
step 00174 (37.52%) | loss: 0.861900 | lrm: 1.00 | dt: 1156.42ms | tok/sec: 226,685 | mfu: 0.00 | epoch: 1 | total time: 3.16m
step 00175 (37.74%) | loss: 0.849823 | lrm: 1.00 | dt: 1153.00ms | tok/sec: 227,358 | mfu: 0.00 | epoch: 1 | total time: 3.18m
step 00176 (37.96%) | loss: 0.889134 | lrm: 1.00 | dt: 1151.41ms | tok/sec: 227,672 | mfu: 0.00 | epoch: 1 | total time: 3.20m
step 00177 (38.17%) | loss: 0.885605 | lrm: 1.00 | dt: 1153.20ms | tok/sec: 227,318 | mfu: 0.00 | epoch: 1 | total time: 3.22m
step 00178 (38.38%) | loss: 0.899732 | lrm: 1.00 | dt: 1159.50ms | tok/sec: 226,084 | mfu: 0.00 | epoch: 1 | total time: 3.24m
step 00179 (38.60%) | loss: 0.891285 | lrm: 1.00 | dt: 1157.94ms | tok/sec: 226,388 | mfu: 0.00 | epoch: 1 | total time: 3.26m
step 00180 (38.81%) | loss: 0.892789 | lrm: 1.00 | dt: 1161.00ms | tok/sec: 225,792 | mfu: 0.00 | epoch: 1 | total time: 3.28m
step 00181 (39.03%) | loss: 0.901542 | lrm: 1.00 | dt: 1156.40ms | tok/sec: 226,689 | mfu: 0.00 | epoch: 1 | total time: 3.29m
step 00182 (39.24%) | loss: 0.886200 | lrm: 1.00 | dt: 1155.88ms | tok/sec: 226,791 | mfu: 0.00 | epoch: 1 | total time: 3.31m
step 00183 (39.47%) | loss: 0.875985 | lrm: 1.00 | dt: 1155.35ms | tok/sec: 226,895 | mfu: 0.00 | epoch: 1 | total time: 3.33m
step 00184 (39.68%) | loss: 0.907089 | lrm: 1.00 | dt: 1154.39ms | tok/sec: 227,085 | mfu: 0.00 | epoch: 1 | total time: 3.35m
step 00185 (39.90%) | loss: 0.906138 | lrm: 1.00 | dt: 1157.14ms | tok/sec: 226,544 | mfu: 0.00 | epoch: 1 | total time: 3.37m
step 00186 (40.13%) | loss: 0.895126 | lrm: 1.00 | dt: 1155.98ms | tok/sec: 226,771 | mfu: 0.00 | epoch: 1 | total time: 3.39m
step 00187 (40.34%) | loss: 0.866671 | lrm: 1.00 | dt: 1155.38ms | tok/sec: 226,889 | mfu: 0.00 | epoch: 1 | total time: 3.41m
step 00188 (40.56%) | loss: 0.857200 | lrm: 1.00 | dt: 1158.36ms | tok/sec: 226,305 | mfu: 0.00 | epoch: 1 | total time: 3.43m
step 00189 (40.78%) | loss: 0.900579 | lrm: 1.00 | dt: 1155.31ms | tok/sec: 226,904 | mfu: 0.00 | epoch: 1 | total time: 3.45m
step 00190 (41.00%) | loss: 0.902493 | lrm: 1.00 | dt: 1152.69ms | tok/sec: 227,419 | mfu: 0.00 | epoch: 1 | total time: 3.47m
step 00191 (41.21%) | loss: 0.867540 | lrm: 1.00 | dt: 1157.05ms | tok/sec: 226,563 | mfu: 0.00 | epoch: 1 | total time: 3.49m
step 00192 (41.43%) | loss: 0.887068 | lrm: 1.00 | dt: 1156.91ms | tok/sec: 226,588 | mfu: 0.00 | epoch: 1 | total time: 3.51m
step 00193 (41.65%) | loss: 0.893837 | lrm: 1.00 | dt: 1152.24ms | tok/sec: 227,508 | mfu: 0.00 | epoch: 1 | total time: 3.53m
step 00194 (41.86%) | loss: 0.903067 | lrm: 1.00 | dt: 1153.69ms | tok/sec: 227,221 | mfu: 0.00 | epoch: 1 | total time: 3.54m
step 00195 (42.08%) | loss: 0.923044 | lrm: 1.00 | dt: 1153.75ms | tok/sec: 227,209 | mfu: 0.00 | epoch: 1 | total time: 3.56m
step 00196 (42.29%) | loss: 0.908849 | lrm: 1.00 | dt: 1153.14ms | tok/sec: 227,330 | mfu: 0.00 | epoch: 1 | total time: 3.58m
step 00197 (42.50%) | loss: 0.906190 | lrm: 1.00 | dt: 1154.92ms | tok/sec: 226,979 | mfu: 0.00 | epoch: 1 | total time: 3.60m
step 00198 (42.72%) | loss: 0.907472 | lrm: 1.00 | dt: 1155.17ms | tok/sec: 226,930 | mfu: 0.00 | epoch: 1 | total time: 3.62m
step 00199 (42.93%) | loss: 0.905500 | lrm: 1.00 | dt: 1154.18ms | tok/sec: 227,126 | mfu: 0.00 | epoch: 1 | total time: 3.64m
step 00200 (43.16%) | loss: 0.886258 | lrm: 1.00 | dt: 1156.85ms | tok/sec: 226,601 | mfu: 0.00 | epoch: 1 | total time: 3.66m
Step 00200 | Validation bpb: 2.1613
step 00201 (43.37%) | loss: 0.910725 | lrm: 1.00 | dt: 1169.73ms | tok/sec: 224,105 | mfu: 0.00 | epoch: 1 | total time: 3.68m
step 00202 (43.59%) | loss: 0.885233 | lrm: 1.00 | dt: 1158.33ms | tok/sec: 226,312 | mfu: 0.00 | epoch: 1 | total time: 3.70m
step 00203 (43.81%) | loss: 0.860159 | lrm: 1.00 | dt: 1154.74ms | tok/sec: 227,016 | mfu: 0.00 | epoch: 1 | total time: 3.72m
step 00204 (44.02%) | loss: 0.822079 | lrm: 1.00 | dt: 1159.79ms | tok/sec: 226,026 | mfu: 0.00 | epoch: 1 | total time: 3.74m
step 00205 (44.24%) | loss: 0.835051 | lrm: 1.00 | dt: 1154.60ms | tok/sec: 227,042 | mfu: 0.00 | epoch: 1 | total time: 3.76m
step 00206 (44.45%) | loss: 0.812185 | lrm: 1.00 | dt: 1154.46ms | tok/sec: 227,070 | mfu: 0.00 | epoch: 1 | total time: 3.78m
step 00207 (44.68%) | loss: 0.801555 | lrm: 1.00 | dt: 1156.86ms | tok/sec: 226,600 | mfu: 0.00 | epoch: 1 | total time: 3.80m
step 00208 (44.89%) | loss: 0.793945 | lrm: 1.00 | dt: 1155.63ms | tok/sec: 226,840 | mfu: 0.00 | epoch: 1 | total time: 3.81m
step 00209 (45.11%) | loss: 0.792480 | lrm: 1.00 | dt: 1155.33ms | tok/sec: 226,900 | mfu: 0.00 | epoch: 1 | total time: 3.83m
step 00210 (45.32%) | loss: 0.788451 | lrm: 1.00 | dt: 1157.71ms | tok/sec: 226,433 | mfu: 0.00 | epoch: 1 | total time: 3.85m
step 00211 (45.53%) | loss: 0.831814 | lrm: 1.00 | dt: 1159.75ms | tok/sec: 226,035 | mfu: 0.00 | epoch: 1 | total time: 3.87m
step 00212 (45.74%) | loss: 0.849281 | lrm: 1.00 | dt: 1152.15ms | tok/sec: 227,526 | mfu: 0.00 | epoch: 1 | total time: 3.89m
step 00213 (45.96%) | loss: 0.822297 | lrm: 1.00 | dt: 1157.64ms | tok/sec: 226,447 | mfu: 0.00 | epoch: 1 | total time: 3.91m
step 00214 (46.18%) | loss: 0.814577 | lrm: 1.00 | dt: 1156.48ms | tok/sec: 226,673 | mfu: 0.00 | epoch: 1 | total time: 3.93m
step 00215 (46.39%) | loss: 0.796134 | lrm: 1.00 | dt: 1153.25ms | tok/sec: 227,308 | mfu: 0.00 | epoch: 1 | total time: 3.95m
step 00216 (46.60%) | loss: 0.787597 | lrm: 1.00 | dt: 1160.69ms | tok/sec: 225,851 | mfu: 0.00 | epoch: 1 | total time: 3.97m
step 00217 (46.82%) | loss: 0.825666 | lrm: 1.00 | dt: 1156.13ms | tok/sec: 226,741 | mfu: 0.00 | epoch: 1 | total time: 3.99m
step 00218 (47.04%) | loss: 0.826546 | lrm: 1.00 | dt: 1158.71ms | tok/sec: 226,238 | mfu: 0.00 | epoch: 1 | total time: 4.01m
step 00219 (47.25%) | loss: 0.821290 | lrm: 1.00 | dt: 1161.88ms | tok/sec: 225,620 | mfu: 0.00 | epoch: 1 | total time: 4.03m
step 00220 (47.46%) | loss: 0.814863 | lrm: 1.00 | dt: 1155.67ms | tok/sec: 226,833 | mfu: 0.00 | epoch: 1 | total time: 4.05m
step 00221 (47.68%) | loss: 0.821119 | lrm: 1.00 | dt: 1156.93ms | tok/sec: 226,585 | mfu: 0.00 | epoch: 1 | total time: 4.07m
step 00222 (47.90%) | loss: 0.849836 | lrm: 1.00 | dt: 1153.84ms | tok/sec: 227,192 | mfu: 0.00 | epoch: 1 | total time: 4.08m
step 00223 (48.11%) | loss: 0.837410 | lrm: 1.00 | dt: 1159.59ms | tok/sec: 226,065 | mfu: 0.00 | epoch: 1 | total time: 4.10m
step 00224 (48.33%) | loss: 0.828707 | lrm: 1.00 | dt: 1159.70ms | tok/sec: 226,045 | mfu: 0.00 | epoch: 1 | total time: 4.12m
step 00225 (48.55%) | loss: 0.814414 | lrm: 1.00 | dt: 1153.91ms | tok/sec: 227,179 | mfu: 0.00 | epoch: 1 | total time: 4.14m
step 00226 (48.76%) | loss: 0.876827 | lrm: 1.00 | dt: 1157.72ms | tok/sec: 226,431 | mfu: 0.00 | epoch: 1 | total time: 4.16m
step 00227 (48.97%) | loss: 0.879025 | lrm: 1.00 | dt: 1152.47ms | tok/sec: 227,462 | mfu: 0.00 | epoch: 1 | total time: 4.18m
step 00228 (49.19%) | loss: 0.871963 | lrm: 1.00 | dt: 1155.77ms | tok/sec: 226,813 | mfu: 0.00 | epoch: 1 | total time: 4.20m
step 00229 (49.40%) | loss: 0.863514 | lrm: 1.00 | dt: 1154.30ms | tok/sec: 227,102 | mfu: 0.00 | epoch: 1 | total time: 4.22m
step 00230 (49.62%) | loss: 0.858077 | lrm: 1.00 | dt: 1151.88ms | tok/sec: 227,579 | mfu: 0.00 | epoch: 1 | total time: 4.24m
step 00231 (49.84%) | loss: 0.842388 | lrm: 1.00 | dt: 1157.35ms | tok/sec: 226,504 | mfu: 0.00 | epoch: 1 | total time: 4.26m
step 00232 (50.05%) | loss: 0.892410 | lrm: 1.00 | dt: 1155.62ms | tok/sec: 226,841 | mfu: 0.00 | epoch: 1 | total time: 4.28m
step 00233 (50.27%) | loss: 0.895186 | lrm: 0.99 | dt: 1159.03ms | tok/sec: 226,175 | mfu: 0.00 | epoch: 1 | total time: 4.30m
step 00234 (50.49%) | loss: 0.898824 | lrm: 0.99 | dt: 1155.82ms | tok/sec: 226,802 | mfu: 0.00 | epoch: 1 | total time: 4.32m
step 00235 (50.71%) | loss: 0.872694 | lrm: 0.99 | dt: 1157.36ms | tok/sec: 226,501 | mfu: 0.00 | epoch: 1 | total time: 4.34m
step 00236 (50.92%) | loss: 0.839054 | lrm: 0.98 | dt: 1155.58ms | tok/sec: 226,849 | mfu: 0.00 | epoch: 1 | total time: 4.35m
step 00237 (51.14%) | loss: 0.819140 | lrm: 0.98 | dt: 1152.85ms | tok/sec: 227,388 | mfu: 0.00 | epoch: 1 | total time: 4.37m
step 00238 (51.35%) | loss: 0.798936 | lrm: 0.97 | dt: 1156.96ms | tok/sec: 226,580 | mfu: 0.00 | epoch: 1 | total time: 4.39m
step 00239 (51.57%) | loss: 0.810366 | lrm: 0.97 | dt: 1155.57ms | tok/sec: 226,851 | mfu: 0.00 | epoch: 1 | total time: 4.41m
step 00240 (51.79%) | loss: 0.823860 | lrm: 0.96 | dt: 1154.59ms | tok/sec: 227,046 | mfu: 0.00 | epoch: 1 | total time: 4.43m
step 00241 (52.00%) | loss: 0.842393 | lrm: 0.96 | dt: 1155.97ms | tok/sec: 226,775 | mfu: 0.00 | epoch: 1 | total time: 4.45m
step 00242 (52.22%) | loss: 0.836787 | lrm: 0.96 | dt: 1155.27ms | tok/sec: 226,911 | mfu: 0.00 | epoch: 1 | total time: 4.47m
step 00243 (52.43%) | loss: 0.870097 | lrm: 0.95 | dt: 1155.93ms | tok/sec: 226,781 | mfu: 0.00 | epoch: 1 | total time: 4.49m
step 00244 (52.64%) | loss: 0.861163 | lrm: 0.95 | dt: 1154.72ms | tok/sec: 227,020 | mfu: 0.00 | epoch: 1 | total time: 4.51m
step 00245 (52.86%) | loss: 0.878782 | lrm: 0.94 | dt: 1154.44ms | tok/sec: 227,074 | mfu: 0.00 | epoch: 1 | total time: 4.53m
step 00246 (53.07%) | loss: 0.852968 | lrm: 0.94 | dt: 1157.58ms | tok/sec: 226,458 | mfu: 0.00 | epoch: 1 | total time: 4.55m
step 00247 (53.29%) | loss: 0.816270 | lrm: 0.93 | dt: 1154.75ms | tok/sec: 227,014 | mfu: 0.00 | epoch: 1 | total time: 4.57m
step 00248 (53.50%) | loss: 0.841803 | lrm: 0.93 | dt: 1155.68ms | tok/sec: 226,830 | mfu: 0.00 | epoch: 1 | total time: 4.59m
step 00249 (53.72%) | loss: 0.884869 | lrm: 0.93 | dt: 1156.58ms | tok/sec: 226,655 | mfu: 0.00 | epoch: 1 | total time: 4.60m
step 00250 (53.94%) | loss: 0.876469 | lrm: 0.92 | dt: 1155.17ms | tok/sec: 226,931 | mfu: 0.00 | epoch: 1 | total time: 4.62m
Step 00250 | Validation bpb: 2.2142
step 00251 (54.16%) | loss: 0.862058 | lrm: 0.92 | dt: 1164.51ms | tok/sec: 225,111 | mfu: 0.00 | epoch: 1 | total time: 4.64m
step 00252 (54.37%) | loss: 0.877161 | lrm: 0.91 | dt: 1155.41ms | tok/sec: 226,883 | mfu: 0.00 | epoch: 1 | total time: 4.66m
step 00253 (54.59%) | loss: 0.886994 | lrm: 0.91 | dt: 1155.77ms | tok/sec: 226,813 | mfu: 0.00 | epoch: 1 | total time: 4.68m
step 00254 (54.80%) | loss: 0.886771 | lrm: 0.90 | dt: 1155.87ms | tok/sec: 226,794 | mfu: 0.00 | epoch: 1 | total time: 4.70m
step 00255 (55.02%) | loss: 0.855241 | lrm: 0.90 | dt: 1151.34ms | tok/sec: 227,686 | mfu: 0.00 | epoch: 1 | total time: 4.72m
step 00256 (55.23%) | loss: 0.832918 | lrm: 0.90 | dt: 1155.63ms | tok/sec: 226,841 | mfu: 0.00 | epoch: 1 | total time: 4.74m
step 00257 (55.45%) | loss: 0.846008 | lrm: 0.89 | dt: 1154.90ms | tok/sec: 226,984 | mfu: 0.00 | epoch: 1 | total time: 4.76m
step 00258 (55.67%) | loss: 0.849391 | lrm: 0.89 | dt: 1157.51ms | tok/sec: 226,473 | mfu: 0.00 | epoch: 1 | total time: 4.78m
step 00259 (55.88%) | loss: 0.857844 | lrm: 0.88 | dt: 1152.48ms | tok/sec: 227,461 | mfu: 0.00 | epoch: 1 | total time: 4.80m
step 00260 (56.09%) | loss: 0.843795 | lrm: 0.88 | dt: 1157.54ms | tok/sec: 226,466 | mfu: 0.00 | epoch: 1 | total time: 4.82m
step 00261 (56.31%) | loss: 0.825226 | lrm: 0.87 | dt: 1156.18ms | tok/sec: 226,733 | mfu: 0.00 | epoch: 1 | total time: 4.84m
step 00262 (56.53%) | loss: 0.815299 | lrm: 0.87 | dt: 1156.27ms | tok/sec: 226,715 | mfu: 0.00 | epoch: 1 | total time: 4.86m
step 00263 (56.74%) | loss: 0.803383 | lrm: 0.87 | dt: 1155.12ms | tok/sec: 226,941 | mfu: 0.00 | epoch: 1 | total time: 4.87m
step 00264 (56.96%) | loss: 0.806807 | lrm: 0.86 | dt: 1153.59ms | tok/sec: 227,242 | mfu: 0.00 | epoch: 1 | total time: 4.89m
step 00265 (57.17%) | loss: 0.783229 | lrm: 0.86 | dt: 1156.04ms | tok/sec: 226,760 | mfu: 0.00 | epoch: 1 | total time: 4.91m
step 00266 (57.38%) | loss: 0.801422 | lrm: 0.85 | dt: 1160.26ms | tok/sec: 225,935 | mfu: 0.00 | epoch: 1 | total time: 4.93m
step 00267 (57.60%) | loss: 0.857688 | lrm: 0.85 | dt: 1153.41ms | tok/sec: 227,276 | mfu: 0.00 | epoch: 1 | total time: 4.95m
step 00268 (57.82%) | loss: 0.849564 | lrm: 0.84 | dt: 1153.92ms | tok/sec: 227,177 | mfu: 0.00 | epoch: 1 | total time: 4.97m
step 00269 (58.03%) | loss: 0.859636 | lrm: 0.84 | dt: 1159.59ms | tok/sec: 226,066 | mfu: 0.00 | epoch: 1 | total time: 4.99m
step 00270 (58.25%) | loss: 0.859694 | lrm: 0.83 | dt: 1152.70ms | tok/sec: 227,416 | mfu: 0.00 | epoch: 1 | total time: 5.01m
step 00271 (58.46%) | loss: 0.855132 | lrm: 0.83 | dt: 1160.49ms | tok/sec: 225,890 | mfu: 0.00 | epoch: 1 | total time: 5.03m
step 00272 (58.68%) | loss: 0.872546 | lrm: 0.83 | dt: 1159.90ms | tok/sec: 226,004 | mfu: 0.00 | epoch: 1 | total time: 5.05m
step 00273 (58.89%) | loss: 0.871502 | lrm: 0.82 | dt: 1153.81ms | tok/sec: 227,197 | mfu: 0.00 | epoch: 1 | total time: 5.07m
step 00274 (59.11%) | loss: 0.842845 | lrm: 0.82 | dt: 1157.91ms | tok/sec: 226,393 | mfu: 0.00 | epoch: 1 | total time: 5.09m
step 00275 (59.32%) | loss: 0.831698 | lrm: 0.81 | dt: 1155.77ms | tok/sec: 226,813 | mfu: 0.00 | epoch: 1 | total time: 5.11m
step 00276 (59.54%) | loss: 0.835885 | lrm: 0.81 | dt: 1157.41ms | tok/sec: 226,491 | mfu: 0.00 | epoch: 1 | total time: 5.13m
step 00277 (59.76%) | loss: 0.831349 | lrm: 0.80 | dt: 1158.90ms | tok/sec: 226,200 | mfu: 0.00 | epoch: 1 | total time: 5.14m
step 00278 (59.98%) | loss: 0.833995 | lrm: 0.80 | dt: 1155.35ms | tok/sec: 226,895 | mfu: 0.00 | epoch: 1 | total time: 5.16m
step 00279 (60.20%) | loss: 0.805594 | lrm: 0.80 | dt: 1157.50ms | tok/sec: 226,473 | mfu: 0.00 | epoch: 1 | total time: 5.18m
step 00280 (60.41%) | loss: 0.804167 | lrm: 0.79 | dt: 1156.97ms | tok/sec: 226,579 | mfu: 0.00 | epoch: 1 | total time: 5.20m
step 00281 (60.63%) | loss: 0.786980 | lrm: 0.79 | dt: 1155.70ms | tok/sec: 226,827 | mfu: 0.00 | epoch: 1 | total time: 5.22m
step 00282 (60.84%) | loss: 0.805177 | lrm: 0.78 | dt: 1158.12ms | tok/sec: 226,352 | mfu: 0.00 | epoch: 1 | total time: 5.24m
step 00283 (61.06%) | loss: 0.846228 | lrm: 0.78 | dt: 1158.12ms | tok/sec: 226,352 | mfu: 0.00 | epoch: 1 | total time: 5.26m
step 00284 (61.28%) | loss: 0.846438 | lrm: 0.77 | dt: 1158.56ms | tok/sec: 226,266 | mfu: 0.00 | epoch: 1 | total time: 5.28m
step 00285 (61.49%) | loss: 0.807642 | lrm: 0.77 | dt: 1159.74ms | tok/sec: 226,037 | mfu: 0.00 | epoch: 1 | total time: 5.30m
step 00286 (61.70%) | loss: 0.789756 | lrm: 0.77 | dt: 1158.21ms | tok/sec: 226,334 | mfu: 0.00 | epoch: 1 | total time: 5.32m
step 00287 (61.92%) | loss: 0.791386 | lrm: 0.76 | dt: 1156.92ms | tok/sec: 226,587 | mfu: 0.00 | epoch: 1 | total time: 5.34m
step 00288 (62.13%) | loss: 0.767063 | lrm: 0.76 | dt: 1160.47ms | tok/sec: 225,895 | mfu: 0.00 | epoch: 1 | total time: 5.36m
step 00289 (62.34%) | loss: 0.766917 | lrm: 0.75 | dt: 1157.07ms | tok/sec: 226,557 | mfu: 0.00 | epoch: 1 | total time: 5.38m
step 00290 (62.55%) | loss: 0.763849 | lrm: 0.75 | dt: 1157.88ms | tok/sec: 226,400 | mfu: 0.00 | epoch: 1 | total time: 5.40m
step 00291 (62.76%) | loss: 0.741238 | lrm: 0.74 | dt: 1159.69ms | tok/sec: 226,047 | mfu: 0.00 | epoch: 1 | total time: 5.41m
step 00292 (62.97%) | loss: 0.753519 | lrm: 0.74 | dt: 1161.11ms | tok/sec: 225,769 | mfu: 0.00 | epoch: 1 | total time: 5.43m
step 00293 (63.19%) | loss: 0.773087 | lrm: 0.74 | dt: 1158.73ms | tok/sec: 226,233 | mfu: 0.00 | epoch: 1 | total time: 5.45m
step 00294 (63.40%) | loss: 0.804663 | lrm: 0.73 | dt: 1158.07ms | tok/sec: 226,362 | mfu: 0.00 | epoch: 1 | total time: 5.47m
step 00295 (63.61%) | loss: 0.779242 | lrm: 0.73 | dt: 1162.56ms | tok/sec: 225,488 | mfu: 0.00 | epoch: 1 | total time: 5.49m
step 00296 (63.83%) | loss: 0.759981 | lrm: 0.72 | dt: 1158.18ms | tok/sec: 226,340 | mfu: 0.00 | epoch: 1 | total time: 5.51m
step 00297 (64.04%) | loss: 0.762512 | lrm: 0.72 | dt: 1158.79ms | tok/sec: 226,222 | mfu: 0.00 | epoch: 1 | total time: 5.53m
step 00298 (64.26%) | loss: 0.764168 | lrm: 0.71 | dt: 1159.38ms | tok/sec: 226,106 | mfu: 0.00 | epoch: 1 | total time: 5.55m
step 00299 (64.48%) | loss: 0.757500 | lrm: 0.71 | dt: 1160.37ms | tok/sec: 225,914 | mfu: 0.00 | epoch: 1 | total time: 5.57m
step 00300 (64.70%) | loss: 0.742183 | lrm: 0.71 | dt: 1158.79ms | tok/sec: 226,223 | mfu: 0.00 | epoch: 1 | total time: 5.59m
Step 00300 | Validation bpb: 2.3794
step 00301 (64.91%) | loss: 0.753741 | lrm: 0.70 | dt: 1168.84ms | tok/sec: 224,276 | mfu: 0.00 | epoch: 1 | total time: 5.61m
step 00302 (65.12%) | loss: 0.736330 | lrm: 0.70 | dt: 1157.77ms | tok/sec: 226,421 | mfu: 0.00 | epoch: 1 | total time: 5.63m
step 00303 (65.34%) | loss: 0.707519 | lrm: 0.69 | dt: 1161.54ms | tok/sec: 225,686 | mfu: 0.00 | epoch: 1 | total time: 5.65m
step 00304 (65.55%) | loss: 0.691799 | lrm: 0.69 | dt: 1160.53ms | tok/sec: 225,883 | mfu: 0.00 | epoch: 1 | total time: 5.67m
step 00305 (65.77%) | loss: 0.688636 | lrm: 0.68 | dt: 1160.11ms | tok/sec: 225,964 | mfu: 0.00 | epoch: 1 | total time: 5.69m
step 00306 (65.99%) | loss: 0.664923 | lrm: 0.68 | dt: 1158.81ms | tok/sec: 226,218 | mfu: 0.00 | epoch: 1 | total time: 5.70m
step 00307 (66.21%) | loss: 0.657077 | lrm: 0.68 | dt: 1162.88ms | tok/sec: 225,425 | mfu: 0.00 | epoch: 1 | total time: 5.72m
step 00308 (66.42%) | loss: 0.650702 | lrm: 0.67 | dt: 1159.90ms | tok/sec: 226,006 | mfu: 0.00 | epoch: 1 | total time: 5.74m
step 00309 (66.64%) | loss: 0.629049 | lrm: 0.67 | dt: 1161.96ms | tok/sec: 225,605 | mfu: 0.00 | epoch: 1 | total time: 5.76m
step 00310 (66.85%) | loss: 0.616705 | lrm: 0.66 | dt: 1160.15ms | tok/sec: 225,956 | mfu: 0.00 | epoch: 1 | total time: 5.78m
step 00311 (67.07%) | loss: 0.662422 | lrm: 0.66 | dt: 1159.05ms | tok/sec: 226,171 | mfu: 0.00 | epoch: 1 | total time: 5.80m
step 00312 (67.29%) | loss: 0.657072 | lrm: 0.65 | dt: 1159.92ms | tok/sec: 226,002 | mfu: 0.00 | epoch: 1 | total time: 5.82m
step 00313 (67.50%) | loss: 0.652604 | lrm: 0.65 | dt: 1158.44ms | tok/sec: 226,290 | mfu: 0.00 | epoch: 1 | total time: 5.84m
step 00314 (67.72%) | loss: 0.736442 | lrm: 0.65 | dt: 1164.02ms | tok/sec: 225,206 | mfu: 0.00 | epoch: 1 | total time: 5.86m
step 00315 (67.94%) | loss: 0.758070 | lrm: 0.64 | dt: 1161.15ms | tok/sec: 225,762 | mfu: 0.00 | epoch: 1 | total time: 5.88m
step 00316 (68.16%) | loss: 0.745387 | lrm: 0.64 | dt: 1160.23ms | tok/sec: 225,942 | mfu: 0.00 | epoch: 1 | total time: 5.90m
step 00317 (68.37%) | loss: 0.731198 | lrm: 0.63 | dt: 1159.76ms | tok/sec: 226,032 | mfu: 0.00 | epoch: 1 | total time: 5.92m
step 00318 (68.59%) | loss: 0.718365 | lrm: 0.63 | dt: 1161.32ms | tok/sec: 225,729 | mfu: 0.00 | epoch: 1 | total time: 5.94m
step 00319 (68.81%) | loss: 0.732449 | lrm: 0.62 | dt: 1159.56ms | tok/sec: 226,072 | mfu: 0.00 | epoch: 1 | total time: 5.96m
step 00320 (69.03%) | loss: 0.718300 | lrm: 0.62 | dt: 1160.84ms | tok/sec: 225,822 | mfu: 0.00 | epoch: 1 | total time: 5.98m
step 00321 (69.24%) | loss: 0.721638 | lrm: 0.62 | dt: 1161.13ms | tok/sec: 225,766 | mfu: 0.00 | epoch: 1 | total time: 5.99m
step 00322 (69.46%) | loss: 0.724755 | lrm: 0.61 | dt: 1157.17ms | tok/sec: 226,539 | mfu: 0.00 | epoch: 1 | total time: 6.01m
step 00323 (69.68%) | loss: 0.728623 | lrm: 0.61 | dt: 1159.98ms | tok/sec: 225,990 | mfu: 0.00 | epoch: 1 | total time: 6.03m
step 00324 (69.90%) | loss: 0.752531 | lrm: 0.60 | dt: 1159.84ms | tok/sec: 226,017 | mfu: 0.00 | epoch: 1 | total time: 6.05m
step 00325 (70.11%) | loss: 0.737400 | lrm: 0.60 | dt: 1162.93ms | tok/sec: 225,416 | mfu: 0.00 | epoch: 1 | total time: 6.07m
step 00326 (70.33%) | loss: 0.749887 | lrm: 0.59 | dt: 1161.20ms | tok/sec: 225,752 | mfu: 0.00 | epoch: 1 | total time: 6.09m
step 00327 (70.53%) | loss: 0.733006 | lrm: 0.59 | dt: 1158.83ms | tok/sec: 226,213 | mfu: 0.00 | epoch: 1 | total time: 6.11m
step 00328 (70.75%) | loss: 0.715604 | lrm: 0.59 | dt: 1161.18ms | tok/sec: 225,755 | mfu: 0.00 | epoch: 1 | total time: 6.13m
step 00329 (70.97%) | loss: 0.716503 | lrm: 0.58 | dt: 1163.41ms | tok/sec: 225,324 | mfu: 0.00 | epoch: 1 | total time: 6.15m
step 00330 (71.19%) | loss: 0.689137 | lrm: 0.58 | dt: 1162.14ms | tok/sec: 225,569 | mfu: 0.00 | epoch: 1 | total time: 6.17m
step 00331 (71.40%) | loss: 0.697180 | lrm: 0.57 | dt: 1162.02ms | tok/sec: 225,592 | mfu: 0.00 | epoch: 1 | total time: 6.19m
step 00332 (71.62%) | loss: 0.686786 | lrm: 0.57 | dt: 1161.16ms | tok/sec: 225,760 | mfu: 0.00 | epoch: 1 | total time: 6.21m
step 00333 (71.83%) | loss: 0.676664 | lrm: 0.56 | dt: 1159.41ms | tok/sec: 226,100 | mfu: 0.00 | epoch: 1 | total time: 6.23m
step 00334 (72.05%) | loss: 0.669728 | lrm: 0.56 | dt: 1164.82ms | tok/sec: 225,050 | mfu: 0.00 | epoch: 1 | total time: 6.25m
step 00335 (72.26%) | loss: 0.695966 | lrm: 0.55 | dt: 1163.80ms | tok/sec: 225,247 | mfu: 0.00 | epoch: 1 | total time: 6.27m
step 00336 (72.48%) | loss: 0.685081 | lrm: 0.55 | dt: 1156.32ms | tok/sec: 226,705 | mfu: 0.00 | epoch: 1 | total time: 6.29m
step 00337 (72.69%) | loss: 0.682564 | lrm: 0.55 | dt: 1161.76ms | tok/sec: 225,644 | mfu: 0.00 | epoch: 1 | total time: 6.30m
step 00338 (72.91%) | loss: 0.668888 | lrm: 0.54 | dt: 1162.92ms | tok/sec: 225,419 | mfu: 0.00 | epoch: 1 | total time: 6.32m
step 00339 (73.13%) | loss: 0.699037 | lrm: 0.54 | dt: 1163.31ms | tok/sec: 225,343 | mfu: 0.00 | epoch: 1 | total time: 6.34m
step 00340 (73.35%) | loss: 0.699946 | lrm: 0.53 | dt: 1160.51ms | tok/sec: 225,886 | mfu: 0.00 | epoch: 1 | total time: 6.36m
step 00341 (73.56%) | loss: 0.691425 | lrm: 0.53 | dt: 1162.95ms | tok/sec: 225,413 | mfu: 0.00 | epoch: 1 | total time: 6.38m
step 00342 (73.78%) | loss: 0.682826 | lrm: 0.52 | dt: 1160.71ms | tok/sec: 225,847 | mfu: 0.00 | epoch: 1 | total time: 6.40m
step 00343 (74.00%) | loss: 0.664001 | lrm: 0.52 | dt: 1162.98ms | tok/sec: 225,407 | mfu: 0.00 | epoch: 1 | total time: 6.42m
step 00344 (74.22%) | loss: 0.664864 | lrm: 0.52 | dt: 1161.33ms | tok/sec: 225,727 | mfu: 0.00 | epoch: 1 | total time: 6.44m
step 00345 (74.43%) | loss: 0.658489 | lrm: 0.51 | dt: 1162.10ms | tok/sec: 225,577 | mfu: 0.00 | epoch: 1 | total time: 6.46m
step 00346 (74.64%) | loss: 0.667919 | lrm: 0.51 | dt: 1161.49ms | tok/sec: 225,695 | mfu: 0.00 | epoch: 1 | total time: 6.48m
step 00347 (74.86%) | loss: 0.660285 | lrm: 0.50 | dt: 1160.41ms | tok/sec: 225,907 | mfu: 0.00 | epoch: 1 | total time: 6.50m
step 00348 (75.07%) | loss: 0.640958 | lrm: 0.50 | dt: 1163.95ms | tok/sec: 225,220 | mfu: 0.00 | epoch: 1 | total time: 6.52m
step 00349 (75.29%) | loss: 0.635805 | lrm: 0.49 | dt: 1158.46ms | tok/sec: 226,286 | mfu: 0.00 | epoch: 1 | total time: 6.54m
step 00350 (75.51%) | loss: 0.612472 | lrm: 0.49 | dt: 1161.05ms | tok/sec: 225,782 | mfu: 0.00 | epoch: 1 | total time: 6.56m
Step 00350 | Validation bpb: 2.5042
step 00351 (75.72%) | loss: 0.589312 | lrm: 0.49 | dt: 1174.01ms | tok/sec: 223,288 | mfu: 0.00 | epoch: 1 | total time: 6.58m
step 00352 (75.94%) | loss: 0.591127 | lrm: 0.48 | dt: 1164.31ms | tok/sec: 225,149 | mfu: 0.00 | epoch: 1 | total time: 6.60m
step 00353 (76.16%) | loss: 0.602459 | lrm: 0.48 | dt: 1158.40ms | tok/sec: 226,298 | mfu: 0.00 | epoch: 1 | total time: 6.61m
step 00354 (76.38%) | loss: 0.677640 | lrm: 0.47 | dt: 1166.74ms | tok/sec: 224,679 | mfu: 0.00 | epoch: 1 | total time: 6.63m
step 00355 (76.59%) | loss: 0.671182 | lrm: 0.47 | dt: 1161.47ms | tok/sec: 225,699 | mfu: 0.00 | epoch: 1 | total time: 6.65m
step 00356 (76.80%) | loss: 0.699242 | lrm: 0.46 | dt: 1161.47ms | tok/sec: 225,700 | mfu: 0.00 | epoch: 1 | total time: 6.67m
step 00357 (77.02%) | loss: 0.698809 | lrm: 0.46 | dt: 1157.36ms | tok/sec: 226,500 | mfu: 0.00 | epoch: 1 | total time: 6.69m
step 00358 (77.23%) | loss: 0.691923 | lrm: 0.46 | dt: 1161.98ms | tok/sec: 225,600 | mfu: 0.00 | epoch: 1 | total time: 6.71m
step 00359 (77.45%) | loss: 0.682294 | lrm: 0.45 | dt: 1163.41ms | tok/sec: 225,323 | mfu: 0.00 | epoch: 1 | total time: 6.73m
step 00360 (77.66%) | loss: 0.655430 | lrm: 0.45 | dt: 1163.65ms | tok/sec: 225,278 | mfu: 0.00 | epoch: 1 | total time: 6.75m
step 00361 (77.87%) | loss: 0.640610 | lrm: 0.44 | dt: 1162.46ms | tok/sec: 225,507 | mfu: 0.00 | epoch: 1 | total time: 6.77m
step 00362 (78.09%) | loss: 0.647925 | lrm: 0.44 | dt: 1160.46ms | tok/sec: 225,897 | mfu: 0.00 | epoch: 1 | total time: 6.79m
step 00363 (78.31%) | loss: 0.658074 | lrm: 0.43 | dt: 1162.87ms | tok/sec: 225,429 | mfu: 0.00 | epoch: 1 | total time: 6.81m
step 00364 (78.52%) | loss: 0.643538 | lrm: 0.43 | dt: 1163.30ms | tok/sec: 225,345 | mfu: 0.00 | epoch: 1 | total time: 6.83m
step 00365 (78.73%) | loss: 0.640182 | lrm: 0.43 | dt: 1164.72ms | tok/sec: 225,069 | mfu: 0.00 | epoch: 1 | total time: 6.85m
step 00366 (78.94%) | loss: 0.636573 | lrm: 0.42 | dt: 1159.71ms | tok/sec: 226,042 | mfu: 0.00 | epoch: 1 | total time: 6.87m
step 00367 (79.16%) | loss: 0.615780 | lrm: 0.42 | dt: 1162.00ms | tok/sec: 225,598 | mfu: 0.00 | epoch: 1 | total time: 6.89m
step 00368 (79.37%) | loss: 0.600281 | lrm: 0.41 | dt: 1166.00ms | tok/sec: 224,823 | mfu: 0.00 | epoch: 1 | total time: 6.91m
step 00369 (79.58%) | loss: 0.590236 | lrm: 0.41 | dt: 1161.78ms | tok/sec: 225,639 | mfu: 0.00 | epoch: 1 | total time: 6.92m
step 00370 (79.79%) | loss: 0.600677 | lrm: 0.40 | dt: 1164.25ms | tok/sec: 225,160 | mfu: 0.00 | epoch: 1 | total time: 6.94m
step 00371 (80.01%) | loss: 0.635502 | lrm: 0.40 | dt: 1164.55ms | tok/sec: 225,102 | mfu: 0.00 | epoch: 1 | total time: 6.96m
step 00372 (80.22%) | loss: 0.623925 | lrm: 0.40 | dt: 1163.66ms | tok/sec: 225,275 | mfu: 0.00 | epoch: 1 | total time: 6.98m
step 00373 (80.43%) | loss: 0.601616 | lrm: 0.39 | dt: 1161.63ms | tok/sec: 225,668 | mfu: 0.00 | epoch: 1 | total time: 7.00m
step 00374 (80.64%) | loss: 0.587253 | lrm: 0.39 | dt: 1163.04ms | tok/sec: 225,394 | mfu: 0.00 | epoch: 1 | total time: 7.02m
step 00375 (80.86%) | loss: 0.573204 | lrm: 0.38 | dt: 1163.20ms | tok/sec: 225,364 | mfu: 0.00 | epoch: 1 | total time: 7.04m
step 00376 (81.08%) | loss: 0.582155 | lrm: 0.38 | dt: 1165.93ms | tok/sec: 224,835 | mfu: 0.00 | epoch: 1 | total time: 7.06m
step 00377 (81.29%) | loss: 0.595460 | lrm: 0.37 | dt: 1163.31ms | tok/sec: 225,342 | mfu: 0.00 | epoch: 1 | total time: 7.08m
step 00378 (81.51%) | loss: 0.570812 | lrm: 0.37 | dt: 1165.42ms | tok/sec: 224,935 | mfu: 0.00 | epoch: 1 | total time: 7.10m
step 00379 (81.73%) | loss: 0.561922 | lrm: 0.37 | dt: 1159.63ms | tok/sec: 226,058 | mfu: 0.00 | epoch: 1 | total time: 7.12m
step 00380 (81.94%) | loss: 0.570133 | lrm: 0.36 | dt: 1162.72ms | tok/sec: 225,456 | mfu: 0.00 | epoch: 1 | total time: 7.14m
step 00381 (82.15%) | loss: 0.548201 | lrm: 0.36 | dt: 1162.45ms | tok/sec: 225,510 | mfu: 0.00 | epoch: 1 | total time: 7.16m
step 00382 (82.36%) | loss: 0.540053 | lrm: 0.35 | dt: 1163.54ms | tok/sec: 225,298 | mfu: 0.00 | epoch: 1 | total time: 7.18m
step 00383 (82.58%) | loss: 0.536921 | lrm: 0.35 | dt: 1163.26ms | tok/sec: 225,353 | mfu: 0.00 | epoch: 1 | total time: 7.20m
step 00384 (82.79%) | loss: 0.528376 | lrm: 0.34 | dt: 1161.22ms | tok/sec: 225,747 | mfu: 0.00 | epoch: 1 | total time: 7.22m
step 00385 (83.01%) | loss: 0.578696 | lrm: 0.34 | dt: 1163.86ms | tok/sec: 225,237 | mfu: 0.00 | epoch: 1 | total time: 7.23m
step 00386 (83.23%) | loss: 0.576453 | lrm: 0.34 | dt: 1161.55ms | tok/sec: 225,684 | mfu: 0.00 | epoch: 1 | total time: 7.25m
step 00387 (83.44%) | loss: 0.571559 | lrm: 0.33 | dt: 1164.17ms | tok/sec: 225,177 | mfu: 0.00 | epoch: 1 | total time: 7.27m
step 00388 (83.65%) | loss: 0.559524 | lrm: 0.33 | dt: 1164.99ms | tok/sec: 225,018 | mfu: 0.00 | epoch: 1 | total time: 7.29m
step 00389 (83.86%) | loss: 0.554248 | lrm: 0.32 | dt: 1166.99ms | tok/sec: 224,632 | mfu: 0.00 | epoch: 1 | total time: 7.31m
step 00390 (84.08%) | loss: 0.554211 | lrm: 0.32 | dt: 1162.27ms | tok/sec: 225,544 | mfu: 0.00 | epoch: 1 | total time: 7.33m
step 00391 (84.29%) | loss: 0.543756 | lrm: 0.31 | dt: 1163.60ms | tok/sec: 225,286 | mfu: 0.00 | epoch: 1 | total time: 7.35m
step 00392 (84.51%) | loss: 0.553559 | lrm: 0.31 | dt: 1161.29ms | tok/sec: 225,735 | mfu: 0.00 | epoch: 1 | total time: 7.37m
step 00393 (84.73%) | loss: 0.543306 | lrm: 0.31 | dt: 1162.38ms | tok/sec: 225,523 | mfu: 0.00 | epoch: 1 | total time: 7.39m
step 00394 (84.95%) | loss: 0.556637 | lrm: 0.30 | dt: 1162.51ms | tok/sec: 225,498 | mfu: 0.00 | epoch: 1 | total time: 7.41m
step 00395 (85.17%) | loss: 0.534665 | lrm: 0.30 | dt: 1164.01ms | tok/sec: 225,206 | mfu: 0.00 | epoch: 1 | total time: 7.43m
step 00396 (85.38%) | loss: 0.535912 | lrm: 0.29 | dt: 1165.04ms | tok/sec: 225,007 | mfu: 0.00 | epoch: 1 | total time: 7.45m
step 00397 (85.59%) | loss: 0.523526 | lrm: 0.29 | dt: 1164.38ms | tok/sec: 225,135 | mfu: 0.00 | epoch: 1 | total time: 7.47m
step 00398 (85.80%) | loss: 0.557287 | lrm: 0.28 | dt: 1163.87ms | tok/sec: 225,235 | mfu: 0.00 | epoch: 1 | total time: 7.49m
step 00399 (86.02%) | loss: 0.543169 | lrm: 0.28 | dt: 1165.85ms | tok/sec: 224,851 | mfu: 0.00 | epoch: 1 | total time: 7.51m
step 00400 (86.23%) | loss: 0.526460 | lrm: 0.28 | dt: 1162.57ms | tok/sec: 225,486 | mfu: 0.00 | epoch: 1 | total time: 7.53m
Step 00400 | Validation bpb: 2.6613
step 00401 (86.45%) | loss: 0.530317 | lrm: 0.27 | dt: 1175.01ms | tok/sec: 223,099 | mfu: 0.00 | epoch: 1 | total time: 7.55m
step 00402 (86.67%) | loss: 0.527292 | lrm: 0.27 | dt: 1164.61ms | tok/sec: 225,090 | mfu: 0.00 | epoch: 1 | total time: 7.56m
step 00403 (86.89%) | loss: 0.517391 | lrm: 0.26 | dt: 1167.87ms | tok/sec: 224,464 | mfu: 0.00 | epoch: 1 | total time: 7.58m
step 00404 (87.11%) | loss: 0.505328 | lrm: 0.26 | dt: 1159.94ms | tok/sec: 225,998 | mfu: 0.00 | epoch: 1 | total time: 7.60m
step 00405 (87.32%) | loss: 0.488264 | lrm: 0.25 | dt: 1167.49ms | tok/sec: 224,536 | mfu: 0.00 | epoch: 1 | total time: 7.62m
step 00406 (87.54%) | loss: 0.497439 | lrm: 0.25 | dt: 1160.53ms | tok/sec: 225,883 | mfu: 0.00 | epoch: 1 | total time: 7.64m
step 00407 (87.75%) | loss: 0.494101 | lrm: 0.25 | dt: 1165.41ms | tok/sec: 224,937 | mfu: 0.00 | epoch: 1 | total time: 7.66m
step 00408 (87.95%) | loss: 0.504136 | lrm: 0.24 | dt: 1162.39ms | tok/sec: 225,520 | mfu: 0.00 | epoch: 1 | total time: 7.68m
step 00409 (88.17%) | loss: 0.504546 | lrm: 0.24 | dt: 1159.53ms | tok/sec: 226,078 | mfu: 0.00 | epoch: 1 | total time: 7.70m
step 00410 (88.39%) | loss: 0.506580 | lrm: 0.23 | dt: 1162.50ms | tok/sec: 225,500 | mfu: 0.00 | epoch: 1 | total time: 7.72m
step 00411 (88.60%) | loss: 0.489375 | lrm: 0.23 | dt: 1165.51ms | tok/sec: 224,917 | mfu: 0.00 | epoch: 1 | total time: 7.74m
step 00412 (88.82%) | loss: 0.487545 | lrm: 0.22 | dt: 1162.16ms | tok/sec: 225,566 | mfu: 0.00 | epoch: 1 | total time: 7.76m
step 00413 (89.03%) | loss: 0.477028 | lrm: 0.22 | dt: 1163.76ms | tok/sec: 225,255 | mfu: 0.00 | epoch: 1 | total time: 7.78m
step 00414 (89.26%) | loss: 0.482565 | lrm: 0.21 | dt: 1165.93ms | tok/sec: 224,836 | mfu: 0.00 | epoch: 1 | total time: 7.80m
step 00415 (89.48%) | loss: 0.487896 | lrm: 0.21 | dt: 1162.09ms | tok/sec: 225,579 | mfu: 0.00 | epoch: 1 | total time: 7.82m
step 00416 (89.69%) | loss: 0.477175 | lrm: 0.21 | dt: 1162.15ms | tok/sec: 225,568 | mfu: 0.00 | epoch: 1 | total time: 7.84m
step 00417 (89.91%) | loss: 0.462099 | lrm: 0.20 | dt: 1161.74ms | tok/sec: 225,646 | mfu: 0.00 | epoch: 1 | total time: 7.86m
step 00418 (90.11%) | loss: 0.441698 | lrm: 0.20 | dt: 1165.66ms | tok/sec: 224,889 | mfu: 0.00 | epoch: 1 | total time: 7.87m
step 00419 (90.33%) | loss: 0.442326 | lrm: 0.19 | dt: 1161.85ms | tok/sec: 225,625 | mfu: 0.00 | epoch: 1 | total time: 7.89m
step 00420 (90.55%) | loss: 0.449795 | lrm: 0.19 | dt: 1165.75ms | tok/sec: 224,871 | mfu: 0.00 | epoch: 1 | total time: 7.91m
step 00421 (90.76%) | loss: 0.441017 | lrm: 0.18 | dt: 1162.81ms | tok/sec: 225,440 | mfu: 0.00 | epoch: 1 | total time: 7.93m
step 00422 (90.97%) | loss: 0.443854 | lrm: 0.18 | dt: 1162.81ms | tok/sec: 225,440 | mfu: 0.00 | epoch: 1 | total time: 7.95m
step 00423 (91.18%) | loss: 0.456212 | lrm: 0.18 | dt: 1163.02ms | tok/sec: 225,399 | mfu: 0.00 | epoch: 1 | total time: 7.97m
step 00424 (91.40%) | loss: 0.465811 | lrm: 0.17 | dt: 1162.91ms | tok/sec: 225,419 | mfu: 0.00 | epoch: 1 | total time: 7.99m
step 00425 (91.61%) | loss: 0.470716 | lrm: 0.17 | dt: 1167.16ms | tok/sec: 224,599 | mfu: 0.00 | epoch: 1 | total time: 8.01m
step 00426 (91.83%) | loss: 0.474692 | lrm: 0.16 | dt: 1161.98ms | tok/sec: 225,601 | mfu: 0.00 | epoch: 1 | total time: 8.03m
step 00427 (92.04%) | loss: 0.466369 | lrm: 0.16 | dt: 1163.73ms | tok/sec: 225,260 | mfu: 0.00 | epoch: 1 | total time: 8.05m
step 00428 (92.26%) | loss: 0.496780 | lrm: 0.15 | dt: 1159.28ms | tok/sec: 226,126 | mfu: 0.00 | epoch: 1 | total time: 8.07m
step 00429 (92.48%) | loss: 0.484394 | lrm: 0.15 | dt: 1166.07ms | tok/sec: 224,810 | mfu: 0.00 | epoch: 1 | total time: 8.09m
step 00430 (92.70%) | loss: 0.478995 | lrm: 0.15 | dt: 1161.64ms | tok/sec: 225,666 | mfu: 0.00 | epoch: 1 | total time: 8.11m
step 00431 (92.91%) | loss: 0.509321 | lrm: 0.14 | dt: 1163.85ms | tok/sec: 225,239 | mfu: 0.00 | epoch: 1 | total time: 8.13m
step 00432 (93.13%) | loss: 0.528287 | lrm: 0.14 | dt: 1166.07ms | tok/sec: 224,810 | mfu: 0.00 | epoch: 1 | total time: 8.15m
step 00433 (93.35%) | loss: 0.528678 | lrm: 0.13 | dt: 1162.37ms | tok/sec: 225,526 | mfu: 0.00 | epoch: 1 | total time: 8.17m
step 00434 (93.56%) | loss: 0.521344 | lrm: 0.13 | dt: 1159.41ms | tok/sec: 226,100 | mfu: 0.00 | epoch: 1 | total time: 8.18m
step 00435 (93.77%) | loss: 0.505968 | lrm: 0.12 | dt: 1162.37ms | tok/sec: 225,525 | mfu: 0.00 | epoch: 1 | total time: 8.20m
step 00436 (93.99%) | loss: 0.492896 | lrm: 0.12 | dt: 1164.90ms | tok/sec: 225,034 | mfu: 0.00 | epoch: 1 | total time: 8.22m
step 00437 (94.21%) | loss: 0.497175 | lrm: 0.12 | dt: 1163.96ms | tok/sec: 225,217 | mfu: 0.00 | epoch: 1 | total time: 8.24m
step 00438 (94.43%) | loss: 0.503692 | lrm: 0.11 | dt: 1168.05ms | tok/sec: 224,428 | mfu: 0.00 | epoch: 1 | total time: 8.26m
step 00439 (94.66%) | loss: 0.488515 | lrm: 0.11 | dt: 1161.03ms | tok/sec: 225,785 | mfu: 0.00 | epoch: 1 | total time: 8.28m
step 00440 (94.88%) | loss: 0.473287 | lrm: 0.10 | dt: 1166.33ms | tok/sec: 224,759 | mfu: 0.00 | epoch: 1 | total time: 8.30m
2026-09-13 15:24:31,067 - nanochat.checkpoint_manager - [32m[1mINFO[0m - Saved model parameters to: /home/s4597036/scratch/nanochat/chatsft_checkpoints/d4L-midtrain/model_000464.pt
2026-09-13 15:24:31,068 - nanochat.checkpoint_manager - [32m[1mINFO[0m - Saved metadata to: /home/s4597036/scratch/nanochat/chatsft_checkpoints/d4L-midtrain/meta_000464.json
2026-09-13 15:24:31,374 - nanochat.checkpoint_manager - [32m[1mINFO[0m - Saved optimizer state to: /home/s4597036/scratch/nanochat/chatsft_checkpoints/d4L-midtrain/optim_000464_rank0.pt
wandb: updating run metadata
wandb: uploading history steps 56-56, summary, console lines 488-496
wandb:                                                                                
wandb: 
wandb: Run history:
wandb:                 step ▁▁▂▂▂▂▂▃▃▃▃▃▃▄▄▄▄▄▄▄▅▅▅▅▅▆▆▆▆▆▆▆▇▇▇▇████
wandb: total_training_flops ▁▁▂▂▂▂▂▃▃▃▃▃▃▃▄▄▄▄▄▄▅▅▅▅▆▆▆▆▆▆▆▇▇▇▇▇████
wandb:  total_training_time ▁▁▁▂▂▂▂▂▂▂▃▃▃▃▃▄▄▄▄▅▅▅▅▅▅▅▆▆▆▆▆▇▇▇▇▇▇███
wandb:             train/dt ▂▃▂▆▃▂▄▄▃▁▂▅▃▂▄▅▁▃▄▃▂▃▄▁▄▄▄▅▆▅▅▇▇▆▆▆█▆█▅
wandb:          train/epoch ▁▁▁▁▁▁▁▁▁▁▁▁▁▁▁▁▁▁▁▁▁▁▁▁▁▁▁▁▁▁▁▁▁▁▁▁▁▁▁▁
wandb:           train/loss █▅▄▄▄▃▃▃▃▃▃▂▃▃▃▂▃▂▂▂▂▂▂▂▂▂▂▂▂▂▂▂▂▁▁▁▁▁▁▁
wandb:            train/lrm █████████████████████▇▇▇▆▆▆▅▅▅▄▄▄▃▃▂▂▂▁▁
wandb:            train/mfu ▁▁▁▁▁▁▁▁▁▁▁▁▁▁▁▁▁▁▁▁▁▁▁▁▁▁▁▁▁▁▁▁▁▁▁▁▁▁▁▁
wandb:    train/tok_per_sec ▇▆▇▃▆▇▅▅▆█▇▄▆▇▅▄█▆▅▆▇▆▅█▅▅▅▄▃▄▄▂▂▃▃▃▁▃▁▄
wandb:              val/bpb ▁▄▄▅▆▆▇▇███
wandb: 
wandb: Run summary:
wandb:                 step 464
wandb: total_training_flops 11478953940221952
wandb:  total_training_time 526.01789
wandb:             train/dt 1.16187
wandb:          train/epoch 1
wandb:           train/loss 0.43195
wandb:            train/lrm 0.01645
wandb:            train/mfu 0
wandb:    train/tok_per_sec 225623
wandb:              val/bpb 2.71059
wandb: 
wandb: 🚀 View run d4L-mid at: https://wandb.ai/sotirisfrost-lu/nanochat-sft/runs/skicd7le
wandb: ⭐️ View project at: https://wandb.ai/sotirisfrost-lu/nanochat-sft
wandb: Synced 5 W&B file(s), 0 media file(s), 0 artifact file(s) and 0 other file(s)
wandb: Find logs at: ./wandb/run-20260913_151439-skicd7le/logs
step 00441 (95.09%) | loss: 0.466867 | lrm: 0.10 | dt: 1162.22ms | tok/sec: 225,553 | mfu: 0.00 | epoch: 1 | total time: 8.32m
step 00442 (95.30%) | loss: 0.473756 | lrm: 0.09 | dt: 1162.65ms | tok/sec: 225,472 | mfu: 0.00 | epoch: 1 | total time: 8.34m
step 00443 (95.52%) | loss: 0.468788 | lrm: 0.09 | dt: 1165.14ms | tok/sec: 224,988 | mfu: 0.00 | epoch: 1 | total time: 8.36m
step 00444 (95.73%) | loss: 0.451317 | lrm: 0.09 | dt: 1166.92ms | tok/sec: 224,645 | mfu: 0.00 | epoch: 1 | total time: 8.38m
step 00445 (95.95%) | loss: 0.450985 | lrm: 0.08 | dt: 1164.63ms | tok/sec: 225,087 | mfu: 0.00 | epoch: 1 | total time: 8.40m
step 00446 (96.16%) | loss: 0.458590 | lrm: 0.08 | dt: 1166.77ms | tok/sec: 224,675 | mfu: 0.00 | epoch: 1 | total time: 8.42m
step 00447 (96.38%) | loss: 0.451440 | lrm: 0.07 | dt: 1162.88ms | tok/sec: 225,426 | mfu: 0.00 | epoch: 1 | total time: 8.44m
step 00448 (96.59%) | loss: 0.455229 | lrm: 0.07 | dt: 1160.30ms | tok/sec: 225,927 | mfu: 0.00 | epoch: 1 | total time: 8.46m
step 00449 (96.80%) | loss: 0.441859 | lrm: 0.06 | dt: 1164.29ms | tok/sec: 225,153 | mfu: 0.00 | epoch: 1 | total time: 8.48m
step 00450 (97.02%) | loss: 0.462094 | lrm: 0.06 | dt: 1159.69ms | tok/sec: 226,046 | mfu: 0.00 | epoch: 1 | total time: 8.50m
Step 00450 | Validation bpb: 2.7016
step 00451 (97.23%) | loss: 0.468528 | lrm: 0.06 | dt: 1172.95ms | tok/sec: 223,490 | mfu: 0.00 | epoch: 1 | total time: 8.51m
step 00452 (97.45%) | loss: 0.481193 | lrm: 0.05 | dt: 1163.40ms | tok/sec: 225,326 | mfu: 0.00 | epoch: 1 | total time: 8.53m
step 00453 (97.67%) | loss: 0.485423 | lrm: 0.05 | dt: 1161.32ms | tok/sec: 225,730 | mfu: 0.00 | epoch: 1 | total time: 8.55m
step 00454 (97.88%) | loss: 0.479124 | lrm: 0.04 | dt: 1167.78ms | tok/sec: 224,480 | mfu: 0.00 | epoch: 1 | total time: 8.57m
step 00455 (98.10%) | loss: 0.473646 | lrm: 0.04 | dt: 1161.01ms | tok/sec: 225,788 | mfu: 0.00 | epoch: 1 | total time: 8.59m
step 00456 (98.32%) | loss: 0.482639 | lrm: 0.03 | dt: 1164.52ms | tok/sec: 225,109 | mfu: 0.00 | epoch: 1 | total time: 8.61m
step 00457 (98.54%) | loss: 0.478056 | lrm: 0.03 | dt: 1161.53ms | tok/sec: 225,688 | mfu: 0.00 | epoch: 1 | total time: 8.63m
step 00458 (98.75%) | loss: 0.456954 | lrm: 0.03 | dt: 1162.84ms | tok/sec: 225,433 | mfu: 0.00 | epoch: 1 | total time: 8.65m
step 00459 (98.96%) | loss: 0.445741 | lrm: 0.02 | dt: 1164.16ms | tok/sec: 225,177 | mfu: 0.00 | epoch: 1 | total time: 8.67m
step 00460 (99.18%) | loss: 0.431948 | lrm: 0.02 | dt: 1161.87ms | tok/sec: 225,623 | mfu: 0.00 | epoch: 1 | total time: 8.69m
step 00461 (99.39%) | loss: 0.436373 | lrm: 0.01 | dt: 1165.36ms | tok/sec: 224,946 | mfu: 0.00 | epoch: 1 | total time: 8.71m
step 00462 (99.61%) | loss: 0.436384 | lrm: 0.01 | dt: 1164.05ms | tok/sec: 225,200 | mfu: 0.00 | epoch: 1 | total time: 8.73m
step 00463 (99.82%) | loss: 0.420706 | lrm: 0.00 | dt: 1163.85ms | tok/sec: 225,239 | mfu: 0.00 | epoch: 1 | total time: 8.75m
step 00464 (100.04%) | loss: 0.406697 | lrm: 0.00 | dt: 1163.56ms | tok/sec: 225,295 | mfu: 0.00 | epoch: 2 | total time: 8.77m
Step 00464 | Validation bpb: 2.7106
Peak memory usage: 2058.88MiB
Total training time: 8.77m
Minimum validation bpb: 0.9502
