2026-09-13 14:44:47,740 - nanochat.common - [32m[1mINFO[0m - Distributed world size: 1
2026-09-13 14:44:47,740 - nanochat.common - [33m[1mWARNING[0m - Peak flops undefined for: NVIDIA GeForce RTX 4060, MFU will show as 0%
wandb: Currently logged in as: sotirisfrost (sotirisfrost-lu) to https://api.wandb.ai. Use `wandb login --relogin` to force relogin
wandb: creating run
wandb: Tracking run with wandb version 0.21.3
wandb: Run data is saved locally in /home/s4597036/nanochat/wandb/run-20260913_144448-5ob9r06m
wandb: Run `wandb offline` to turn off syncing.
wandb: Syncing run d4-pretrain-v2
wandb: ⭐️ View project at https://wandb.ai/sotirisfrost-lu/nanochat
wandb: 🚀 View run at https://wandb.ai/sotirisfrost-lu/nanochat/runs/5ob9r06m
W0913 14:45:26.819000 50594 .venv/lib/python3.10/site-packages/torch/_inductor/utils.py:1613] [0/0] Not enough SMs to use max_autotune_gemm mode

                                                       █████                █████
                                                      ░░███                ░░███
     ████████    ██████   ████████    ██████   ██████  ░███████    ██████  ███████
    ░░███░░███  ░░░░░███ ░░███░░███  ███░░███ ███░░███ ░███░░███  ░░░░░███░░░███░
     ░███ ░███   ███████  ░███ ░███ ░███ ░███░███ ░░░  ░███ ░███   ███████  ░███
     ░███ ░███  ███░░███  ░███ ░███ ░███ ░███░███  ███ ░███ ░███  ███░░███  ░███ ███
     ████ █████░░████████ ████ █████░░██████ ░░██████  ████ █████░░███████  ░░█████
    ░░░░ ░░░░░  ░░░░░░░░ ░░░░ ░░░░░  ░░░░░░   ░░░░░░  ░░░░ ░░░░░  ░░░░░░░░   ░░░░░
    
Autodetected device type: cuda
GPU: NVIDIA GeForce RTX 4060 | Peak FLOPS (BF16): inf
COMPUTE_DTYPE: torch.bfloat16 (auto-detected: CUDA SM 89 (bf16 supported))
jsonl log: /home/s4597036/nanochat/logs/base_train_d4-pretrain-v2_20260913_144451.jsonl
✓ Using Flash Attention 3: efficient, new and awesome.
Vocab size: 32,768
Model config:
{
  "sequence_len": 2048,
  "vocab_size": 32768,
  "n_layer": 4,
  "n_head": 2,
  "n_kv_head": 2,
  "n_embd": 256,
  "window_pattern": "L"
}
Parameter counts:
wte                     : 8,388,608
value_embeds            : 16,777,216
lm_head                 : 8,388,608
transformer_matrices    : 3,145,776
scalars                 : 34
total                   : 36,700,242
Estimated FLOPs per token: 9.437227e+07
Auto-computed optimal batch size: 262,144 tokens
Scaling LRs by 0.7071 for batch size 262,144 (reference: 524,288)
Scaling weight decay from 0.280000 to 1.889903 for depth 4
Scaling the LR for the AdamW parameters ∝1/√(256/768) = 1.732051
Calculated number of iterations from target data:param ratio: 528
Total number of training tokens: 138,412,032
Tokens : Scaling params ratio: 12.00
Total training FLOPs estimate: 1.306226e+16
Tokens / micro-batch / rank: 16 x 2048 = 32,768
Tokens / micro-batch: 32,768
Total batch size 262,144 => gradient accumulation steps: 8
Step 00000 | Validation bpb: 3.159565
step 00000/00528 (0.00%) | loss: 10.397289 | lrm: 0.03 | dt: 10052.09ms | tok/sec: 26,078 | bf16_mfu: 0.00 | epoch: 1 pq: 0 rg: 1 | total time: 0.00m
step 00001/00528 (0.19%) | loss: 10.392388 | lrm: 0.05 | dt: 1151.03ms | tok/sec: 227,748 | bf16_mfu: 0.00 | epoch: 1 pq: 0 rg: 1 | total time: 0.00m
step 00002/00528 (0.38%) | loss: 10.383659 | lrm: 0.07 | dt: 1132.87ms | tok/sec: 231,399 | bf16_mfu: 0.00 | epoch: 1 pq: 0 rg: 2 | total time: 0.00m
step 00003/00528 (0.57%) | loss: 10.370637 | lrm: 0.10 | dt: 1130.48ms | tok/sec: 231,887 | bf16_mfu: 0.00 | epoch: 1 pq: 0 rg: 2 | total time: 0.00m
step 00004/00528 (0.76%) | loss: 10.348934 | lrm: 0.12 | dt: 1130.95ms | tok/sec: 231,791 | bf16_mfu: 0.00 | epoch: 1 pq: 0 rg: 3 | total time: 0.00m
step 00005/00528 (0.95%) | loss: 10.318040 | lrm: 0.15 | dt: 1132.11ms | tok/sec: 231,553 | bf16_mfu: 0.00 | epoch: 1 pq: 0 rg: 3 | total time: 0.00m
step 00006/00528 (1.14%) | loss: 10.271395 | lrm: 0.17 | dt: 1137.06ms | tok/sec: 230,546 | bf16_mfu: 0.00 | epoch: 1 pq: 0 rg: 4 | total time: 0.00m
step 00007/00528 (1.33%) | loss: 10.199629 | lrm: 0.20 | dt: 1130.83ms | tok/sec: 231,814 | bf16_mfu: 0.00 | epoch: 1 pq: 0 rg: 4 | total time: 0.00m
step 00008/00528 (1.52%) | loss: 10.094891 | lrm: 0.23 | dt: 1135.27ms | tok/sec: 230,908 | bf16_mfu: 0.00 | epoch: 1 pq: 0 rg: 5 | total time: 0.00m
step 00009/00528 (1.70%) | loss: 9.949348 | lrm: 0.25 | dt: 1135.69ms | tok/sec: 230,823 | bf16_mfu: 0.00 | epoch: 1 pq: 0 rg: 5 | total time: 0.00m
step 00010/00528 (1.89%) | loss: 9.755085 | lrm: 0.28 | dt: 1134.44ms | tok/sec: 231,078 | bf16_mfu: 0.00 | epoch: 1 pq: 0 rg: 6 | total time: 0.00m
step 00011/00528 (2.08%) | loss: 9.529102 | lrm: 0.30 | dt: 1135.00ms | tok/sec: 230,964 | bf16_mfu: 0.00 | epoch: 1 pq: 0 rg: 6 | total time: 0.02m | eta: 9.8m
step 00012/00528 (2.27%) | loss: 9.327755 | lrm: 0.33 | dt: 1133.59ms | tok/sec: 231,250 | bf16_mfu: 0.00 | epoch: 1 pq: 0 rg: 7 | total time: 0.04m | eta: 9.8m
step 00013/00528 (2.46%) | loss: 9.123592 | lrm: 0.35 | dt: 1133.90ms | tok/sec: 231,188 | bf16_mfu: 0.00 | epoch: 1 pq: 0 rg: 7 | total time: 0.06m | eta: 9.7m
step 00014/00528 (2.65%) | loss: 8.930437 | lrm: 0.38 | dt: 1134.61ms | tok/sec: 231,043 | bf16_mfu: 0.00 | epoch: 1 pq: 0 rg: 8 | total time: 0.08m | eta: 9.7m
step 00015/00528 (2.84%) | loss: 8.729332 | lrm: 0.40 | dt: 1142.88ms | tok/sec: 229,371 | bf16_mfu: 0.00 | epoch: 1 pq: 0 rg: 8 | total time: 0.09m | eta: 9.7m
step 00016/00528 (3.03%) | loss: 8.544220 | lrm: 0.42 | dt: 1133.91ms | tok/sec: 231,185 | bf16_mfu: 0.00 | epoch: 1 pq: 0 rg: 9 | total time: 0.11m | eta: 9.7m
step 00017/00528 (3.22%) | loss: 8.362907 | lrm: 0.45 | dt: 1137.25ms | tok/sec: 230,506 | bf16_mfu: 0.00 | epoch: 1 pq: 0 rg: 9 | total time: 0.13m | eta: 9.7m
step 00018/00528 (3.41%) | loss: 8.202181 | lrm: 0.47 | dt: 1137.45ms | tok/sec: 230,465 | bf16_mfu: 0.00 | epoch: 1 pq: 0 rg: 10 | total time: 0.15m | eta: 9.7m
step 00019/00528 (3.60%) | loss: 8.047262 | lrm: 0.50 | dt: 1136.08ms | tok/sec: 230,744 | bf16_mfu: 0.00 | epoch: 1 pq: 0 rg: 11 | total time: 0.17m | eta: 9.6m
Step 00020 | Validation bpb: 2.040075
step 00020/00528 (3.79%) | loss: 7.891738 | lrm: 0.53 | dt: 1149.19ms | tok/sec: 228,111 | bf16_mfu: 0.00 | epoch: 1 pq: 0 rg: 11 | total time: 0.19m | eta: 9.6m
step 00021/00528 (3.98%) | loss: 7.746390 | lrm: 0.55 | dt: 1140.18ms | tok/sec: 229,915 | bf16_mfu: 0.00 | epoch: 1 pq: 0 rg: 12 | total time: 0.21m | eta: 9.6m
step 00022/00528 (4.17%) | loss: 7.605104 | lrm: 0.57 | dt: 1141.09ms | tok/sec: 229,730 | bf16_mfu: 0.00 | epoch: 1 pq: 0 rg: 12 | total time: 0.23m | eta: 9.6m
step 00023/00528 (4.36%) | loss: 7.482086 | lrm: 0.60 | dt: 1138.59ms | tok/sec: 230,235 | bf16_mfu: 0.00 | epoch: 1 pq: 0 rg: 13 | total time: 0.25m | eta: 9.6m
step 00024/00528 (4.55%) | loss: 7.378046 | lrm: 0.62 | dt: 1139.34ms | tok/sec: 230,083 | bf16_mfu: 0.00 | epoch: 1 pq: 0 rg: 13 | total time: 0.27m | eta: 9.6m
step 00025/00528 (4.73%) | loss: 7.287737 | lrm: 0.65 | dt: 1141.59ms | tok/sec: 229,630 | bf16_mfu: 0.00 | epoch: 1 pq: 0 rg: 14 | total time: 0.28m | eta: 9.5m
step 00026/00528 (4.92%) | loss: 7.181080 | lrm: 0.68 | dt: 1136.59ms | tok/sec: 230,640 | bf16_mfu: 0.00 | epoch: 1 pq: 0 rg: 14 | total time: 0.30m | eta: 9.5m
step 00027/00528 (5.11%) | loss: 7.085830 | lrm: 0.70 | dt: 1139.96ms | tok/sec: 229,958 | bf16_mfu: 0.00 | epoch: 1 pq: 0 rg: 15 | total time: 0.32m | eta: 9.5m
step 00028/00528 (5.30%) | loss: 7.002171 | lrm: 0.72 | dt: 1139.63ms | tok/sec: 230,024 | bf16_mfu: 0.00 | epoch: 1 pq: 0 rg: 15 | total time: 0.34m | eta: 9.5m
step 00029/00528 (5.49%) | loss: 6.925569 | lrm: 0.75 | dt: 1145.23ms | tok/sec: 228,900 | bf16_mfu: 0.00 | epoch: 1 pq: 0 rg: 16 | total time: 0.36m | eta: 9.5m
step 00030/00528 (5.68%) | loss: 6.848085 | lrm: 0.78 | dt: 1137.63ms | tok/sec: 230,430 | bf16_mfu: 0.00 | epoch: 1 pq: 0 rg: 16 | total time: 0.38m | eta: 9.5m
step 00031/00528 (5.87%) | loss: 6.787056 | lrm: 0.80 | dt: 1141.30ms | tok/sec: 229,688 | bf16_mfu: 0.00 | epoch: 1 pq: 0 rg: 17 | total time: 0.40m | eta: 9.4m
step 00032/00528 (6.06%) | loss: 6.724132 | lrm: 0.82 | dt: 1141.91ms | tok/sec: 229,565 | bf16_mfu: 0.00 | epoch: 1 pq: 0 rg: 17 | total time: 0.42m | eta: 9.4m
step 00033/00528 (6.25%) | loss: 6.659939 | lrm: 0.85 | dt: 1141.60ms | tok/sec: 229,629 | bf16_mfu: 0.00 | epoch: 1 pq: 0 rg: 18 | total time: 0.44m | eta: 9.4m
step 00034/00528 (6.44%) | loss: 6.588148 | lrm: 0.88 | dt: 1140.49ms | tok/sec: 229,851 | bf16_mfu: 0.00 | epoch: 1 pq: 0 rg: 19 | total time: 0.46m | eta: 9.4m
step 00035/00528 (6.63%) | loss: 6.548664 | lrm: 0.90 | dt: 1142.22ms | tok/sec: 229,503 | bf16_mfu: 0.00 | epoch: 1 pq: 0 rg: 19 | total time: 0.47m | eta: 9.4m
step 00036/00528 (6.82%) | loss: 6.506904 | lrm: 0.93 | dt: 1146.03ms | tok/sec: 228,741 | bf16_mfu: 0.00 | epoch: 1 pq: 0 rg: 20 | total time: 0.49m | eta: 9.3m
step 00037/00528 (7.01%) | loss: 6.462065 | lrm: 0.95 | dt: 1142.13ms | tok/sec: 229,521 | bf16_mfu: 0.00 | epoch: 1 pq: 0 rg: 20 | total time: 0.51m | eta: 9.3m
step 00038/00528 (7.20%) | loss: 6.413139 | lrm: 0.97 | dt: 1142.73ms | tok/sec: 229,400 | bf16_mfu: 0.00 | epoch: 1 pq: 0 rg: 21 | total time: 0.53m | eta: 9.3m
step 00039/00528 (7.39%) | loss: 6.384727 | lrm: 1.00 | dt: 1145.45ms | tok/sec: 228,856 | bf16_mfu: 0.00 | epoch: 1 pq: 0 rg: 21 | total time: 0.55m | eta: 9.3m
Step 00040 | Validation bpb: 1.819918
step 00040/00528 (7.58%) | loss: 6.338154 | lrm: 1.00 | dt: 1149.73ms | tok/sec: 228,003 | bf16_mfu: 0.00 | epoch: 1 pq: 0 rg: 22 | total time: 0.57m | eta: 9.3m
step 00041/00528 (7.77%) | loss: 6.303367 | lrm: 1.00 | dt: 1143.20ms | tok/sec: 229,307 | bf16_mfu: 0.00 | epoch: 1 pq: 0 rg: 22 | total time: 0.59m | eta: 9.3m
step 00042/00528 (7.95%) | loss: 6.269011 | lrm: 1.00 | dt: 1144.65ms | tok/sec: 229,017 | bf16_mfu: 0.00 | epoch: 1 pq: 0 rg: 23 | total time: 0.61m | eta: 9.2m
step 00043/00528 (8.14%) | loss: 6.238765 | lrm: 1.00 | dt: 1143.07ms | tok/sec: 229,333 | bf16_mfu: 0.00 | epoch: 1 pq: 0 rg: 23 | total time: 0.63m | eta: 9.2m
step 00044/00528 (8.33%) | loss: 6.209316 | lrm: 1.00 | dt: 1144.96ms | tok/sec: 228,954 | bf16_mfu: 0.00 | epoch: 1 pq: 0 rg: 24 | total time: 0.65m | eta: 9.2m
step 00045/00528 (8.52%) | loss: 6.176852 | lrm: 1.00 | dt: 1143.74ms | tok/sec: 229,198 | bf16_mfu: 0.00 | epoch: 1 pq: 0 rg: 24 | total time: 0.67m | eta: 9.2m
step 00046/00528 (8.71%) | loss: 6.147712 | lrm: 1.00 | dt: 1148.64ms | tok/sec: 228,220 | bf16_mfu: 0.00 | epoch: 1 pq: 0 rg: 25 | total time: 0.68m | eta: 9.2m
step 00047/00528 (8.90%) | loss: 6.117770 | lrm: 1.00 | dt: 1140.91ms | tok/sec: 229,768 | bf16_mfu: 0.00 | epoch: 1 pq: 0 rg: 25 | total time: 0.70m | eta: 9.1m
step 00048/00528 (9.09%) | loss: 6.096363 | lrm: 1.00 | dt: 1140.96ms | tok/sec: 229,756 | bf16_mfu: 0.00 | epoch: 1 pq: 0 rg: 26 | total time: 0.72m | eta: 9.1m
step 00049/00528 (9.28%) | loss: 6.070862 | lrm: 1.00 | dt: 1143.01ms | tok/sec: 229,345 | bf16_mfu: 0.00 | epoch: 1 pq: 0 rg: 27 | total time: 0.74m | eta: 9.1m
step 00050/00528 (9.47%) | loss: 6.048530 | lrm: 1.00 | dt: 1146.07ms | tok/sec: 228,732 | bf16_mfu: 0.00 | epoch: 1 pq: 0 rg: 27 | total time: 0.76m | eta: 9.1m
step 00051/00528 (9.66%) | loss: 6.035673 | lrm: 1.00 | dt: 1143.98ms | tok/sec: 229,150 | bf16_mfu: 0.00 | epoch: 1 pq: 0 rg: 28 | total time: 0.78m | eta: 9.1m
step 00052/00528 (9.85%) | loss: 6.011358 | lrm: 1.00 | dt: 1146.91ms | tok/sec: 228,565 | bf16_mfu: 0.00 | epoch: 1 pq: 0 rg: 28 | total time: 0.80m | eta: 9.1m
step 00053/00528 (10.04%) | loss: 5.986004 | lrm: 1.00 | dt: 1146.43ms | tok/sec: 228,662 | bf16_mfu: 0.00 | epoch: 1 pq: 0 rg: 29 | total time: 0.82m | eta: 9.0m
step 00054/00528 (10.23%) | loss: 5.965593 | lrm: 1.00 | dt: 1147.09ms | tok/sec: 228,529 | bf16_mfu: 0.00 | epoch: 1 pq: 0 rg: 29 | total time: 0.84m | eta: 9.0m
step 00055/00528 (10.42%) | loss: 5.931858 | lrm: 1.00 | dt: 1145.05ms | tok/sec: 228,937 | bf16_mfu: 0.00 | epoch: 1 pq: 0 rg: 30 | total time: 0.86m | eta: 9.0m
step 00056/00528 (10.61%) | loss: 5.903169 | lrm: 1.00 | dt: 1143.85ms | tok/sec: 229,177 | bf16_mfu: 0.00 | epoch: 1 pq: 0 rg: 30 | total time: 0.88m | eta: 9.0m
step 00057/00528 (10.80%) | loss: 5.883561 | lrm: 1.00 | dt: 1150.11ms | tok/sec: 227,928 | bf16_mfu: 0.00 | epoch: 1 pq: 0 rg: 31 | total time: 0.89m | eta: 9.0m
step 00058/00528 (10.98%) | loss: 5.858762 | lrm: 1.00 | dt: 1148.81ms | tok/sec: 228,188 | bf16_mfu: 0.00 | epoch: 1 pq: 0 rg: 31 | total time: 0.91m | eta: 8.9m
step 00059/00528 (11.17%) | loss: 5.848857 | lrm: 1.00 | dt: 1142.41ms | tok/sec: 229,466 | bf16_mfu: 0.00 | epoch: 1 pq: 0 rg: 32 | total time: 0.93m | eta: 8.9m
Step 00060 | Validation bpb: 1.716210
step 00060/00528 (11.36%) | loss: 5.838774 | lrm: 1.00 | dt: 1152.80ms | tok/sec: 227,396 | bf16_mfu: 0.00 | epoch: 1 pq: 0 rg: 32 | total time: 0.95m | eta: 8.9m
step 00061/00528 (11.55%) | loss: 5.812626 | lrm: 1.00 | dt: 1150.31ms | tok/sec: 227,890 | bf16_mfu: 0.00 | epoch: 1 pq: 0 rg: 33 | total time: 0.97m | eta: 8.9m
step 00062/00528 (11.74%) | loss: 5.796250 | lrm: 1.00 | dt: 1143.41ms | tok/sec: 229,265 | bf16_mfu: 0.00 | epoch: 1 pq: 0 rg: 33 | total time: 0.99m | eta: 8.9m
step 00063/00528 (11.93%) | loss: 5.784331 | lrm: 1.00 | dt: 1143.67ms | tok/sec: 229,212 | bf16_mfu: 0.00 | epoch: 1 pq: 0 rg: 34 | total time: 1.01m | eta: 8.9m
step 00064/00528 (12.12%) | loss: 5.762569 | lrm: 1.00 | dt: 1140.47ms | tok/sec: 229,855 | bf16_mfu: 0.00 | epoch: 1 pq: 0 rg: 34 | total time: 1.03m | eta: 8.8m
step 00065/00528 (12.31%) | loss: 5.744437 | lrm: 1.00 | dt: 1148.26ms | tok/sec: 228,297 | bf16_mfu: 0.00 | epoch: 1 pq: 0 rg: 35 | total time: 1.05m | eta: 8.8m
step 00066/00528 (12.50%) | loss: 5.723760 | lrm: 1.00 | dt: 1143.99ms | tok/sec: 229,148 | bf16_mfu: 0.00 | epoch: 1 pq: 0 rg: 35 | total time: 1.07m | eta: 8.8m
step 00067/00528 (12.69%) | loss: 5.721459 | lrm: 1.00 | dt: 1144.07ms | tok/sec: 229,132 | bf16_mfu: 0.00 | epoch: 1 pq: 0 rg: 36 | total time: 1.09m | eta: 8.8m
step 00068/00528 (12.88%) | loss: 5.698789 | lrm: 1.00 | dt: 1145.19ms | tok/sec: 228,909 | bf16_mfu: 0.00 | epoch: 1 pq: 0 rg: 36 | total time: 1.10m | eta: 8.8m
step 00069/00528 (13.07%) | loss: 5.678354 | lrm: 1.00 | dt: 1145.14ms | tok/sec: 228,919 | bf16_mfu: 0.00 | epoch: 1 pq: 0 rg: 37 | total time: 1.12m | eta: 8.7m
step 00070/00528 (13.26%) | loss: 5.667715 | lrm: 1.00 | dt: 1146.64ms | tok/sec: 228,618 | bf16_mfu: 0.00 | epoch: 1 pq: 0 rg: 37 | total time: 1.14m | eta: 8.7m
step 00071/00528 (13.45%) | loss: 5.647159 | lrm: 1.00 | dt: 1145.85ms | tok/sec: 228,777 | bf16_mfu: 0.00 | epoch: 1 pq: 0 rg: 38 | total time: 1.16m | eta: 8.7m
step 00072/00528 (13.64%) | loss: 5.628780 | lrm: 1.00 | dt: 1146.33ms | tok/sec: 228,681 | bf16_mfu: 0.00 | epoch: 1 pq: 0 rg: 38 | total time: 1.18m | eta: 8.7m
step 00073/00528 (13.83%) | loss: 5.619972 | lrm: 1.00 | dt: 1141.18ms | tok/sec: 229,713 | bf16_mfu: 0.00 | epoch: 1 pq: 0 rg: 39 | total time: 1.20m | eta: 8.7m
step 00074/00528 (14.02%) | loss: 5.605306 | lrm: 1.00 | dt: 1141.67ms | tok/sec: 229,613 | bf16_mfu: 0.00 | epoch: 1 pq: 0 rg: 39 | total time: 1.22m | eta: 8.6m
step 00075/00528 (14.20%) | loss: 5.582976 | lrm: 1.00 | dt: 1143.88ms | tok/sec: 229,171 | bf16_mfu: 0.00 | epoch: 1 pq: 0 rg: 40 | total time: 1.24m | eta: 8.6m
step 00076/00528 (14.39%) | loss: 5.576034 | lrm: 1.00 | dt: 1144.36ms | tok/sec: 229,074 | bf16_mfu: 0.00 | epoch: 1 pq: 0 rg: 40 | total time: 1.26m | eta: 8.6m
step 00077/00528 (14.58%) | loss: 5.568689 | lrm: 1.00 | dt: 1146.00ms | tok/sec: 228,747 | bf16_mfu: 0.00 | epoch: 1 pq: 0 rg: 41 | total time: 1.28m | eta: 8.6m
step 00078/00528 (14.77%) | loss: 5.554567 | lrm: 1.00 | dt: 1146.80ms | tok/sec: 228,586 | bf16_mfu: 0.00 | epoch: 1 pq: 0 rg: 41 | total time: 1.30m | eta: 8.6m
step 00079/00528 (14.96%) | loss: 5.538865 | lrm: 1.00 | dt: 1148.73ms | tok/sec: 228,202 | bf16_mfu: 0.00 | epoch: 1 pq: 0 rg: 42 | total time: 1.31m | eta: 8.6m
Step 00080 | Validation bpb: 1.629088
step 00080/00528 (15.15%) | loss: 5.523399 | lrm: 1.00 | dt: 1157.12ms | tok/sec: 226,549 | bf16_mfu: 0.00 | epoch: 1 pq: 0 rg: 42 | total time: 1.33m | eta: 8.5m
step 00081/00528 (15.34%) | loss: 5.503378 | lrm: 1.00 | dt: 1146.08ms | tok/sec: 228,730 | bf16_mfu: 0.00 | epoch: 1 pq: 0 rg: 43 | total time: 1.35m | eta: 8.5m
2026-09-13 14:47:56,422 - nanochat.checkpoint_manager - [32m[1mINFO[0m - Saved model parameters to: /home/s4597036/scratch/nanochat/base_checkpoints/d4-L/model_000100.pt
2026-09-13 14:47:56,423 - nanochat.checkpoint_manager - [32m[1mINFO[0m - Saved metadata to: /home/s4597036/scratch/nanochat/base_checkpoints/d4-L/meta_000100.json
2026-09-13 14:47:57,466 - nanochat.checkpoint_manager - [32m[1mINFO[0m - Saved optimizer state to: /home/s4597036/scratch/nanochat/base_checkpoints/d4-L/optim_000100_rank0.pt
step 00082/00528 (15.53%) | loss: 5.477984 | lrm: 1.00 | dt: 1145.40ms | tok/sec: 228,867 | bf16_mfu: 0.00 | epoch: 1 pq: 0 rg: 43 | total time: 1.37m | eta: 8.5m
step 00083/00528 (15.72%) | loss: 5.461594 | lrm: 1.00 | dt: 1143.88ms | tok/sec: 229,171 | bf16_mfu: 0.00 | epoch: 1 pq: 0 rg: 43 | total time: 1.39m | eta: 8.5m
step 00084/00528 (15.91%) | loss: 5.457961 | lrm: 1.00 | dt: 1145.39ms | tok/sec: 228,867 | bf16_mfu: 0.00 | epoch: 1 pq: 0 rg: 44 | total time: 1.41m | eta: 8.5m
step 00085/00528 (16.10%) | loss: 5.446582 | lrm: 1.00 | dt: 1146.47ms | tok/sec: 228,653 | bf16_mfu: 0.00 | epoch: 1 pq: 0 rg: 44 | total time: 1.43m | eta: 8.4m
step 00086/00528 (16.29%) | loss: 5.430914 | lrm: 1.00 | dt: 1143.64ms | tok/sec: 229,218 | bf16_mfu: 0.00 | epoch: 1 pq: 0 rg: 45 | total time: 1.45m | eta: 8.4m
step 00087/00528 (16.48%) | loss: 5.420868 | lrm: 1.00 | dt: 1145.19ms | tok/sec: 228,909 | bf16_mfu: 0.00 | epoch: 1 pq: 0 rg: 45 | total time: 1.47m | eta: 8.4m
step 00088/00528 (16.67%) | loss: 5.407911 | lrm: 1.00 | dt: 1149.62ms | tok/sec: 228,025 | bf16_mfu: 0.00 | epoch: 1 pq: 0 rg: 46 | total time: 1.49m | eta: 8.4m
step 00089/00528 (16.86%) | loss: 5.379329 | lrm: 1.00 | dt: 1144.35ms | tok/sec: 229,076 | bf16_mfu: 0.00 | epoch: 1 pq: 0 rg: 46 | total time: 1.51m | eta: 8.4m
step 00090/00528 (17.05%) | loss: 5.377250 | lrm: 1.00 | dt: 1148.38ms | tok/sec: 228,272 | bf16_mfu: 0.00 | epoch: 1 pq: 0 rg: 47 | total time: 1.52m | eta: 8.3m
step 00091/00528 (17.23%) | loss: 5.352596 | lrm: 1.00 | dt: 1145.63ms | tok/sec: 228,821 | bf16_mfu: 0.00 | epoch: 1 pq: 0 rg: 47 | total time: 1.54m | eta: 8.3m
step 00092/00528 (17.42%) | loss: 5.338439 | lrm: 1.00 | dt: 1141.60ms | tok/sec: 229,628 | bf16_mfu: 0.00 | epoch: 1 pq: 0 rg: 48 | total time: 1.56m | eta: 8.3m
step 00093/00528 (17.61%) | loss: 5.318015 | lrm: 1.00 | dt: 1146.07ms | tok/sec: 228,733 | bf16_mfu: 0.00 | epoch: 1 pq: 0 rg: 48 | total time: 1.58m | eta: 8.3m
step 00094/00528 (17.80%) | loss: 5.300367 | lrm: 1.00 | dt: 1151.41ms | tok/sec: 227,672 | bf16_mfu: 0.00 | epoch: 1 pq: 0 rg: 49 | total time: 1.60m | eta: 8.3m
step 00095/00528 (17.99%) | loss: 5.289572 | lrm: 1.00 | dt: 1147.79ms | tok/sec: 228,390 | bf16_mfu: 0.00 | epoch: 1 pq: 0 rg: 49 | total time: 1.62m | eta: 8.3m
step 00096/00528 (18.18%) | loss: 5.273910 | lrm: 1.00 | dt: 1143.88ms | tok/sec: 229,170 | bf16_mfu: 0.00 | epoch: 1 pq: 0 rg: 50 | total time: 1.64m | eta: 8.2m
step 00097/00528 (18.37%) | loss: 5.277183 | lrm: 1.00 | dt: 1144.43ms | tok/sec: 229,060 | bf16_mfu: 0.00 | epoch: 1 pq: 0 rg: 50 | total time: 1.66m | eta: 8.2m
step 00098/00528 (18.56%) | loss: 5.278592 | lrm: 1.00 | dt: 1148.54ms | tok/sec: 228,241 | bf16_mfu: 0.00 | epoch: 1 pq: 0 rg: 51 | total time: 1.68m | eta: 8.2m
step 00099/00528 (18.75%) | loss: 5.270684 | lrm: 1.00 | dt: 1146.95ms | tok/sec: 228,557 | bf16_mfu: 0.00 | epoch: 1 pq: 0 rg: 51 | total time: 1.70m | eta: 8.2m
Step 00100 | Validation bpb: 1.561842
step 00100/00528 (18.94%) | loss: 5.264417 | lrm: 1.00 | dt: 1154.03ms | tok/sec: 227,154 | bf16_mfu: 0.00 | epoch: 1 pq: 0 rg: 52 | total time: 1.72m | eta: 8.2m
step 00101/00528 (19.13%) | loss: 5.246322 | lrm: 1.00 | dt: 1148.34ms | tok/sec: 228,280 | bf16_mfu: 0.00 | epoch: 1 pq: 0 rg: 52 | total time: 1.74m | eta: 8.1m
step 00102/00528 (19.32%) | loss: 5.234891 | lrm: 1.00 | dt: 1144.12ms | tok/sec: 229,123 | bf16_mfu: 0.00 | epoch: 1 pq: 0 rg: 53 | total time: 1.75m | eta: 8.1m
step 00103/00528 (19.51%) | loss: 5.222938 | lrm: 1.00 | dt: 1144.55ms | tok/sec: 229,036 | bf16_mfu: 0.00 | epoch: 1 pq: 0 rg: 53 | total time: 1.77m | eta: 8.1m
step 00104/00528 (19.70%) | loss: 5.214869 | lrm: 1.00 | dt: 1145.55ms | tok/sec: 228,836 | bf16_mfu: 0.00 | epoch: 1 pq: 0 rg: 54 | total time: 1.79m | eta: 8.1m
step 00105/00528 (19.89%) | loss: 5.203350 | lrm: 1.00 | dt: 1142.26ms | tok/sec: 229,496 | bf16_mfu: 0.00 | epoch: 1 pq: 0 rg: 54 | total time: 1.81m | eta: 8.1m
step 00106/00528 (20.08%) | loss: 5.208804 | lrm: 1.00 | dt: 1143.27ms | tok/sec: 229,293 | bf16_mfu: 0.00 | epoch: 1 pq: 0 rg: 55 | total time: 1.83m | eta: 8.0m
step 00107/00528 (20.27%) | loss: 5.197605 | lrm: 1.00 | dt: 1146.49ms | tok/sec: 228,649 | bf16_mfu: 0.00 | epoch: 1 pq: 0 rg: 55 | total time: 1.85m | eta: 8.0m
step 00108/00528 (20.45%) | loss: 5.170870 | lrm: 1.00 | dt: 1146.56ms | tok/sec: 228,635 | bf16_mfu: 0.00 | epoch: 1 pq: 0 rg: 56 | total time: 1.87m | eta: 8.0m
step 00109/00528 (20.64%) | loss: 5.166641 | lrm: 1.00 | dt: 1143.94ms | tok/sec: 229,158 | bf16_mfu: 0.00 | epoch: 1 pq: 0 rg: 56 | total time: 1.89m | eta: 8.0m
step 00110/00528 (20.83%) | loss: 5.154272 | lrm: 1.00 | dt: 1143.62ms | tok/sec: 229,223 | bf16_mfu: 0.00 | epoch: 1 pq: 0 rg: 57 | total time: 1.91m | eta: 8.0m
step 00111/00528 (21.02%) | loss: 5.149675 | lrm: 1.00 | dt: 1146.19ms | tok/sec: 228,709 | bf16_mfu: 0.00 | epoch: 1 pq: 0 rg: 57 | total time: 1.93m | eta: 8.0m
step 00112/00528 (21.21%) | loss: 5.143529 | lrm: 1.00 | dt: 1146.04ms | tok/sec: 228,739 | bf16_mfu: 0.00 | epoch: 1 pq: 0 rg: 58 | total time: 1.94m | eta: 7.9m
step 00113/00528 (21.40%) | loss: 5.141504 | lrm: 1.00 | dt: 1144.76ms | tok/sec: 228,994 | bf16_mfu: 0.00 | epoch: 1 pq: 0 rg: 58 | total time: 1.96m | eta: 7.9m
step 00114/00528 (21.59%) | loss: 5.137317 | lrm: 1.00 | dt: 1144.55ms | tok/sec: 229,037 | bf16_mfu: 0.00 | epoch: 1 pq: 0 rg: 59 | total time: 1.98m | eta: 7.9m
step 00115/00528 (21.78%) | loss: 5.129959 | lrm: 1.00 | dt: 1146.20ms | tok/sec: 228,706 | bf16_mfu: 0.00 | epoch: 1 pq: 0 rg: 59 | total time: 2.00m | eta: 7.9m
step 00116/00528 (21.97%) | loss: 5.102389 | lrm: 1.00 | dt: 1145.95ms | tok/sec: 228,756 | bf16_mfu: 0.00 | epoch: 1 pq: 0 rg: 60 | total time: 2.02m | eta: 7.9m
step 00117/00528 (22.16%) | loss: 5.095118 | lrm: 1.00 | dt: 1145.16ms | tok/sec: 228,915 | bf16_mfu: 0.00 | epoch: 1 pq: 0 rg: 60 | total time: 2.04m | eta: 7.8m
step 00118/00528 (22.35%) | loss: 5.090187 | lrm: 1.00 | dt: 1148.44ms | tok/sec: 228,261 | bf16_mfu: 0.00 | epoch: 1 pq: 0 rg: 60 | total time: 2.06m | eta: 7.8m
step 00119/00528 (22.54%) | loss: 5.083403 | lrm: 1.00 | dt: 1144.55ms | tok/sec: 229,036 | bf16_mfu: 0.00 | epoch: 1 pq: 0 rg: 61 | total time: 2.08m | eta: 7.8m
Step 00120 | Validation bpb: 1.507466
step 00120/00528 (22.73%) | loss: 5.100028 | lrm: 1.00 | dt: 1153.69ms | tok/sec: 227,223 | bf16_mfu: 0.00 | epoch: 1 pq: 0 rg: 61 | total time: 2.10m | eta: 7.8m
step 00121/00528 (22.92%) | loss: 5.079277 | lrm: 1.00 | dt: 1145.81ms | tok/sec: 228,785 | bf16_mfu: 0.00 | epoch: 1 pq: 0 rg: 62 | total time: 2.12m | eta: 7.8m
step 00122/00528 (23.11%) | loss: 5.071054 | lrm: 1.00 | dt: 1148.37ms | tok/sec: 228,275 | bf16_mfu: 0.00 | epoch: 1 pq: 0 rg: 62 | total time: 2.14m | eta: 7.7m
step 00123/00528 (23.30%) | loss: 5.042183 | lrm: 1.00 | dt: 1149.27ms | tok/sec: 228,096 | bf16_mfu: 0.00 | epoch: 1 pq: 0 rg: 63 | total time: 2.16m | eta: 7.7m
step 00124/00528 (23.48%) | loss: 5.032566 | lrm: 1.00 | dt: 1141.61ms | tok/sec: 229,627 | bf16_mfu: 0.00 | epoch: 1 pq: 0 rg: 63 | total time: 2.17m | eta: 7.7m
step 00125/00528 (23.67%) | loss: 5.027235 | lrm: 1.00 | dt: 1148.78ms | tok/sec: 228,194 | bf16_mfu: 0.00 | epoch: 1 pq: 0 rg: 64 | total time: 2.19m | eta: 7.7m
step 00126/00528 (23.86%) | loss: 5.009587 | lrm: 1.00 | dt: 1143.65ms | tok/sec: 229,216 | bf16_mfu: 0.00 | epoch: 1 pq: 0 rg: 64 | total time: 2.21m | eta: 7.7m
step 00127/00528 (24.05%) | loss: 4.997470 | lrm: 1.00 | dt: 1147.95ms | tok/sec: 228,358 | bf16_mfu: 0.00 | epoch: 1 pq: 0 rg: 65 | total time: 2.23m | eta: 7.6m
step 00128/00528 (24.24%) | loss: 4.970079 | lrm: 1.00 | dt: 1145.09ms | tok/sec: 228,927 | bf16_mfu: 0.00 | epoch: 1 pq: 0 rg: 65 | total time: 2.25m | eta: 7.6m
step 00129/00528 (24.43%) | loss: 4.954788 | lrm: 1.00 | dt: 1148.43ms | tok/sec: 228,262 | bf16_mfu: 0.00 | epoch: 1 pq: 0 rg: 66 | total time: 2.27m | eta: 7.6m
step 00130/00528 (24.62%) | loss: 4.937846 | lrm: 1.00 | dt: 1148.33ms | tok/sec: 228,282 | bf16_mfu: 0.00 | epoch: 1 pq: 0 rg: 66 | total time: 2.29m | eta: 7.6m
step 00131/00528 (24.81%) | loss: 4.924878 | lrm: 1.00 | dt: 1145.78ms | tok/sec: 228,790 | bf16_mfu: 0.00 | epoch: 1 pq: 0 rg: 67 | total time: 2.31m | eta: 7.6m
step 00132/00528 (25.00%) | loss: 4.918834 | lrm: 1.00 | dt: 1145.19ms | tok/sec: 228,907 | bf16_mfu: 0.00 | epoch: 1 pq: 0 rg: 67 | total time: 2.33m | eta: 7.6m
step 00133/00528 (25.19%) | loss: 4.923559 | lrm: 1.00 | dt: 1148.03ms | tok/sec: 228,343 | bf16_mfu: 0.00 | epoch: 1 pq: 0 rg: 68 | total time: 2.35m | eta: 7.5m
step 00134/00528 (25.38%) | loss: 4.928927 | lrm: 1.00 | dt: 1144.50ms | tok/sec: 229,046 | bf16_mfu: 0.00 | epoch: 1 pq: 0 rg: 68 | total time: 2.37m | eta: 7.5m
step 00135/00528 (25.57%) | loss: 4.913385 | lrm: 1.00 | dt: 1148.70ms | tok/sec: 228,209 | bf16_mfu: 0.00 | epoch: 1 pq: 0 rg: 69 | total time: 2.38m | eta: 7.5m
step 00136/00528 (25.76%) | loss: 4.914580 | lrm: 1.00 | dt: 1144.20ms | tok/sec: 229,106 | bf16_mfu: 0.00 | epoch: 1 pq: 0 rg: 69 | total time: 2.40m | eta: 7.5m
step 00137/00528 (25.95%) | loss: 4.893281 | lrm: 1.00 | dt: 1144.08ms | tok/sec: 229,131 | bf16_mfu: 0.00 | epoch: 1 pq: 0 rg: 70 | total time: 2.42m | eta: 7.5m
step 00138/00528 (26.14%) | loss: 4.874451 | lrm: 1.00 | dt: 1145.41ms | tok/sec: 228,863 | bf16_mfu: 0.00 | epoch: 1 pq: 0 rg: 70 | total time: 2.44m | eta: 7.4m
step 00139/00528 (26.33%) | loss: 4.869544 | lrm: 1.00 | dt: 1146.72ms | tok/sec: 228,603 | bf16_mfu: 0.00 | epoch: 1 pq: 0 rg: 71 | total time: 2.46m | eta: 7.4m
Step 00140 | Validation bpb: 1.449364
step 00140/00528 (26.52%) | loss: 4.851587 | lrm: 1.00 | dt: 1158.42ms | tok/sec: 226,294 | bf16_mfu: 0.00 | epoch: 1 pq: 0 rg: 71 | total time: 2.48m | eta: 7.4m
step 00141/00528 (26.70%) | loss: 4.844202 | lrm: 1.00 | dt: 1149.03ms | tok/sec: 228,143 | bf16_mfu: 0.00 | epoch: 1 pq: 0 rg: 72 | total time: 2.50m | eta: 7.4m
step 00142/00528 (26.89%) | loss: 4.842128 | lrm: 1.00 | dt: 1143.86ms | tok/sec: 229,175 | bf16_mfu: 0.00 | epoch: 1 pq: 0 rg: 72 | total time: 2.52m | eta: 7.4m
step 00143/00528 (27.08%) | loss: 4.831405 | lrm: 1.00 | dt: 1144.57ms | tok/sec: 229,033 | bf16_mfu: 0.00 | epoch: 1 pq: 0 rg: 73 | total time: 2.54m | eta: 7.3m
step 00144/00528 (27.27%) | loss: 4.830893 | lrm: 1.00 | dt: 1146.07ms | tok/sec: 228,732 | bf16_mfu: 0.00 | epoch: 1 pq: 0 rg: 73 | total time: 2.56m | eta: 7.3m
step 00145/00528 (27.46%) | loss: 4.826353 | lrm: 1.00 | dt: 1150.35ms | tok/sec: 227,882 | bf16_mfu: 0.00 | epoch: 1 pq: 0 rg: 73 | total time: 2.58m | eta: 7.3m
step 00146/00528 (27.65%) | loss: 4.814283 | lrm: 1.00 | dt: 1146.38ms | tok/sec: 228,671 | bf16_mfu: 0.00 | epoch: 1 pq: 0 rg: 74 | total time: 2.59m | eta: 7.3m
step 00147/00528 (27.84%) | loss: 4.801754 | lrm: 1.00 | dt: 1146.47ms | tok/sec: 228,652 | bf16_mfu: 0.00 | epoch: 1 pq: 0 rg: 74 | total time: 2.61m | eta: 7.3m
step 00148/00528 (28.03%) | loss: 4.796293 | lrm: 1.00 | dt: 1146.95ms | tok/sec: 228,557 | bf16_mfu: 0.00 | epoch: 1 pq: 0 rg: 75 | total time: 2.63m | eta: 7.3m
step 00149/00528 (28.22%) | loss: 4.791899 | lrm: 1.00 | dt: 1149.26ms | tok/sec: 228,097 | bf16_mfu: 0.00 | epoch: 1 pq: 0 rg: 75 | total time: 2.65m | eta: 7.2m
step 00150/00528 (28.41%) | loss: 4.777246 | lrm: 1.00 | dt: 1150.17ms | tok/sec: 227,918 | bf16_mfu: 0.00 | epoch: 1 pq: 0 rg: 76 | total time: 2.67m | eta: 7.2m
step 00151/00528 (28.60%) | loss: 4.778912 | lrm: 1.00 | dt: 1150.23ms | tok/sec: 227,906 | bf16_mfu: 0.00 | epoch: 1 pq: 0 rg: 76 | total time: 2.69m | eta: 7.2m
step 00152/00528 (28.79%) | loss: 4.769900 | lrm: 1.00 | dt: 1149.62ms | tok/sec: 228,026 | bf16_mfu: 0.00 | epoch: 1 pq: 0 rg: 77 | total time: 2.71m | eta: 7.2m
step 00153/00528 (28.98%) | loss: 4.755272 | lrm: 1.00 | dt: 1152.40ms | tok/sec: 227,476 | bf16_mfu: 0.00 | epoch: 1 pq: 0 rg: 77 | total time: 2.73m | eta: 7.2m
step 00154/00528 (29.17%) | loss: 4.723802 | lrm: 1.00 | dt: 1146.14ms | tok/sec: 228,719 | bf16_mfu: 0.00 | epoch: 1 pq: 0 rg: 78 | total time: 2.75m | eta: 7.1m
step 00155/00528 (29.36%) | loss: 4.712602 | lrm: 1.00 | dt: 1146.47ms | tok/sec: 228,652 | bf16_mfu: 0.00 | epoch: 1 pq: 0 rg: 78 | total time: 2.77m | eta: 7.1m
step 00156/00528 (29.55%) | loss: 4.704711 | lrm: 1.00 | dt: 1147.40ms | tok/sec: 228,468 | bf16_mfu: 0.00 | epoch: 1 pq: 0 rg: 79 | total time: 2.79m | eta: 7.1m
step 00157/00528 (29.73%) | loss: 4.698594 | lrm: 1.00 | dt: 1149.17ms | tok/sec: 228,116 | bf16_mfu: 0.00 | epoch: 1 pq: 0 rg: 79 | total time: 2.81m | eta: 7.1m
step 00158/00528 (29.92%) | loss: 4.696013 | lrm: 1.00 | dt: 1147.67ms | tok/sec: 228,413 | bf16_mfu: 0.00 | epoch: 1 pq: 0 rg: 80 | total time: 2.82m | eta: 7.1m
step 00159/00528 (30.11%) | loss: 4.692502 | lrm: 1.00 | dt: 1146.63ms | tok/sec: 228,622 | bf16_mfu: 0.00 | epoch: 1 pq: 0 rg: 80 | total time: 2.84m | eta: 7.0m
Step 00160 | Validation bpb: 1.391710
step 00160/00528 (30.30%) | loss: 4.683371 | lrm: 1.00 | dt: 1156.59ms | tok/sec: 226,653 | bf16_mfu: 0.00 | epoch: 1 pq: 0 rg: 81 | total time: 2.86m | eta: 7.0m
step 00161/00528 (30.49%) | loss: 4.671948 | lrm: 1.00 | dt: 1148.76ms | tok/sec: 228,197 | bf16_mfu: 0.00 | epoch: 1 pq: 0 rg: 81 | total time: 2.88m | eta: 7.0m
step 00162/00528 (30.68%) | loss: 4.667797 | lrm: 1.00 | dt: 1146.84ms | tok/sec: 228,579 | bf16_mfu: 0.00 | epoch: 1 pq: 0 rg: 82 | total time: 2.90m | eta: 7.0m
step 00163/00528 (30.87%) | loss: 4.649750 | lrm: 1.00 | dt: 1146.55ms | tok/sec: 228,636 | bf16_mfu: 0.00 | epoch: 1 pq: 0 rg: 82 | total time: 2.92m | eta: 7.0m
step 00164/00528 (31.06%) | loss: 4.621458 | lrm: 1.00 | dt: 1147.07ms | tok/sec: 228,533 | bf16_mfu: 0.00 | epoch: 1 pq: 0 rg: 83 | total time: 2.94m | eta: 6.9m
step 00165/00528 (31.25%) | loss: 4.624887 | lrm: 1.00 | dt: 1146.32ms | tok/sec: 228,683 | bf16_mfu: 0.00 | epoch: 1 pq: 0 rg: 83 | total time: 2.96m | eta: 6.9m
step 00166/00528 (31.44%) | loss: 4.624803 | lrm: 1.00 | dt: 1215.48ms | tok/sec: 215,671 | bf16_mfu: 0.00 | epoch: 1 pq: 1 rg: 0 | total time: 2.98m | eta: 6.9m
step 00167/00528 (31.63%) | loss: 4.626418 | lrm: 1.00 | dt: 1148.50ms | tok/sec: 228,249 | bf16_mfu: 0.00 | epoch: 1 pq: 1 rg: 0 | total time: 3.00m | eta: 6.9m
step 00168/00528 (31.82%) | loss: 4.620877 | lrm: 1.00 | dt: 1145.84ms | tok/sec: 228,779 | bf16_mfu: 0.00 | epoch: 1 pq: 1 rg: 1 | total time: 3.02m | eta: 6.9m
step 00169/00528 (32.01%) | loss: 4.620534 | lrm: 1.00 | dt: 1150.24ms | tok/sec: 227,904 | bf16_mfu: 0.00 | epoch: 1 pq: 1 rg: 1 | total time: 3.04m | eta: 6.9m
step 00170/00528 (32.20%) | loss: 4.609449 | lrm: 1.00 | dt: 1153.37ms | tok/sec: 227,285 | bf16_mfu: 0.00 | epoch: 1 pq: 1 rg: 2 | total time: 3.06m | eta: 6.8m
step 00171/00528 (32.39%) | loss: 4.613281 | lrm: 1.00 | dt: 1145.53ms | tok/sec: 228,839 | bf16_mfu: 0.00 | epoch: 1 pq: 1 rg: 2 | total time: 3.07m | eta: 6.8m
step 00172/00528 (32.58%) | loss: 4.594781 | lrm: 1.00 | dt: 1149.23ms | tok/sec: 228,104 | bf16_mfu: 0.00 | epoch: 1 pq: 1 rg: 3 | total time: 3.09m | eta: 6.8m
step 00173/00528 (32.77%) | loss: 4.588582 | lrm: 1.00 | dt: 1145.96ms | tok/sec: 228,754 | bf16_mfu: 0.00 | epoch: 1 pq: 1 rg: 3 | total time: 3.11m | eta: 6.8m
step 00174/00528 (32.95%) | loss: 4.573883 | lrm: 1.00 | dt: 1150.80ms | tok/sec: 227,792 | bf16_mfu: 0.00 | epoch: 1 pq: 1 rg: 4 | total time: 3.13m | eta: 6.8m
step 00175/00528 (33.14%) | loss: 4.562815 | lrm: 1.00 | dt: 1150.79ms | tok/sec: 227,794 | bf16_mfu: 0.00 | epoch: 1 pq: 1 rg: 4 | total time: 3.15m | eta: 6.7m
step 00176/00528 (33.33%) | loss: 4.556153 | lrm: 1.00 | dt: 1147.50ms | tok/sec: 228,447 | bf16_mfu: 0.00 | epoch: 1 pq: 1 rg: 5 | total time: 3.17m | eta: 6.7m
step 00177/00528 (33.52%) | loss: 4.549213 | lrm: 1.00 | dt: 1148.87ms | tok/sec: 228,175 | bf16_mfu: 0.00 | epoch: 1 pq: 1 rg: 5 | total time: 3.19m | eta: 6.7m
step 00178/00528 (33.71%) | loss: 4.559218 | lrm: 1.00 | dt: 1152.34ms | tok/sec: 227,488 | bf16_mfu: 0.00 | epoch: 1 pq: 1 rg: 6 | total time: 3.21m | eta: 6.7m
step 00179/00528 (33.90%) | loss: 4.544416 | lrm: 1.00 | dt: 1146.54ms | tok/sec: 228,638 | bf16_mfu: 0.00 | epoch: 1 pq: 1 rg: 6 | total time: 3.23m | eta: 6.7m
Step 00180 | Validation bpb: 1.345332
2026-09-13 14:50:12,131 - nanochat.checkpoint_manager - [32m[1mINFO[0m - Saved model parameters to: /home/s4597036/scratch/nanochat/base_checkpoints/d4-L/model_000200.pt
2026-09-13 14:50:12,132 - nanochat.checkpoint_manager - [32m[1mINFO[0m - Saved metadata to: /home/s4597036/scratch/nanochat/base_checkpoints/d4-L/meta_000200.json
2026-09-13 14:50:12,672 - nanochat.checkpoint_manager - [32m[1mINFO[0m - Saved optimizer state to: /home/s4597036/scratch/nanochat/base_checkpoints/d4-L/optim_000200_rank0.pt
step 00180/00528 (34.09%) | loss: 4.529803 | lrm: 1.00 | dt: 1154.26ms | tok/sec: 227,109 | bf16_mfu: 0.00 | epoch: 1 pq: 1 rg: 7 | total time: 3.25m | eta: 6.6m
step 00181/00528 (34.28%) | loss: 4.509605 | lrm: 1.00 | dt: 1149.37ms | tok/sec: 228,075 | bf16_mfu: 0.00 | epoch: 1 pq: 1 rg: 7 | total time: 3.27m | eta: 6.6m
step 00182/00528 (34.47%) | loss: 4.500302 | lrm: 1.00 | dt: 1152.75ms | tok/sec: 227,406 | bf16_mfu: 0.00 | epoch: 1 pq: 1 rg: 8 | total time: 3.29m | eta: 6.6m
step 00183/00528 (34.66%) | loss: 4.490844 | lrm: 1.00 | dt: 1145.80ms | tok/sec: 228,787 | bf16_mfu: 0.00 | epoch: 1 pq: 1 rg: 8 | total time: 3.30m | eta: 6.6m
step 00184/00528 (34.85%) | loss: 4.484670 | lrm: 1.00 | dt: 1145.43ms | tok/sec: 228,861 | bf16_mfu: 0.00 | epoch: 1 pq: 1 rg: 8 | total time: 3.32m | eta: 6.6m
step 00185/00528 (35.04%) | loss: 4.485012 | lrm: 1.00 | dt: 1148.98ms | tok/sec: 228,154 | bf16_mfu: 0.00 | epoch: 1 pq: 1 rg: 9 | total time: 3.34m | eta: 6.6m
step 00186/00528 (35.23%) | loss: 4.478799 | lrm: 1.00 | dt: 1150.71ms | tok/sec: 227,810 | bf16_mfu: 0.00 | epoch: 1 pq: 1 rg: 9 | total time: 3.36m | eta: 6.5m
step 00187/00528 (35.42%) | loss: 4.473831 | lrm: 0.99 | dt: 1145.61ms | tok/sec: 228,824 | bf16_mfu: 0.00 | epoch: 1 pq: 1 rg: 10 | total time: 3.38m | eta: 6.5m
step 00188/00528 (35.61%) | loss: 4.464968 | lrm: 0.99 | dt: 1151.45ms | tok/sec: 227,664 | bf16_mfu: 0.00 | epoch: 1 pq: 1 rg: 10 | total time: 3.40m | eta: 6.5m
step 00189/00528 (35.80%) | loss: 4.451663 | lrm: 0.99 | dt: 1149.46ms | tok/sec: 228,059 | bf16_mfu: 0.00 | epoch: 1 pq: 1 rg: 11 | total time: 3.42m | eta: 6.5m
step 00190/00528 (35.98%) | loss: 4.452699 | lrm: 0.99 | dt: 1151.79ms | tok/sec: 227,596 | bf16_mfu: 0.00 | epoch: 1 pq: 1 rg: 11 | total time: 3.44m | eta: 6.5m
step 00191/00528 (36.17%) | loss: 4.446696 | lrm: 0.98 | dt: 1149.30ms | tok/sec: 228,090 | bf16_mfu: 0.00 | epoch: 1 pq: 1 rg: 12 | total time: 3.46m | eta: 6.4m
step 00192/00528 (36.36%) | loss: 4.427439 | lrm: 0.98 | dt: 1153.55ms | tok/sec: 227,250 | bf16_mfu: 0.00 | epoch: 1 pq: 1 rg: 12 | total time: 3.48m | eta: 6.4m
step 00193/00528 (36.55%) | loss: 4.423582 | lrm: 0.98 | dt: 1150.32ms | tok/sec: 227,888 | bf16_mfu: 0.00 | epoch: 1 pq: 1 rg: 13 | total time: 3.50m | eta: 6.4m
step 00194/00528 (36.74%) | loss: 4.419675 | lrm: 0.98 | dt: 1150.27ms | tok/sec: 227,898 | bf16_mfu: 0.00 | epoch: 1 pq: 1 rg: 13 | total time: 3.52m | eta: 6.4m
step 00195/00528 (36.93%) | loss: 4.407694 | lrm: 0.97 | dt: 1150.52ms | tok/sec: 227,847 | bf16_mfu: 0.00 | epoch: 1 pq: 1 rg: 14 | total time: 3.53m | eta: 6.4m
step 00196/00528 (37.12%) | loss: 4.408378 | lrm: 0.97 | dt: 1150.46ms | tok/sec: 227,859 | bf16_mfu: 0.00 | epoch: 1 pq: 1 rg: 14 | total time: 3.55m | eta: 6.3m
step 00197/00528 (37.31%) | loss: 4.403537 | lrm: 0.97 | dt: 1149.05ms | tok/sec: 228,138 | bf16_mfu: 0.00 | epoch: 1 pq: 1 rg: 15 | total time: 3.57m | eta: 6.3m
step 00198/00528 (37.50%) | loss: 4.400278 | lrm: 0.96 | dt: 1154.42ms | tok/sec: 227,079 | bf16_mfu: 0.00 | epoch: 1 pq: 1 rg: 15 | total time: 3.59m | eta: 6.3m
step 00199/00528 (37.69%) | loss: 4.400757 | lrm: 0.96 | dt: 1147.75ms | tok/sec: 228,399 | bf16_mfu: 0.00 | epoch: 1 pq: 1 rg: 16 | total time: 3.61m | eta: 6.3m
Step 00200 | Validation bpb: 1.313491
step 00200/00528 (37.88%) | loss: 4.398075 | lrm: 0.96 | dt: 1153.99ms | tok/sec: 227,162 | bf16_mfu: 0.00 | epoch: 1 pq: 1 rg: 16 | total time: 3.63m | eta: 6.3m
step 00201/00528 (38.07%) | loss: 4.398253 | lrm: 0.96 | dt: 1156.32ms | tok/sec: 226,704 | bf16_mfu: 0.00 | epoch: 1 pq: 1 rg: 17 | total time: 3.65m | eta: 6.2m
step 00202/00528 (38.26%) | loss: 4.382975 | lrm: 0.95 | dt: 1146.52ms | tok/sec: 228,642 | bf16_mfu: 0.00 | epoch: 1 pq: 1 rg: 17 | total time: 3.67m | eta: 6.2m
step 00203/00528 (38.45%) | loss: 4.388388 | lrm: 0.95 | dt: 1151.66ms | tok/sec: 227,621 | bf16_mfu: 0.00 | epoch: 1 pq: 1 rg: 18 | total time: 3.69m | eta: 6.2m
step 00204/00528 (38.64%) | loss: 4.393973 | lrm: 0.95 | dt: 1150.90ms | tok/sec: 227,773 | bf16_mfu: 0.00 | epoch: 1 pq: 1 rg: 18 | total time: 3.71m | eta: 6.2m
step 00205/00528 (38.83%) | loss: 4.394356 | lrm: 0.94 | dt: 1150.82ms | tok/sec: 227,788 | bf16_mfu: 0.00 | epoch: 1 pq: 1 rg: 19 | total time: 3.73m | eta: 6.2m
step 00206/00528 (39.02%) | loss: 4.405129 | lrm: 0.94 | dt: 1150.54ms | tok/sec: 227,844 | bf16_mfu: 0.00 | epoch: 1 pq: 1 rg: 19 | total time: 3.75m | eta: 6.2m
step 00207/00528 (39.20%) | loss: 4.388733 | lrm: 0.94 | dt: 1148.24ms | tok/sec: 228,299 | bf16_mfu: 0.00 | epoch: 1 pq: 1 rg: 20 | total time: 3.76m | eta: 6.1m
step 00208/00528 (39.39%) | loss: 4.400452 | lrm: 0.94 | dt: 1146.89ms | tok/sec: 228,569 | bf16_mfu: 0.00 | epoch: 1 pq: 1 rg: 20 | total time: 3.78m | eta: 6.1m
step 00209/00528 (39.58%) | loss: 4.386900 | lrm: 0.93 | dt: 1150.63ms | tok/sec: 227,825 | bf16_mfu: 0.00 | epoch: 1 pq: 1 rg: 21 | total time: 3.80m | eta: 6.1m
step 00210/00528 (39.77%) | loss: 4.374271 | lrm: 0.93 | dt: 1151.82ms | tok/sec: 227,591 | bf16_mfu: 0.00 | epoch: 1 pq: 1 rg: 21 | total time: 3.82m | eta: 6.1m
step 00211/00528 (39.96%) | loss: 4.360751 | lrm: 0.93 | dt: 1151.92ms | tok/sec: 227,571 | bf16_mfu: 0.00 | epoch: 1 pq: 1 rg: 22 | total time: 3.84m | eta: 6.1m
step 00212/00528 (40.15%) | loss: 4.352636 | lrm: 0.93 | dt: 1147.13ms | tok/sec: 228,521 | bf16_mfu: 0.00 | epoch: 1 pq: 1 rg: 22 | total time: 3.86m | eta: 6.0m
step 00213/00528 (40.34%) | loss: 4.344326 | lrm: 0.92 | dt: 1155.45ms | tok/sec: 226,876 | bf16_mfu: 0.00 | epoch: 1 pq: 1 rg: 23 | total time: 3.88m | eta: 6.0m
step 00214/00528 (40.53%) | loss: 4.335973 | lrm: 0.92 | dt: 1153.20ms | tok/sec: 227,319 | bf16_mfu: 0.00 | epoch: 1 pq: 1 rg: 23 | total time: 3.90m | eta: 6.0m
step 00215/00528 (40.72%) | loss: 4.324345 | lrm: 0.92 | dt: 1149.05ms | tok/sec: 228,139 | bf16_mfu: 0.00 | epoch: 1 pq: 1 rg: 24 | total time: 3.92m | eta: 6.0m
step 00216/00528 (40.91%) | loss: 4.305032 | lrm: 0.91 | dt: 1152.59ms | tok/sec: 227,439 | bf16_mfu: 0.00 | epoch: 1 pq: 1 rg: 24 | total time: 3.94m | eta: 6.0m
step 00217/00528 (41.10%) | loss: 4.309580 | lrm: 0.91 | dt: 1151.12ms | tok/sec: 227,729 | bf16_mfu: 0.00 | epoch: 1 pq: 1 rg: 25 | total time: 3.96m | eta: 5.9m
step 00218/00528 (41.29%) | loss: 4.301565 | lrm: 0.91 | dt: 1150.47ms | tok/sec: 227,857 | bf16_mfu: 0.00 | epoch: 1 pq: 1 rg: 25 | total time: 3.98m | eta: 5.9m
step 00219/00528 (41.48%) | loss: 4.313351 | lrm: 0.91 | dt: 1150.64ms | tok/sec: 227,824 | bf16_mfu: 0.00 | epoch: 1 pq: 1 rg: 25 | total time: 3.99m | eta: 5.9m
Step 00220 | Validation bpb: 1.284370
step 00220/00528 (41.67%) | loss: 4.290513 | lrm: 0.90 | dt: 1154.99ms | tok/sec: 226,966 | bf16_mfu: 0.00 | epoch: 1 pq: 1 rg: 26 | total time: 4.01m | eta: 5.9m
step 00221/00528 (41.86%) | loss: 4.297844 | lrm: 0.90 | dt: 1150.12ms | tok/sec: 227,927 | bf16_mfu: 0.00 | epoch: 1 pq: 1 rg: 26 | total time: 4.03m | eta: 5.9m
step 00222/00528 (42.05%) | loss: 4.300496 | lrm: 0.90 | dt: 1152.68ms | tok/sec: 227,422 | bf16_mfu: 0.00 | epoch: 1 pq: 1 rg: 27 | total time: 4.05m | eta: 5.8m
step 00223/00528 (42.23%) | loss: 4.305020 | lrm: 0.89 | dt: 1150.24ms | tok/sec: 227,902 | bf16_mfu: 0.00 | epoch: 1 pq: 1 rg: 27 | total time: 4.07m | eta: 5.8m
step 00224/00528 (42.42%) | loss: 4.306726 | lrm: 0.89 | dt: 1146.36ms | tok/sec: 228,674 | bf16_mfu: 0.00 | epoch: 1 pq: 1 rg: 28 | total time: 4.09m | eta: 5.8m
step 00225/00528 (42.61%) | loss: 4.305763 | lrm: 0.89 | dt: 1154.86ms | tok/sec: 226,991 | bf16_mfu: 0.00 | epoch: 1 pq: 1 rg: 28 | total time: 4.11m | eta: 5.8m
step 00226/00528 (42.80%) | loss: 4.286104 | lrm: 0.89 | dt: 1152.15ms | tok/sec: 227,525 | bf16_mfu: 0.00 | epoch: 1 pq: 1 rg: 29 | total time: 4.13m | eta: 5.8m
step 00227/00528 (42.99%) | loss: 4.268497 | lrm: 0.88 | dt: 1149.38ms | tok/sec: 228,073 | bf16_mfu: 0.00 | epoch: 1 pq: 1 rg: 29 | total time: 4.15m | eta: 5.8m
step 00228/00528 (43.18%) | loss: 4.272994 | lrm: 0.88 | dt: 1148.66ms | tok/sec: 228,217 | bf16_mfu: 0.00 | epoch: 1 pq: 1 rg: 30 | total time: 4.17m | eta: 5.7m
step 00229/00528 (43.37%) | loss: 4.258807 | lrm: 0.88 | dt: 1154.42ms | tok/sec: 227,079 | bf16_mfu: 0.00 | epoch: 1 pq: 1 rg: 30 | total time: 4.19m | eta: 5.7m
step 00230/00528 (43.56%) | loss: 4.265200 | lrm: 0.88 | dt: 1149.23ms | tok/sec: 228,104 | bf16_mfu: 0.00 | epoch: 1 pq: 1 rg: 31 | total time: 4.21m | eta: 5.7m
step 00231/00528 (43.75%) | loss: 4.255680 | lrm: 0.87 | dt: 1157.83ms | tok/sec: 226,410 | bf16_mfu: 0.00 | epoch: 1 pq: 1 rg: 31 | total time: 4.23m | eta: 5.7m
step 00232/00528 (43.94%) | loss: 4.262451 | lrm: 0.87 | dt: 1152.45ms | tok/sec: 227,467 | bf16_mfu: 0.00 | epoch: 1 pq: 1 rg: 32 | total time: 4.24m | eta: 5.7m
step 00233/00528 (44.13%) | loss: 4.247909 | lrm: 0.87 | dt: 1151.01ms | tok/sec: 227,750 | bf16_mfu: 0.00 | epoch: 1 pq: 1 rg: 32 | total time: 4.26m | eta: 5.6m
step 00234/00528 (44.32%) | loss: 4.241864 | lrm: 0.86 | dt: 1150.64ms | tok/sec: 227,824 | bf16_mfu: 0.00 | epoch: 1 pq: 1 rg: 33 | total time: 4.28m | eta: 5.6m
step 00235/00528 (44.51%) | loss: 4.241311 | lrm: 0.86 | dt: 1155.67ms | tok/sec: 226,832 | bf16_mfu: 0.00 | epoch: 1 pq: 1 rg: 33 | total time: 4.30m | eta: 5.6m
step 00236/00528 (44.70%) | loss: 4.247615 | lrm: 0.86 | dt: 1149.63ms | tok/sec: 228,025 | bf16_mfu: 0.00 | epoch: 1 pq: 1 rg: 34 | total time: 4.32m | eta: 5.6m
step 00237/00528 (44.89%) | loss: 4.242283 | lrm: 0.86 | dt: 1150.79ms | tok/sec: 227,794 | bf16_mfu: 0.00 | epoch: 1 pq: 1 rg: 34 | total time: 4.34m | eta: 5.6m
step 00238/00528 (45.08%) | loss: 4.237461 | lrm: 0.85 | dt: 1151.20ms | tok/sec: 227,714 | bf16_mfu: 0.00 | epoch: 1 pq: 1 rg: 35 | total time: 4.36m | eta: 5.5m
step 00239/00528 (45.27%) | loss: 4.227844 | lrm: 0.85 | dt: 1154.97ms | tok/sec: 226,970 | bf16_mfu: 0.00 | epoch: 1 pq: 1 rg: 35 | total time: 4.38m | eta: 5.5m
Step 00240 | Validation bpb: 1.263067
step 00240/00528 (45.45%) | loss: 4.214771 | lrm: 0.85 | dt: 1159.91ms | tok/sec: 226,004 | bf16_mfu: 0.00 | epoch: 1 pq: 1 rg: 36 | total time: 4.40m | eta: 5.5m
step 00241/00528 (45.64%) | loss: 4.210277 | lrm: 0.84 | dt: 1154.39ms | tok/sec: 227,083 | bf16_mfu: 0.00 | epoch: 1 pq: 1 rg: 36 | total time: 4.42m | eta: 5.5m
step 00242/00528 (45.83%) | loss: 4.196985 | lrm: 0.84 | dt: 1154.11ms | tok/sec: 227,139 | bf16_mfu: 0.00 | epoch: 1 pq: 1 rg: 37 | total time: 4.44m | eta: 5.5m
step 00243/00528 (46.02%) | loss: 4.180483 | lrm: 0.84 | dt: 1152.33ms | tok/sec: 227,490 | bf16_mfu: 0.00 | epoch: 1 pq: 1 rg: 37 | total time: 4.46m | eta: 5.5m
step 00244/00528 (46.21%) | loss: 4.209020 | lrm: 0.84 | dt: 1156.83ms | tok/sec: 226,604 | bf16_mfu: 0.00 | epoch: 1 pq: 1 rg: 38 | total time: 4.47m | eta: 5.4m
step 00245/00528 (46.40%) | loss: 4.214306 | lrm: 0.83 | dt: 1152.24ms | tok/sec: 227,508 | bf16_mfu: 0.00 | epoch: 1 pq: 1 rg: 38 | total time: 4.49m | eta: 5.4m
step 00246/00528 (46.59%) | loss: 4.211694 | lrm: 0.83 | dt: 1154.29ms | tok/sec: 227,103 | bf16_mfu: 0.00 | epoch: 1 pq: 1 rg: 39 | total time: 4.51m | eta: 5.4m
step 00247/00528 (46.78%) | loss: 4.205542 | lrm: 0.83 | dt: 1156.78ms | tok/sec: 226,615 | bf16_mfu: 0.00 | epoch: 1 pq: 1 rg: 39 | total time: 4.53m | eta: 5.4m
step 00248/00528 (46.97%) | loss: 4.205878 | lrm: 0.83 | dt: 1146.23ms | tok/sec: 228,700 | bf16_mfu: 0.00 | epoch: 1 pq: 1 rg: 40 | total time: 4.55m | eta: 5.4m
step 00249/00528 (47.16%) | loss: 4.212904 | lrm: 0.82 | dt: 1153.42ms | tok/sec: 227,275 | bf16_mfu: 0.00 | epoch: 1 pq: 1 rg: 40 | total time: 4.57m | eta: 5.3m
step 00250/00528 (47.35%) | loss: 4.210982 | lrm: 0.82 | dt: 1147.80ms | tok/sec: 228,387 | bf16_mfu: 0.00 | epoch: 1 pq: 1 rg: 41 | total time: 4.59m | eta: 5.3m
step 00251/00528 (47.54%) | loss: 4.206957 | lrm: 0.82 | dt: 1154.19ms | tok/sec: 227,124 | bf16_mfu: 0.00 | epoch: 1 pq: 1 rg: 41 | total time: 4.61m | eta: 5.3m
step 00252/00528 (47.73%) | loss: 4.225470 | lrm: 0.81 | dt: 1154.80ms | tok/sec: 227,003 | bf16_mfu: 0.00 | epoch: 1 pq: 1 rg: 42 | total time: 4.63m | eta: 5.3m
step 00253/00528 (47.92%) | loss: 4.225819 | lrm: 0.81 | dt: 1155.41ms | tok/sec: 226,883 | bf16_mfu: 0.00 | epoch: 1 pq: 1 rg: 42 | total time: 4.65m | eta: 5.3m
step 00254/00528 (48.11%) | loss: 4.219729 | lrm: 0.81 | dt: 1148.89ms | tok/sec: 228,171 | bf16_mfu: 0.00 | epoch: 1 pq: 1 rg: 43 | total time: 4.67m | eta: 5.2m
step 00255/00528 (48.30%) | loss: 4.201729 | lrm: 0.81 | dt: 1155.71ms | tok/sec: 226,825 | bf16_mfu: 0.00 | epoch: 1 pq: 1 rg: 43 | total time: 4.69m | eta: 5.2m
step 00256/00528 (48.48%) | loss: 4.186202 | lrm: 0.80 | dt: 1149.31ms | tok/sec: 228,089 | bf16_mfu: 0.00 | epoch: 1 pq: 1 rg: 43 | total time: 4.71m | eta: 5.2m
step 00257/00528 (48.67%) | loss: 4.170727 | lrm: 0.80 | dt: 1152.17ms | tok/sec: 227,521 | bf16_mfu: 0.00 | epoch: 1 pq: 1 rg: 44 | total time: 4.72m | eta: 5.2m
step 00258/00528 (48.86%) | loss: 4.155930 | lrm: 0.80 | dt: 1151.07ms | tok/sec: 227,739 | bf16_mfu: 0.00 | epoch: 1 pq: 1 rg: 44 | total time: 4.74m | eta: 5.2m
step 00259/00528 (49.05%) | loss: 4.157059 | lrm: 0.80 | dt: 1150.66ms | tok/sec: 227,820 | bf16_mfu: 0.00 | epoch: 1 pq: 1 rg: 45 | total time: 4.76m | eta: 5.1m
Step 00260 | Validation bpb: 1.248978
step 00260/00528 (49.24%) | loss: 4.175847 | lrm: 0.79 | dt: 1157.62ms | tok/sec: 226,450 | bf16_mfu: 0.00 | epoch: 1 pq: 1 rg: 45 | total time: 4.78m | eta: 5.1m
step 00261/00528 (49.43%) | loss: 4.175430 | lrm: 0.79 | dt: 1152.25ms | tok/sec: 227,505 | bf16_mfu: 0.00 | epoch: 1 pq: 1 rg: 46 | total time: 4.80m | eta: 5.1m
step 00262/00528 (49.62%) | loss: 4.174745 | lrm: 0.79 | dt: 1149.02ms | tok/sec: 228,145 | bf16_mfu: 0.00 | epoch: 1 pq: 1 rg: 46 | total time: 4.82m | eta: 5.1m
step 00263/00528 (49.81%) | loss: 4.156334 | lrm: 0.78 | dt: 1153.34ms | tok/sec: 227,291 | bf16_mfu: 0.00 | epoch: 1 pq: 1 rg: 47 | total time: 4.84m | eta: 5.1m
step 00264/00528 (50.00%) | loss: 4.146295 | lrm: 0.78 | dt: 1152.54ms | tok/sec: 227,448 | bf16_mfu: 0.00 | epoch: 1 pq: 1 rg: 47 | total time: 4.86m | eta: 5.1m
step 00265/00528 (50.19%) | loss: 4.144092 | lrm: 0.78 | dt: 1153.62ms | tok/sec: 227,236 | bf16_mfu: 0.00 | epoch: 1 pq: 1 rg: 48 | total time: 4.88m | eta: 5.0m
step 00266/00528 (50.38%) | loss: 4.133247 | lrm: 0.78 | dt: 1146.50ms | tok/sec: 228,646 | bf16_mfu: 0.00 | epoch: 1 pq: 1 rg: 48 | total time: 4.90m | eta: 5.0m
step 00267/00528 (50.57%) | loss: 4.126052 | lrm: 0.77 | dt: 1150.03ms | tok/sec: 227,945 | bf16_mfu: 0.00 | epoch: 1 pq: 1 rg: 49 | total time: 4.92m | eta: 5.0m
step 00268/00528 (50.76%) | loss: 4.142218 | lrm: 0.77 | dt: 1155.34ms | tok/sec: 226,897 | bf16_mfu: 0.00 | epoch: 1 pq: 1 rg: 49 | total time: 4.94m | eta: 5.0m
step 00269/00528 (50.95%) | loss: 4.136995 | lrm: 0.77 | dt: 1151.22ms | tok/sec: 227,709 | bf16_mfu: 0.00 | epoch: 1 pq: 1 rg: 50 | total time: 4.96m | eta: 5.0m
step 00270/00528 (51.14%) | loss: 4.131962 | lrm: 0.76 | dt: 1151.01ms | tok/sec: 227,750 | bf16_mfu: 0.00 | epoch: 1 pq: 1 rg: 50 | total time: 4.97m | eta: 4.9m
step 00271/00528 (51.33%) | loss: 4.131725 | lrm: 0.76 | dt: 1151.32ms | tok/sec: 227,690 | bf16_mfu: 0.00 | epoch: 1 pq: 1 rg: 51 | total time: 4.99m | eta: 4.9m
step 00272/00528 (51.52%) | loss: 4.117280 | lrm: 0.76 | dt: 1153.26ms | tok/sec: 227,307 | bf16_mfu: 0.00 | epoch: 1 pq: 1 rg: 51 | total time: 5.01m | eta: 4.9m
step 00273/00528 (51.70%) | loss: 4.124421 | lrm: 0.76 | dt: 1151.70ms | tok/sec: 227,615 | bf16_mfu: 0.00 | epoch: 1 pq: 1 rg: 52 | total time: 5.03m | eta: 4.9m
step 00274/00528 (51.89%) | loss: 4.119638 | lrm: 0.75 | dt: 1153.10ms | tok/sec: 227,338 | bf16_mfu: 0.00 | epoch: 1 pq: 1 rg: 52 | total time: 5.05m | eta: 4.9m
step 00275/00528 (52.08%) | loss: 4.121867 | lrm: 0.75 | dt: 1150.12ms | tok/sec: 227,927 | bf16_mfu: 0.00 | epoch: 1 pq: 1 rg: 53 | total time: 5.07m | eta: 4.8m
step 00276/00528 (52.27%) | loss: 4.133486 | lrm: 0.75 | dt: 1150.25ms | tok/sec: 227,902 | bf16_mfu: 0.00 | epoch: 1 pq: 1 rg: 53 | total time: 5.09m | eta: 4.8m
step 00277/00528 (52.46%) | loss: 4.132003 | lrm: 0.75 | dt: 1152.08ms | tok/sec: 227,540 | bf16_mfu: 0.00 | epoch: 1 pq: 1 rg: 54 | total time: 5.11m | eta: 4.8m
2026-09-13 14:52:27,184 - nanochat.checkpoint_manager - [32m[1mINFO[0m - Saved model parameters to: /home/s4597036/scratch/nanochat/base_checkpoints/d4-L/model_000300.pt
2026-09-13 14:52:27,185 - nanochat.checkpoint_manager - [32m[1mINFO[0m - Saved metadata to: /home/s4597036/scratch/nanochat/base_checkpoints/d4-L/meta_000300.json
2026-09-13 14:52:27,492 - nanochat.checkpoint_manager - [32m[1mINFO[0m - Saved optimizer state to: /home/s4597036/scratch/nanochat/base_checkpoints/d4-L/optim_000300_rank0.pt
step 00278/00528 (52.65%) | loss: 4.125896 | lrm: 0.74 | dt: 1154.03ms | tok/sec: 227,154 | bf16_mfu: 0.00 | epoch: 1 pq: 1 rg: 54 | total time: 5.13m | eta: 4.8m
step 00279/00528 (52.84%) | loss: 4.126093 | lrm: 0.74 | dt: 1151.03ms | tok/sec: 227,747 | bf16_mfu: 0.00 | epoch: 1 pq: 1 rg: 55 | total time: 5.15m | eta: 4.8m
Step 00280 | Validation bpb: 1.235395
step 00280/00528 (53.03%) | loss: 4.130996 | lrm: 0.74 | dt: 1156.92ms | tok/sec: 226,587 | bf16_mfu: 0.00 | epoch: 1 pq: 1 rg: 55 | total time: 5.17m | eta: 4.7m
step 00281/00528 (53.22%) | loss: 4.120905 | lrm: 0.73 | dt: 1154.58ms | tok/sec: 227,047 | bf16_mfu: 0.00 | epoch: 1 pq: 1 rg: 56 | total time: 5.19m | eta: 4.7m
step 00282/00528 (53.41%) | loss: 4.109203 | lrm: 0.73 | dt: 1154.43ms | tok/sec: 227,076 | bf16_mfu: 0.00 | epoch: 1 pq: 1 rg: 56 | total time: 5.20m | eta: 4.7m
step 00283/00528 (53.60%) | loss: 4.109390 | lrm: 0.73 | dt: 1154.01ms | tok/sec: 227,159 | bf16_mfu: 0.00 | epoch: 1 pq: 1 rg: 57 | total time: 5.22m | eta: 4.7m
step 00284/00528 (53.79%) | loss: 4.100914 | lrm: 0.73 | dt: 1150.20ms | tok/sec: 227,911 | bf16_mfu: 0.00 | epoch: 1 pq: 1 rg: 57 | total time: 5.24m | eta: 4.7m
step 00285/00528 (53.98%) | loss: 4.113270 | lrm: 0.72 | dt: 1154.05ms | tok/sec: 227,151 | bf16_mfu: 0.00 | epoch: 1 pq: 1 rg: 57 | total time: 5.26m | eta: 4.7m
step 00286/00528 (54.17%) | loss: 4.123373 | lrm: 0.72 | dt: 1152.54ms | tok/sec: 227,449 | bf16_mfu: 0.00 | epoch: 1 pq: 1 rg: 58 | total time: 5.28m | eta: 4.6m
step 00287/00528 (54.36%) | loss: 4.123168 | lrm: 0.72 | dt: 1155.69ms | tok/sec: 226,828 | bf16_mfu: 0.00 | epoch: 1 pq: 1 rg: 58 | total time: 5.30m | eta: 4.6m
step 00288/00528 (54.55%) | loss: 4.107036 | lrm: 0.71 | dt: 1149.76ms | tok/sec: 227,998 | bf16_mfu: 0.00 | epoch: 1 pq: 1 rg: 59 | total time: 5.32m | eta: 4.6m
step 00289/00528 (54.73%) | loss: 4.098905 | lrm: 0.71 | dt: 1150.93ms | tok/sec: 227,766 | bf16_mfu: 0.00 | epoch: 1 pq: 1 rg: 59 | total time: 5.34m | eta: 4.6m
step 00290/00528 (54.92%) | loss: 4.092992 | lrm: 0.71 | dt: 1157.99ms | tok/sec: 226,378 | bf16_mfu: 0.00 | epoch: 1 pq: 1 rg: 60 | total time: 5.36m | eta: 4.6m
step 00291/00528 (55.11%) | loss: 4.086985 | lrm: 0.71 | dt: 1155.57ms | tok/sec: 226,853 | bf16_mfu: 0.00 | epoch: 1 pq: 1 rg: 60 | total time: 5.38m | eta: 4.5m
step 00292/00528 (55.30%) | loss: 4.091584 | lrm: 0.70 | dt: 1153.21ms | tok/sec: 227,317 | bf16_mfu: 0.00 | epoch: 1 pq: 1 rg: 61 | total time: 5.40m | eta: 4.5m
step 00293/00528 (55.49%) | loss: 4.097491 | lrm: 0.70 | dt: 1147.79ms | tok/sec: 228,391 | bf16_mfu: 0.00 | epoch: 1 pq: 1 rg: 61 | total time: 5.42m | eta: 4.5m
step 00294/00528 (55.68%) | loss: 4.099068 | lrm: 0.70 | dt: 1159.92ms | tok/sec: 226,002 | bf16_mfu: 0.00 | epoch: 1 pq: 1 rg: 62 | total time: 5.44m | eta: 4.5m
step 00295/00528 (55.87%) | loss: 4.084708 | lrm: 0.70 | dt: 1150.66ms | tok/sec: 227,821 | bf16_mfu: 0.00 | epoch: 1 pq: 1 rg: 62 | total time: 5.45m | eta: 4.5m
step 00296/00528 (56.06%) | loss: 4.087090 | lrm: 0.69 | dt: 1157.19ms | tok/sec: 226,534 | bf16_mfu: 0.00 | epoch: 1 pq: 1 rg: 63 | total time: 5.47m | eta: 4.4m
step 00297/00528 (56.25%) | loss: 4.079083 | lrm: 0.69 | dt: 1153.35ms | tok/sec: 227,289 | bf16_mfu: 0.00 | epoch: 1 pq: 1 rg: 63 | total time: 5.49m | eta: 4.4m
step 00298/00528 (56.44%) | loss: 4.076529 | lrm: 0.69 | dt: 1152.97ms | tok/sec: 227,363 | bf16_mfu: 0.00 | epoch: 1 pq: 1 rg: 64 | total time: 5.51m | eta: 4.4m
step 00299/00528 (56.63%) | loss: 4.065411 | lrm: 0.68 | dt: 1154.29ms | tok/sec: 227,104 | bf16_mfu: 0.00 | epoch: 1 pq: 1 rg: 64 | total time: 5.53m | eta: 4.4m
Step 00300 | Validation bpb: 1.222026
step 00300/00528 (56.82%) | loss: 4.056084 | lrm: 0.68 | dt: 1165.78ms | tok/sec: 224,866 | bf16_mfu: 0.00 | epoch: 1 pq: 1 rg: 65 | total time: 5.55m | eta: 4.4m
step 00301/00528 (57.01%) | loss: 4.035099 | lrm: 0.68 | dt: 1157.02ms | tok/sec: 226,568 | bf16_mfu: 0.00 | epoch: 1 pq: 1 rg: 65 | total time: 5.57m | eta: 4.3m
step 00302/00528 (57.20%) | loss: 4.034680 | lrm: 0.68 | dt: 1158.15ms | tok/sec: 226,346 | bf16_mfu: 0.00 | epoch: 1 pq: 1 rg: 66 | total time: 5.59m | eta: 4.3m
step 00303/00528 (57.39%) | loss: 4.044878 | lrm: 0.67 | dt: 1151.66ms | tok/sec: 227,622 | bf16_mfu: 0.00 | epoch: 1 pq: 1 rg: 66 | total time: 5.61m | eta: 4.3m
step 00304/00528 (57.58%) | loss: 4.046603 | lrm: 0.67 | dt: 1150.84ms | tok/sec: 227,785 | bf16_mfu: 0.00 | epoch: 1 pq: 1 rg: 67 | total time: 5.63m | eta: 4.3m
step 00305/00528 (57.77%) | loss: 4.032058 | lrm: 0.67 | dt: 1152.88ms | tok/sec: 227,382 | bf16_mfu: 0.00 | epoch: 1 pq: 1 rg: 67 | total time: 5.65m | eta: 4.3m
step 00306/00528 (57.95%) | loss: 4.031146 | lrm: 0.66 | dt: 1150.59ms | tok/sec: 227,833 | bf16_mfu: 0.00 | epoch: 1 pq: 1 rg: 68 | total time: 5.67m | eta: 4.2m
step 00307/00528 (58.14%) | loss: 4.031680 | lrm: 0.66 | dt: 1153.78ms | tok/sec: 227,205 | bf16_mfu: 0.00 | epoch: 1 pq: 1 rg: 68 | total time: 5.69m | eta: 4.2m
step 00308/00528 (58.33%) | loss: 4.025067 | lrm: 0.66 | dt: 1154.84ms | tok/sec: 226,995 | bf16_mfu: 0.00 | epoch: 1 pq: 1 rg: 69 | total time: 5.70m | eta: 4.2m
step 00309/00528 (58.52%) | loss: 4.025920 | lrm: 0.66 | dt: 1154.71ms | tok/sec: 227,021 | bf16_mfu: 0.00 | epoch: 1 pq: 1 rg: 69 | total time: 5.72m | eta: 4.2m
step 00310/00528 (58.71%) | loss: 4.025871 | lrm: 0.65 | dt: 1150.21ms | tok/sec: 227,909 | bf16_mfu: 0.00 | epoch: 1 pq: 1 rg: 70 | total time: 5.74m | eta: 4.2m
step 00311/00528 (58.90%) | loss: 4.023301 | lrm: 0.65 | dt: 1154.00ms | tok/sec: 227,160 | bf16_mfu: 0.00 | epoch: 1 pq: 1 rg: 70 | total time: 5.76m | eta: 4.2m
step 00312/00528 (59.09%) | loss: 4.011770 | lrm: 0.65 | dt: 1155.34ms | tok/sec: 226,897 | bf16_mfu: 0.00 | epoch: 1 pq: 1 rg: 71 | total time: 5.78m | eta: 4.1m
step 00313/00528 (59.28%) | loss: 4.013890 | lrm: 0.65 | dt: 1154.68ms | tok/sec: 227,028 | bf16_mfu: 0.00 | epoch: 1 pq: 1 rg: 71 | total time: 5.80m | eta: 4.1m
step 00314/00528 (59.47%) | loss: 4.020423 | lrm: 0.64 | dt: 1153.81ms | tok/sec: 227,198 | bf16_mfu: 0.00 | epoch: 1 pq: 1 rg: 72 | total time: 5.82m | eta: 4.1m
step 00315/00528 (59.66%) | loss: 4.029692 | lrm: 0.64 | dt: 1153.48ms | tok/sec: 227,263 | bf16_mfu: 0.00 | epoch: 1 pq: 1 rg: 72 | total time: 5.84m | eta: 4.1m
step 00316/00528 (59.85%) | loss: 4.031033 | lrm: 0.64 | dt: 1153.45ms | tok/sec: 227,270 | bf16_mfu: 0.00 | epoch: 1 pq: 1 rg: 73 | total time: 5.86m | eta: 4.1m
step 00317/00528 (60.04%) | loss: 4.020830 | lrm: 0.63 | dt: 1155.18ms | tok/sec: 226,928 | bf16_mfu: 0.00 | epoch: 1 pq: 1 rg: 73 | total time: 5.88m | eta: 4.0m
step 00318/00528 (60.23%) | loss: 4.030694 | lrm: 0.63 | dt: 1152.80ms | tok/sec: 227,398 | bf16_mfu: 0.00 | epoch: 1 pq: 1 rg: 74 | total time: 5.90m | eta: 4.0m
step 00319/00528 (60.42%) | loss: 4.025848 | lrm: 0.63 | dt: 1151.85ms | tok/sec: 227,586 | bf16_mfu: 0.00 | epoch: 1 pq: 1 rg: 74 | total time: 5.92m | eta: 4.0m
Step 00320 | Validation bpb: 1.209010
step 00320/00528 (60.61%) | loss: 4.026006 | lrm: 0.63 | dt: 1163.13ms | tok/sec: 225,377 | bf16_mfu: 0.00 | epoch: 1 pq: 1 rg: 75 | total time: 5.94m | eta: 4.0m
step 00321/00528 (60.80%) | loss: 4.016910 | lrm: 0.62 | dt: 1154.81ms | tok/sec: 227,001 | bf16_mfu: 0.00 | epoch: 1 pq: 1 rg: 75 | total time: 5.95m | eta: 4.0m
step 00322/00528 (60.98%) | loss: 4.022010 | lrm: 0.62 | dt: 1160.53ms | tok/sec: 225,883 | bf16_mfu: 0.00 | epoch: 1 pq: 1 rg: 76 | total time: 5.97m | eta: 3.9m
step 00323/00528 (61.17%) | loss: 4.001257 | lrm: 0.62 | dt: 1151.81ms | tok/sec: 227,593 | bf16_mfu: 0.00 | epoch: 1 pq: 1 rg: 76 | total time: 5.99m | eta: 3.9m
step 00324/00528 (61.36%) | loss: 3.978960 | lrm: 0.62 | dt: 1155.30ms | tok/sec: 226,904 | bf16_mfu: 0.00 | epoch: 1 pq: 1 rg: 76 | total time: 6.01m | eta: 3.9m
step 00325/00528 (61.55%) | loss: 3.980222 | lrm: 0.61 | dt: 1158.77ms | tok/sec: 226,226 | bf16_mfu: 0.00 | epoch: 1 pq: 1 rg: 77 | total time: 6.03m | eta: 3.9m
step 00326/00528 (61.74%) | loss: 3.981507 | lrm: 0.61 | dt: 1154.01ms | tok/sec: 227,158 | bf16_mfu: 0.00 | epoch: 1 pq: 1 rg: 77 | total time: 6.05m | eta: 3.9m
step 00327/00528 (61.93%) | loss: 3.966022 | lrm: 0.61 | dt: 1155.69ms | tok/sec: 226,829 | bf16_mfu: 0.00 | epoch: 1 pq: 1 rg: 78 | total time: 6.07m | eta: 3.8m
step 00328/00528 (62.12%) | loss: 3.970187 | lrm: 0.60 | dt: 1151.82ms | tok/sec: 227,590 | bf16_mfu: 0.00 | epoch: 1 pq: 1 rg: 78 | total time: 6.09m | eta: 3.8m
step 00329/00528 (62.31%) | loss: 3.993014 | lrm: 0.60 | dt: 1153.21ms | tok/sec: 227,316 | bf16_mfu: 0.00 | epoch: 1 pq: 1 rg: 79 | total time: 6.11m | eta: 3.8m
step 00330/00528 (62.50%) | loss: 3.975210 | lrm: 0.60 | dt: 1155.29ms | tok/sec: 226,906 | bf16_mfu: 0.00 | epoch: 1 pq: 1 rg: 79 | total time: 6.13m | eta: 3.8m
step 00331/00528 (62.69%) | loss: 3.968308 | lrm: 0.60 | dt: 1157.58ms | tok/sec: 226,459 | bf16_mfu: 0.00 | epoch: 1 pq: 1 rg: 80 | total time: 6.15m | eta: 3.8m
step 00332/00528 (62.88%) | loss: 3.973295 | lrm: 0.59 | dt: 1152.31ms | tok/sec: 227,494 | bf16_mfu: 0.00 | epoch: 1 pq: 1 rg: 80 | total time: 6.17m | eta: 3.8m
step 00333/00528 (63.07%) | loss: 3.987642 | lrm: 0.59 | dt: 1155.54ms | tok/sec: 226,857 | bf16_mfu: 0.00 | epoch: 1 pq: 1 rg: 81 | total time: 6.19m | eta: 3.7m
step 00334/00528 (63.26%) | loss: 3.983860 | lrm: 0.59 | dt: 1155.85ms | tok/sec: 226,797 | bf16_mfu: 0.00 | epoch: 1 pq: 1 rg: 81 | total time: 6.21m | eta: 3.7m
step 00335/00528 (63.45%) | loss: 3.994395 | lrm: 0.58 | dt: 1154.99ms | tok/sec: 226,967 | bf16_mfu: 0.00 | epoch: 1 pq: 1 rg: 82 | total time: 6.22m | eta: 3.7m
step 00336/00528 (63.64%) | loss: 3.992881 | lrm: 0.58 | dt: 1152.60ms | tok/sec: 227,436 | bf16_mfu: 0.00 | epoch: 1 pq: 1 rg: 82 | total time: 6.24m | eta: 3.7m
step 00337/00528 (63.83%) | loss: 3.986545 | lrm: 0.58 | dt: 1157.06ms | tok/sec: 226,560 | bf16_mfu: 0.00 | epoch: 1 pq: 1 rg: 83 | total time: 6.26m | eta: 3.7m
step 00338/00528 (64.02%) | loss: 3.984878 | lrm: 0.58 | dt: 1152.31ms | tok/sec: 227,494 | bf16_mfu: 0.00 | epoch: 1 pq: 1 rg: 83 | total time: 6.28m | eta: 3.6m
step 00339/00528 (64.20%) | loss: 3.984770 | lrm: 0.57 | dt: 1261.74ms | tok/sec: 207,763 | bf16_mfu: 0.00 | epoch: 1 pq: 2 rg: 0 | total time: 6.30m | eta: 3.6m
Step 00340 | Validation bpb: 1.198234
step 00340/00528 (64.39%) | loss: 3.996061 | lrm: 0.57 | dt: 1159.22ms | tok/sec: 226,137 | bf16_mfu: 0.00 | epoch: 1 pq: 2 rg: 0 | total time: 6.32m | eta: 3.6m
step 00341/00528 (64.58%) | loss: 3.995988 | lrm: 0.57 | dt: 1154.42ms | tok/sec: 227,078 | bf16_mfu: 0.00 | epoch: 1 pq: 2 rg: 1 | total time: 6.34m | eta: 3.6m
step 00342/00528 (64.77%) | loss: 3.991003 | lrm: 0.57 | dt: 1155.83ms | tok/sec: 226,800 | bf16_mfu: 0.00 | epoch: 1 pq: 2 rg: 1 | total time: 6.36m | eta: 3.6m
step 00343/00528 (64.96%) | loss: 3.985574 | lrm: 0.56 | dt: 1150.52ms | tok/sec: 227,847 | bf16_mfu: 0.00 | epoch: 1 pq: 2 rg: 2 | total time: 6.38m | eta: 3.5m
step 00344/00528 (65.15%) | loss: 3.981666 | lrm: 0.56 | dt: 1153.20ms | tok/sec: 227,317 | bf16_mfu: 0.00 | epoch: 1 pq: 2 rg: 2 | total time: 6.40m | eta: 3.5m
step 00345/00528 (65.34%) | loss: 3.993754 | lrm: 0.56 | dt: 1153.07ms | tok/sec: 227,343 | bf16_mfu: 0.00 | epoch: 1 pq: 2 rg: 3 | total time: 6.42m | eta: 3.5m
step 00346/00528 (65.53%) | loss: 3.985543 | lrm: 0.55 | dt: 1158.11ms | tok/sec: 226,355 | bf16_mfu: 0.00 | epoch: 1 pq: 2 rg: 3 | total time: 6.44m | eta: 3.5m
step 00347/00528 (65.72%) | loss: 3.973550 | lrm: 0.55 | dt: 1157.59ms | tok/sec: 226,456 | bf16_mfu: 0.00 | epoch: 1 pq: 2 rg: 4 | total time: 6.46m | eta: 3.5m
step 00348/00528 (65.91%) | loss: 3.981368 | lrm: 0.55 | dt: 1154.12ms | tok/sec: 227,137 | bf16_mfu: 0.00 | epoch: 1 pq: 2 rg: 4 | total time: 6.48m | eta: 3.4m
step 00349/00528 (66.10%) | loss: 3.953412 | lrm: 0.55 | dt: 1156.23ms | tok/sec: 226,723 | bf16_mfu: 0.00 | epoch: 1 pq: 2 rg: 5 | total time: 6.50m | eta: 3.4m
step 00350/00528 (66.29%) | loss: 3.960688 | lrm: 0.54 | dt: 1155.55ms | tok/sec: 226,856 | bf16_mfu: 0.00 | epoch: 1 pq: 2 rg: 5 | total time: 6.52m | eta: 3.4m
step 00351/00528 (66.48%) | loss: 3.960436 | lrm: 0.54 | dt: 1157.32ms | tok/sec: 226,509 | bf16_mfu: 0.00 | epoch: 1 pq: 2 rg: 6 | total time: 6.53m | eta: 3.4m
step 00352/00528 (66.67%) | loss: 3.962791 | lrm: 0.54 | dt: 1157.78ms | tok/sec: 226,418 | bf16_mfu: 0.00 | epoch: 1 pq: 2 rg: 6 | total time: 6.55m | eta: 3.4m
step 00353/00528 (66.86%) | loss: 3.961032 | lrm: 0.53 | dt: 1153.12ms | tok/sec: 227,335 | bf16_mfu: 0.00 | epoch: 1 pq: 2 rg: 7 | total time: 6.57m | eta: 3.4m
step 00354/00528 (67.05%) | loss: 3.964242 | lrm: 0.53 | dt: 1154.08ms | tok/sec: 227,145 | bf16_mfu: 0.00 | epoch: 1 pq: 2 rg: 7 | total time: 6.59m | eta: 3.3m
step 00355/00528 (67.23%) | loss: 3.956105 | lrm: 0.53 | dt: 1162.50ms | tok/sec: 225,499 | bf16_mfu: 0.00 | epoch: 1 pq: 2 rg: 8 | total time: 6.61m | eta: 3.3m
step 00356/00528 (67.42%) | loss: 3.941446 | lrm: 0.53 | dt: 1154.83ms | tok/sec: 226,997 | bf16_mfu: 0.00 | epoch: 1 pq: 2 rg: 8 | total time: 6.63m | eta: 3.3m
step 00357/00528 (67.61%) | loss: 3.938912 | lrm: 0.52 | dt: 1155.08ms | tok/sec: 226,949 | bf16_mfu: 0.00 | epoch: 1 pq: 2 rg: 9 | total time: 6.65m | eta: 3.3m
step 00358/00528 (67.80%) | loss: 3.947666 | lrm: 0.52 | dt: 1151.27ms | tok/sec: 227,700 | bf16_mfu: 0.00 | epoch: 1 pq: 2 rg: 9 | total time: 6.67m | eta: 3.3m
step 00359/00528 (67.99%) | loss: 3.951152 | lrm: 0.52 | dt: 1154.72ms | tok/sec: 227,018 | bf16_mfu: 0.00 | epoch: 1 pq: 2 rg: 9 | total time: 6.69m | eta: 3.2m
Step 00360 | Validation bpb: 1.188546
step 00360/00528 (68.18%) | loss: 3.942051 | lrm: 0.52 | dt: 1163.02ms | tok/sec: 225,399 | bf16_mfu: 0.00 | epoch: 1 pq: 2 rg: 10 | total time: 6.71m | eta: 3.2m
step 00361/00528 (68.37%) | loss: 3.919906 | lrm: 0.51 | dt: 1152.05ms | tok/sec: 227,544 | bf16_mfu: 0.00 | epoch: 1 pq: 2 rg: 10 | total time: 6.73m | eta: 3.2m
step 00362/00528 (68.56%) | loss: 3.922003 | lrm: 0.51 | dt: 1153.81ms | tok/sec: 227,198 | bf16_mfu: 0.00 | epoch: 1 pq: 2 rg: 11 | total time: 6.75m | eta: 3.2m
step 00363/00528 (68.75%) | loss: 3.927314 | lrm: 0.51 | dt: 1154.43ms | tok/sec: 227,075 | bf16_mfu: 0.00 | epoch: 1 pq: 2 rg: 11 | total time: 6.77m | eta: 3.2m
step 00364/00528 (68.94%) | loss: 3.916108 | lrm: 0.50 | dt: 1159.40ms | tok/sec: 226,103 | bf16_mfu: 0.00 | epoch: 1 pq: 2 rg: 12 | total time: 6.78m | eta: 3.1m
step 00365/00528 (69.13%) | loss: 3.921893 | lrm: 0.50 | dt: 1153.02ms | tok/sec: 227,354 | bf16_mfu: 0.00 | epoch: 1 pq: 2 rg: 12 | total time: 6.80m | eta: 3.1m
step 00366/00528 (69.32%) | loss: 3.922752 | lrm: 0.50 | dt: 1157.28ms | tok/sec: 226,516 | bf16_mfu: 0.00 | epoch: 1 pq: 2 rg: 13 | total time: 6.82m | eta: 3.1m
step 00367/00528 (69.51%) | loss: 3.929986 | lrm: 0.50 | dt: 1155.69ms | tok/sec: 226,829 | bf16_mfu: 0.00 | epoch: 1 pq: 2 rg: 13 | total time: 6.84m | eta: 3.1m
step 00368/00528 (69.70%) | loss: 3.912718 | lrm: 0.49 | dt: 1155.93ms | tok/sec: 226,782 | bf16_mfu: 0.00 | epoch: 1 pq: 2 rg: 14 | total time: 6.86m | eta: 3.1m
step 00369/00528 (69.89%) | loss: 3.925371 | lrm: 0.49 | dt: 1155.75ms | tok/sec: 226,818 | bf16_mfu: 0.00 | epoch: 1 pq: 2 rg: 14 | total time: 6.88m | eta: 3.0m
step 00370/00528 (70.08%) | loss: 3.912703 | lrm: 0.49 | dt: 1158.36ms | tok/sec: 226,306 | bf16_mfu: 0.00 | epoch: 1 pq: 2 rg: 15 | total time: 6.90m | eta: 3.0m
step 00371/00528 (70.27%) | loss: 3.907575 | lrm: 0.48 | dt: 1152.11ms | tok/sec: 227,533 | bf16_mfu: 0.00 | epoch: 1 pq: 2 rg: 15 | total time: 6.92m | eta: 3.0m
step 00372/00528 (70.45%) | loss: 3.899315 | lrm: 0.48 | dt: 1155.81ms | tok/sec: 226,806 | bf16_mfu: 0.00 | epoch: 1 pq: 2 rg: 16 | total time: 6.94m | eta: 3.0m
step 00373/00528 (70.64%) | loss: 3.898427 | lrm: 0.48 | dt: 1153.58ms | tok/sec: 227,244 | bf16_mfu: 0.00 | epoch: 1 pq: 2 rg: 16 | total time: 6.96m | eta: 3.0m
step 00374/00528 (70.83%) | loss: 3.884063 | lrm: 0.48 | dt: 1155.98ms | tok/sec: 226,771 | bf16_mfu: 0.00 | epoch: 1 pq: 2 rg: 17 | total time: 6.98m | eta: 3.0m
step 00375/00528 (71.02%) | loss: 3.886806 | lrm: 0.47 | dt: 1159.08ms | tok/sec: 226,164 | bf16_mfu: 0.00 | epoch: 1 pq: 2 rg: 17 | total time: 7.00m | eta: 2.9m
2026-09-13 14:54:42,446 - nanochat.checkpoint_manager - [32m[1mINFO[0m - Saved model parameters to: /home/s4597036/scratch/nanochat/base_checkpoints/d4-L/model_000400.pt
2026-09-13 14:54:42,448 - nanochat.checkpoint_manager - [32m[1mINFO[0m - Saved metadata to: /home/s4597036/scratch/nanochat/base_checkpoints/d4-L/meta_000400.json
2026-09-13 14:54:42,697 - nanochat.checkpoint_manager - [32m[1mINFO[0m - Saved optimizer state to: /home/s4597036/scratch/nanochat/base_checkpoints/d4-L/optim_000400_rank0.pt
step 00376/00528 (71.21%) | loss: 3.873893 | lrm: 0.47 | dt: 1158.25ms | tok/sec: 226,326 | bf16_mfu: 0.00 | epoch: 1 pq: 2 rg: 18 | total time: 7.02m | eta: 2.9m
step 00377/00528 (71.40%) | loss: 3.872178 | lrm: 0.47 | dt: 1157.29ms | tok/sec: 226,515 | bf16_mfu: 0.00 | epoch: 1 pq: 2 rg: 18 | total time: 7.04m | eta: 2.9m
step 00378/00528 (71.59%) | loss: 3.877930 | lrm: 0.47 | dt: 1159.28ms | tok/sec: 226,125 | bf16_mfu: 0.00 | epoch: 1 pq: 2 rg: 19 | total time: 7.05m | eta: 2.9m
step 00379/00528 (71.78%) | loss: 3.882069 | lrm: 0.46 | dt: 1158.38ms | tok/sec: 226,301 | bf16_mfu: 0.00 | epoch: 1 pq: 2 rg: 19 | total time: 7.07m | eta: 2.9m
Step 00380 | Validation bpb: 1.179350
step 00380/00528 (71.97%) | loss: 3.865657 | lrm: 0.46 | dt: 1163.52ms | tok/sec: 225,302 | bf16_mfu: 0.00 | epoch: 1 pq: 2 rg: 20 | total time: 7.09m | eta: 2.8m
step 00381/00528 (72.16%) | loss: 3.864574 | lrm: 0.46 | dt: 1160.85ms | tok/sec: 225,820 | bf16_mfu: 0.00 | epoch: 1 pq: 2 rg: 20 | total time: 7.11m | eta: 2.8m
step 00382/00528 (72.35%) | loss: 3.865906 | lrm: 0.45 | dt: 1149.87ms | tok/sec: 227,976 | bf16_mfu: 0.00 | epoch: 1 pq: 2 rg: 21 | total time: 7.13m | eta: 2.8m
step 00383/00528 (72.54%) | loss: 3.868578 | lrm: 0.45 | dt: 1153.82ms | tok/sec: 227,196 | bf16_mfu: 0.00 | epoch: 1 pq: 2 rg: 21 | total time: 7.15m | eta: 2.8m
step 00384/00528 (72.73%) | loss: 3.872895 | lrm: 0.45 | dt: 1154.52ms | tok/sec: 227,058 | bf16_mfu: 0.00 | epoch: 1 pq: 2 rg: 22 | total time: 7.17m | eta: 2.8m
step 00385/00528 (72.92%) | loss: 3.869024 | lrm: 0.45 | dt: 1157.33ms | tok/sec: 226,507 | bf16_mfu: 0.00 | epoch: 1 pq: 2 rg: 22 | total time: 7.19m | eta: 2.7m
step 00386/00528 (73.11%) | loss: 3.864898 | lrm: 0.44 | dt: 1150.89ms | tok/sec: 227,775 | bf16_mfu: 0.00 | epoch: 1 pq: 2 rg: 23 | total time: 7.21m | eta: 2.7m
step 00387/00528 (73.30%) | loss: 3.860083 | lrm: 0.44 | dt: 1156.18ms | tok/sec: 226,733 | bf16_mfu: 0.00 | epoch: 1 pq: 2 rg: 23 | total time: 7.23m | eta: 2.7m
step 00388/00528 (73.48%) | loss: 3.853365 | lrm: 0.44 | dt: 1156.91ms | tok/sec: 226,589 | bf16_mfu: 0.00 | epoch: 1 pq: 2 rg: 24 | total time: 7.25m | eta: 2.7m
step 00389/00528 (73.67%) | loss: 3.866356 | lrm: 0.43 | dt: 1158.25ms | tok/sec: 226,327 | bf16_mfu: 0.00 | epoch: 1 pq: 2 rg: 24 | total time: 7.27m | eta: 2.7m
step 00390/00528 (73.86%) | loss: 3.858397 | lrm: 0.43 | dt: 1154.99ms | tok/sec: 226,966 | bf16_mfu: 0.00 | epoch: 1 pq: 2 rg: 25 | total time: 7.29m | eta: 2.6m
step 00391/00528 (74.05%) | loss: 3.868207 | lrm: 0.43 | dt: 1155.75ms | tok/sec: 226,817 | bf16_mfu: 0.00 | epoch: 1 pq: 2 rg: 25 | total time: 7.31m | eta: 2.6m
step 00392/00528 (74.24%) | loss: 3.866647 | lrm: 0.43 | dt: 1153.63ms | tok/sec: 227,234 | bf16_mfu: 0.00 | epoch: 1 pq: 2 rg: 26 | total time: 7.32m | eta: 2.6m
step 00393/00528 (74.43%) | loss: 3.870329 | lrm: 0.42 | dt: 1156.00ms | tok/sec: 226,768 | bf16_mfu: 0.00 | epoch: 1 pq: 2 rg: 26 | total time: 7.34m | eta: 2.6m
step 00394/00528 (74.62%) | loss: 3.863202 | lrm: 0.42 | dt: 1155.39ms | tok/sec: 226,888 | bf16_mfu: 0.00 | epoch: 1 pq: 2 rg: 27 | total time: 7.36m | eta: 2.6m
step 00395/00528 (74.81%) | loss: 3.865696 | lrm: 0.42 | dt: 1155.11ms | tok/sec: 226,942 | bf16_mfu: 0.00 | epoch: 1 pq: 2 rg: 27 | total time: 7.38m | eta: 2.6m
step 00396/00528 (75.00%) | loss: 3.858688 | lrm: 0.42 | dt: 1153.86ms | tok/sec: 227,189 | bf16_mfu: 0.00 | epoch: 1 pq: 2 rg: 28 | total time: 7.40m | eta: 2.5m
step 00397/00528 (75.19%) | loss: 3.851702 | lrm: 0.41 | dt: 1154.14ms | tok/sec: 227,134 | bf16_mfu: 0.00 | epoch: 1 pq: 2 rg: 28 | total time: 7.42m | eta: 2.5m
step 00398/00528 (75.38%) | loss: 3.863229 | lrm: 0.41 | dt: 1154.69ms | tok/sec: 227,025 | bf16_mfu: 0.00 | epoch: 1 pq: 2 rg: 28 | total time: 7.44m | eta: 2.5m
step 00399/00528 (75.57%) | loss: 3.853437 | lrm: 0.41 | dt: 1157.52ms | tok/sec: 226,469 | bf16_mfu: 0.00 | epoch: 1 pq: 2 rg: 29 | total time: 7.46m | eta: 2.5m
Step 00400 | Validation bpb: 1.171332
step 00400/00528 (75.76%) | loss: 3.842364 | lrm: 0.40 | dt: 1165.59ms | tok/sec: 224,901 | bf16_mfu: 0.00 | epoch: 1 pq: 2 rg: 29 | total time: 7.48m | eta: 2.5m
step 00401/00528 (75.95%) | loss: 3.849871 | lrm: 0.40 | dt: 1151.13ms | tok/sec: 227,728 | bf16_mfu: 0.00 | epoch: 1 pq: 2 rg: 30 | total time: 7.50m | eta: 2.4m
step 00402/00528 (76.14%) | loss: 3.857018 | lrm: 0.40 | dt: 1152.82ms | tok/sec: 227,394 | bf16_mfu: 0.00 | epoch: 1 pq: 2 rg: 30 | total time: 7.52m | eta: 2.4m
step 00403/00528 (76.33%) | loss: 3.866027 | lrm: 0.40 | dt: 1159.35ms | tok/sec: 226,112 | bf16_mfu: 0.00 | epoch: 1 pq: 2 rg: 31 | total time: 7.54m | eta: 2.4m
step 00404/00528 (76.52%) | loss: 3.871457 | lrm: 0.39 | dt: 1152.40ms | tok/sec: 227,475 | bf16_mfu: 0.00 | epoch: 1 pq: 2 rg: 31 | total time: 7.56m | eta: 2.4m
step 00405/00528 (76.70%) | loss: 3.876979 | lrm: 0.39 | dt: 1158.33ms | tok/sec: 226,311 | bf16_mfu: 0.00 | epoch: 1 pq: 2 rg: 32 | total time: 7.57m | eta: 2.4m
step 00406/00528 (76.89%) | loss: 3.867256 | lrm: 0.39 | dt: 1154.66ms | tok/sec: 227,031 | bf16_mfu: 0.00 | epoch: 1 pq: 2 rg: 32 | total time: 7.59m | eta: 2.3m
step 00407/00528 (77.08%) | loss: 3.874372 | lrm: 0.39 | dt: 1155.66ms | tok/sec: 226,834 | bf16_mfu: 0.00 | epoch: 1 pq: 2 rg: 33 | total time: 7.61m | eta: 2.3m
step 00408/00528 (77.27%) | loss: 3.869451 | lrm: 0.38 | dt: 1154.89ms | tok/sec: 226,987 | bf16_mfu: 0.00 | epoch: 1 pq: 2 rg: 33 | total time: 7.63m | eta: 2.3m
step 00409/00528 (77.46%) | loss: 3.880845 | lrm: 0.38 | dt: 1159.18ms | tok/sec: 226,145 | bf16_mfu: 0.00 | epoch: 1 pq: 2 rg: 34 | total time: 7.65m | eta: 2.3m
step 00410/00528 (77.65%) | loss: 3.874183 | lrm: 0.38 | dt: 1150.66ms | tok/sec: 227,821 | bf16_mfu: 0.00 | epoch: 1 pq: 2 rg: 34 | total time: 7.67m | eta: 2.3m
step 00411/00528 (77.84%) | loss: 3.872003 | lrm: 0.37 | dt: 1157.90ms | tok/sec: 226,396 | bf16_mfu: 0.00 | epoch: 1 pq: 2 rg: 35 | total time: 7.69m | eta: 2.2m
step 00412/00528 (78.03%) | loss: 3.886115 | lrm: 0.37 | dt: 1154.46ms | tok/sec: 227,069 | bf16_mfu: 0.00 | epoch: 1 pq: 2 rg: 35 | total time: 7.71m | eta: 2.2m
step 00413/00528 (78.22%) | loss: 3.907002 | lrm: 0.37 | dt: 1155.77ms | tok/sec: 226,812 | bf16_mfu: 0.00 | epoch: 1 pq: 2 rg: 36 | total time: 7.73m | eta: 2.2m
step 00414/00528 (78.41%) | loss: 3.897754 | lrm: 0.37 | dt: 1155.20ms | tok/sec: 226,925 | bf16_mfu: 0.00 | epoch: 1 pq: 2 rg: 36 | total time: 7.75m | eta: 2.2m
step 00415/00528 (78.60%) | loss: 3.882510 | lrm: 0.36 | dt: 1152.59ms | tok/sec: 227,438 | bf16_mfu: 0.00 | epoch: 1 pq: 2 rg: 37 | total time: 7.77m | eta: 2.2m
step 00416/00528 (78.79%) | loss: 3.869430 | lrm: 0.36 | dt: 1151.63ms | tok/sec: 227,629 | bf16_mfu: 0.00 | epoch: 1 pq: 2 rg: 37 | total time: 7.79m | eta: 2.1m
step 00417/00528 (78.98%) | loss: 3.864438 | lrm: 0.36 | dt: 1154.51ms | tok/sec: 227,060 | bf16_mfu: 0.00 | epoch: 1 pq: 2 rg: 38 | total time: 7.81m | eta: 2.1m
step 00418/00528 (79.17%) | loss: 3.841337 | lrm: 0.35 | dt: 1156.16ms | tok/sec: 226,736 | bf16_mfu: 0.00 | epoch: 1 pq: 2 rg: 38 | total time: 7.82m | eta: 2.1m
step 00419/00528 (79.36%) | loss: 3.845447 | lrm: 0.35 | dt: 1155.26ms | tok/sec: 226,912 | bf16_mfu: 0.00 | epoch: 1 pq: 2 rg: 38 | total time: 7.84m | eta: 2.1m
Step 00420 | Validation bpb: 1.160307
step 00420/00528 (79.55%) | loss: 3.837910 | lrm: 0.35 | dt: 1165.80ms | tok/sec: 224,862 | bf16_mfu: 0.00 | epoch: 1 pq: 2 rg: 39 | total time: 7.86m | eta: 2.1m
step 00421/00528 (79.73%) | loss: 3.839621 | lrm: 0.35 | dt: 1154.40ms | tok/sec: 227,082 | bf16_mfu: 0.00 | epoch: 1 pq: 2 rg: 39 | total time: 7.88m | eta: 2.1m
step 00422/00528 (79.92%) | loss: 3.827901 | lrm: 0.34 | dt: 1152.99ms | tok/sec: 227,360 | bf16_mfu: 0.00 | epoch: 1 pq: 2 rg: 40 | total time: 7.90m | eta: 2.0m
step 00423/00528 (80.11%) | loss: 3.825514 | lrm: 0.34 | dt: 1157.26ms | tok/sec: 226,522 | bf16_mfu: 0.00 | epoch: 1 pq: 2 rg: 40 | total time: 7.92m | eta: 2.0m
step 00424/00528 (80.30%) | loss: 3.805110 | lrm: 0.34 | dt: 1157.80ms | tok/sec: 226,415 | bf16_mfu: 0.00 | epoch: 1 pq: 2 rg: 41 | total time: 7.94m | eta: 2.0m
step 00425/00528 (80.49%) | loss: 3.798580 | lrm: 0.34 | dt: 1153.17ms | tok/sec: 227,324 | bf16_mfu: 0.00 | epoch: 1 pq: 2 rg: 41 | total time: 7.96m | eta: 2.0m
step 00426/00528 (80.68%) | loss: 3.792102 | lrm: 0.33 | dt: 1160.61ms | tok/sec: 225,867 | bf16_mfu: 0.00 | epoch: 1 pq: 2 rg: 42 | total time: 7.98m | eta: 2.0m
step 00427/00528 (80.87%) | loss: 3.793619 | lrm: 0.33 | dt: 1158.05ms | tok/sec: 226,367 | bf16_mfu: 0.00 | epoch: 1 pq: 2 rg: 42 | total time: 8.00m | eta: 1.9m
step 00428/00528 (81.06%) | loss: 3.787444 | lrm: 0.33 | dt: 1153.65ms | tok/sec: 227,230 | bf16_mfu: 0.00 | epoch: 1 pq: 2 rg: 43 | total time: 8.02m | eta: 1.9m
step 00429/00528 (81.25%) | loss: 3.785283 | lrm: 0.32 | dt: 1155.77ms | tok/sec: 226,813 | bf16_mfu: 0.00 | epoch: 1 pq: 2 rg: 43 | total time: 8.04m | eta: 1.9m
step 00430/00528 (81.44%) | loss: 3.785326 | lrm: 0.32 | dt: 1154.08ms | tok/sec: 227,145 | bf16_mfu: 0.00 | epoch: 1 pq: 2 rg: 44 | total time: 8.06m | eta: 1.9m
step 00431/00528 (81.63%) | loss: 3.792764 | lrm: 0.32 | dt: 1153.62ms | tok/sec: 227,235 | bf16_mfu: 0.00 | epoch: 1 pq: 2 rg: 44 | total time: 8.08m | eta: 1.9m
step 00432/00528 (81.82%) | loss: 3.795295 | lrm: 0.32 | dt: 1157.53ms | tok/sec: 226,469 | bf16_mfu: 0.00 | epoch: 1 pq: 2 rg: 45 | total time: 8.09m | eta: 1.8m
step 00433/00528 (82.01%) | loss: 3.799884 | lrm: 0.31 | dt: 1155.57ms | tok/sec: 226,851 | bf16_mfu: 0.00 | epoch: 1 pq: 2 rg: 45 | total time: 8.11m | eta: 1.8m
step 00434/00528 (82.20%) | loss: 3.804892 | lrm: 0.31 | dt: 1154.48ms | tok/sec: 227,067 | bf16_mfu: 0.00 | epoch: 1 pq: 2 rg: 46 | total time: 8.13m | eta: 1.8m
step 00435/00528 (82.39%) | loss: 3.799830 | lrm: 0.31 | dt: 1154.78ms | tok/sec: 227,007 | bf16_mfu: 0.00 | epoch: 1 pq: 2 rg: 46 | total time: 8.15m | eta: 1.8m
step 00436/00528 (82.58%) | loss: 3.785884 | lrm: 0.30 | dt: 1158.12ms | tok/sec: 226,352 | bf16_mfu: 0.00 | epoch: 1 pq: 2 rg: 47 | total time: 8.17m | eta: 1.8m
step 00437/00528 (82.77%) | loss: 3.768702 | lrm: 0.30 | dt: 1154.34ms | tok/sec: 227,093 | bf16_mfu: 0.00 | epoch: 1 pq: 2 rg: 47 | total time: 8.19m | eta: 1.7m
step 00438/00528 (82.95%) | loss: 3.765981 | lrm: 0.30 | dt: 1155.08ms | tok/sec: 226,949 | bf16_mfu: 0.00 | epoch: 1 pq: 2 rg: 48 | total time: 8.21m | eta: 1.7m
step 00439/00528 (83.14%) | loss: 3.771080 | lrm: 0.30 | dt: 1156.36ms | tok/sec: 226,697 | bf16_mfu: 0.00 | epoch: 1 pq: 2 rg: 48 | total time: 8.23m | eta: 1.7m
Step 00440 | Validation bpb: 1.152535
step 00440/00528 (83.33%) | loss: 3.775607 | lrm: 0.29 | dt: 1163.22ms | tok/sec: 225,360 | bf16_mfu: 0.00 | epoch: 1 pq: 2 rg: 49 | total time: 8.25m | eta: 1.7m
step 00441/00528 (83.52%) | loss: 3.794321 | lrm: 0.29 | dt: 1153.11ms | tok/sec: 227,336 | bf16_mfu: 0.00 | epoch: 1 pq: 2 rg: 49 | total time: 8.27m | eta: 1.7m
step 00442/00528 (83.71%) | loss: 3.797054 | lrm: 0.29 | dt: 1156.81ms | tok/sec: 226,608 | bf16_mfu: 0.00 | epoch: 1 pq: 2 rg: 50 | total time: 8.29m | eta: 1.6m
step 00443/00528 (83.90%) | loss: 3.805405 | lrm: 0.29 | dt: 1156.55ms | tok/sec: 226,660 | bf16_mfu: 0.00 | epoch: 1 pq: 2 rg: 50 | total time: 8.31m | eta: 1.6m
step 00444/00528 (84.09%) | loss: 3.801074 | lrm: 0.28 | dt: 1156.65ms | tok/sec: 226,641 | bf16_mfu: 0.00 | epoch: 1 pq: 2 rg: 51 | total time: 8.33m | eta: 1.6m
step 00445/00528 (84.28%) | loss: 3.803504 | lrm: 0.28 | dt: 1156.64ms | tok/sec: 226,642 | bf16_mfu: 0.00 | epoch: 1 pq: 2 rg: 51 | total time: 8.35m | eta: 1.6m
step 00446/00528 (84.47%) | loss: 3.815464 | lrm: 0.28 | dt: 1155.22ms | tok/sec: 226,921 | bf16_mfu: 0.00 | epoch: 1 pq: 2 rg: 52 | total time: 8.36m | eta: 1.6m
step 00447/00528 (84.66%) | loss: 3.802224 | lrm: 0.27 | dt: 1154.35ms | tok/sec: 227,092 | bf16_mfu: 0.00 | epoch: 1 pq: 2 rg: 52 | total time: 8.38m | eta: 1.6m
step 00448/00528 (84.85%) | loss: 3.802383 | lrm: 0.27 | dt: 1155.22ms | tok/sec: 226,921 | bf16_mfu: 0.00 | epoch: 1 pq: 2 rg: 53 | total time: 8.40m | eta: 1.5m
step 00449/00528 (85.04%) | loss: 3.809174 | lrm: 0.27 | dt: 1157.31ms | tok/sec: 226,510 | bf16_mfu: 0.00 | epoch: 1 pq: 2 rg: 53 | total time: 8.42m | eta: 1.5m
step 00450/00528 (85.23%) | loss: 3.805580 | lrm: 0.27 | dt: 1156.12ms | tok/sec: 226,744 | bf16_mfu: 0.00 | epoch: 1 pq: 2 rg: 54 | total time: 8.44m | eta: 1.5m
step 00451/00528 (85.42%) | loss: 3.796562 | lrm: 0.26 | dt: 1157.38ms | tok/sec: 226,498 | bf16_mfu: 0.00 | epoch: 1 pq: 2 rg: 54 | total time: 8.46m | eta: 1.5m
step 00452/00528 (85.61%) | loss: 3.802053 | lrm: 0.26 | dt: 1154.54ms | tok/sec: 227,054 | bf16_mfu: 0.00 | epoch: 1 pq: 2 rg: 55 | total time: 8.48m | eta: 1.5m
step 00453/00528 (85.80%) | loss: 3.804689 | lrm: 0.26 | dt: 1158.56ms | tok/sec: 226,267 | bf16_mfu: 0.00 | epoch: 1 pq: 2 rg: 55 | total time: 8.50m | eta: 1.4m
step 00454/00528 (85.98%) | loss: 3.807215 | lrm: 0.25 | dt: 1155.81ms | tok/sec: 226,804 | bf16_mfu: 0.00 | epoch: 1 pq: 2 rg: 56 | total time: 8.52m | eta: 1.4m
step 00455/00528 (86.17%) | loss: 3.796541 | lrm: 0.25 | dt: 1158.68ms | tok/sec: 226,242 | bf16_mfu: 0.00 | epoch: 1 pq: 2 rg: 56 | total time: 8.54m | eta: 1.4m
step 00456/00528 (86.36%) | loss: 3.788651 | lrm: 0.25 | dt: 1155.77ms | tok/sec: 226,813 | bf16_mfu: 0.00 | epoch: 1 pq: 2 rg: 56 | total time: 8.56m | eta: 1.4m
step 00457/00528 (86.55%) | loss: 3.773893 | lrm: 0.25 | dt: 1163.59ms | tok/sec: 225,289 | bf16_mfu: 0.00 | epoch: 1 pq: 2 rg: 57 | total time: 8.58m | eta: 1.4m
step 00458/00528 (86.74%) | loss: 3.804153 | lrm: 0.24 | dt: 1151.32ms | tok/sec: 227,689 | bf16_mfu: 0.00 | epoch: 1 pq: 2 rg: 57 | total time: 8.60m | eta: 1.3m
step 00459/00528 (86.93%) | loss: 3.814414 | lrm: 0.24 | dt: 1157.21ms | tok/sec: 226,530 | bf16_mfu: 0.00 | epoch: 1 pq: 2 rg: 58 | total time: 8.62m | eta: 1.3m
Step 00460 | Validation bpb: 1.146269
step 00460/00528 (87.12%) | loss: 3.811454 | lrm: 0.24 | dt: 1161.55ms | tok/sec: 225,683 | bf16_mfu: 0.00 | epoch: 1 pq: 2 rg: 58 | total time: 8.63m | eta: 1.3m
step 00461/00528 (87.31%) | loss: 3.811877 | lrm: 0.24 | dt: 1156.47ms | tok/sec: 226,676 | bf16_mfu: 0.00 | epoch: 1 pq: 2 rg: 59 | total time: 8.65m | eta: 1.3m
step 00462/00528 (87.50%) | loss: 3.813799 | lrm: 0.23 | dt: 1153.06ms | tok/sec: 227,347 | bf16_mfu: 0.00 | epoch: 1 pq: 2 rg: 59 | total time: 8.67m | eta: 1.3m
step 00463/00528 (87.69%) | loss: 3.807017 | lrm: 0.23 | dt: 1157.92ms | tok/sec: 226,392 | bf16_mfu: 0.00 | epoch: 1 pq: 2 rg: 60 | total time: 8.69m | eta: 1.2m
step 00464/00528 (87.88%) | loss: 3.804432 | lrm: 0.23 | dt: 1150.73ms | tok/sec: 227,807 | bf16_mfu: 0.00 | epoch: 1 pq: 2 rg: 60 | total time: 8.71m | eta: 1.2m
step 00465/00528 (88.07%) | loss: 3.794181 | lrm: 0.22 | dt: 1153.90ms | tok/sec: 227,181 | bf16_mfu: 0.00 | epoch: 1 pq: 2 rg: 61 | total time: 8.73m | eta: 1.2m
step 00466/00528 (88.26%) | loss: 3.800138 | lrm: 0.22 | dt: 1162.33ms | tok/sec: 225,532 | bf16_mfu: 0.00 | epoch: 1 pq: 2 rg: 61 | total time: 8.75m | eta: 1.2m
step 00467/00528 (88.45%) | loss: 3.786100 | lrm: 0.22 | dt: 1158.06ms | tok/sec: 226,364 | bf16_mfu: 0.00 | epoch: 1 pq: 2 rg: 62 | total time: 8.77m | eta: 1.2m
step 00468/00528 (88.64%) | loss: 3.810722 | lrm: 0.22 | dt: 1154.77ms | tok/sec: 227,010 | bf16_mfu: 0.00 | epoch: 1 pq: 2 rg: 62 | total time: 8.79m | eta: 1.2m
step 00469/00528 (88.83%) | loss: 3.805842 | lrm: 0.21 | dt: 1153.02ms | tok/sec: 227,353 | bf16_mfu: 0.00 | epoch: 1 pq: 2 rg: 63 | total time: 8.81m | eta: 1.1m
step 00470/00528 (89.02%) | loss: 3.795970 | lrm: 0.21 | dt: 1154.04ms | tok/sec: 227,153 | bf16_mfu: 0.00 | epoch: 1 pq: 2 rg: 63 | total time: 8.83m | eta: 1.1m
step 00471/00528 (89.20%) | loss: 3.793028 | lrm: 0.21 | dt: 1156.31ms | tok/sec: 226,708 | bf16_mfu: 0.00 | epoch: 1 pq: 2 rg: 64 | total time: 8.85m | eta: 1.1m
step 00472/00528 (89.39%) | loss: 3.766880 | lrm: 0.21 | dt: 1155.82ms | tok/sec: 226,802 | bf16_mfu: 0.00 | epoch: 1 pq: 2 rg: 64 | total time: 8.87m | eta: 1.1m
step 00473/00528 (89.58%) | loss: 3.765022 | lrm: 0.20 | dt: 1158.87ms | tok/sec: 226,206 | bf16_mfu: 0.00 | epoch: 1 pq: 2 rg: 65 | total time: 8.88m | eta: 1.1m
2026-09-13 14:56:57,760 - nanochat.checkpoint_manager - [32m[1mINFO[0m - Saved model parameters to: /home/s4597036/scratch/nanochat/base_checkpoints/d4-L/model_000500.pt
2026-09-13 14:56:57,761 - nanochat.checkpoint_manager - [32m[1mINFO[0m - Saved metadata to: /home/s4597036/scratch/nanochat/base_checkpoints/d4-L/meta_000500.json
2026-09-13 14:56:58,074 - nanochat.checkpoint_manager - [32m[1mINFO[0m - Saved optimizer state to: /home/s4597036/scratch/nanochat/base_checkpoints/d4-L/optim_000500_rank0.pt
step 00474/00528 (89.77%) | loss: 3.762110 | lrm: 0.20 | dt: 1155.53ms | tok/sec: 226,860 | bf16_mfu: 0.00 | epoch: 1 pq: 2 rg: 65 | total time: 8.90m | eta: 1.0m
step 00475/00528 (89.96%) | loss: 3.789951 | lrm: 0.20 | dt: 1156.78ms | tok/sec: 226,615 | bf16_mfu: 0.00 | epoch: 1 pq: 2 rg: 66 | total time: 8.92m | eta: 1.0m
step 00476/00528 (90.15%) | loss: 3.788629 | lrm: 0.19 | dt: 1156.74ms | tok/sec: 226,623 | bf16_mfu: 0.00 | epoch: 1 pq: 2 rg: 66 | total time: 8.94m | eta: 1.0m
step 00477/00528 (90.34%) | loss: 3.789563 | lrm: 0.19 | dt: 1159.82ms | tok/sec: 226,022 | bf16_mfu: 0.00 | epoch: 1 pq: 2 rg: 67 | total time: 8.96m | eta: 1.0m
step 00478/00528 (90.53%) | loss: 3.789254 | lrm: 0.19 | dt: 1160.95ms | tok/sec: 225,801 | bf16_mfu: 0.00 | epoch: 1 pq: 2 rg: 67 | total time: 8.98m | eta: 1.0m
step 00479/00528 (90.72%) | loss: 3.791054 | lrm: 0.19 | dt: 1156.85ms | tok/sec: 226,601 | bf16_mfu: 0.00 | epoch: 1 pq: 2 rg: 68 | total time: 9.00m | eta: 0.9m
Step 00480 | Validation bpb: 1.140693
step 00480/00528 (90.91%) | loss: 3.790064 | lrm: 0.18 | dt: 1163.87ms | tok/sec: 225,234 | bf16_mfu: 0.00 | epoch: 1 pq: 2 rg: 68 | total time: 9.02m | eta: 0.9m
step 00481/00528 (91.10%) | loss: 3.780180 | lrm: 0.18 | dt: 1155.68ms | tok/sec: 226,830 | bf16_mfu: 0.00 | epoch: 1 pq: 2 rg: 69 | total time: 9.04m | eta: 0.9m
step 00482/00528 (91.29%) | loss: 3.779363 | lrm: 0.18 | dt: 1158.33ms | tok/sec: 226,311 | bf16_mfu: 0.00 | epoch: 1 pq: 2 rg: 69 | total time: 9.06m | eta: 0.9m
step 00483/00528 (91.48%) | loss: 3.787099 | lrm: 0.17 | dt: 1162.52ms | tok/sec: 225,495 | bf16_mfu: 0.00 | epoch: 1 pq: 2 rg: 70 | total time: 9.08m | eta: 0.9m
step 00484/00528 (91.67%) | loss: 3.787140 | lrm: 0.17 | dt: 1152.91ms | tok/sec: 227,376 | bf16_mfu: 0.00 | epoch: 1 pq: 2 rg: 70 | total time: 9.10m | eta: 0.8m
step 00485/00528 (91.86%) | loss: 3.774997 | lrm: 0.17 | dt: 1159.18ms | tok/sec: 226,145 | bf16_mfu: 0.00 | epoch: 1 pq: 2 rg: 71 | total time: 9.12m | eta: 0.8m
step 00486/00528 (92.05%) | loss: 3.757557 | lrm: 0.17 | dt: 1156.07ms | tok/sec: 226,754 | bf16_mfu: 0.00 | epoch: 1 pq: 2 rg: 71 | total time: 9.14m | eta: 0.8m
step 00487/00528 (92.23%) | loss: 3.775794 | lrm: 0.16 | dt: 1155.66ms | tok/sec: 226,835 | bf16_mfu: 0.00 | epoch: 1 pq: 2 rg: 72 | total time: 9.16m | eta: 0.8m
step 00488/00528 (92.42%) | loss: 3.776749 | lrm: 0.16 | dt: 1158.77ms | tok/sec: 226,226 | bf16_mfu: 0.00 | epoch: 1 pq: 2 rg: 72 | total time: 9.17m | eta: 0.8m
step 00489/00528 (92.61%) | loss: 3.786575 | lrm: 0.16 | dt: 1154.89ms | tok/sec: 226,986 | bf16_mfu: 0.00 | epoch: 1 pq: 2 rg: 72 | total time: 9.19m | eta: 0.7m
step 00490/00528 (92.80%) | loss: 3.777771 | lrm: 0.16 | dt: 1156.06ms | tok/sec: 226,756 | bf16_mfu: 0.00 | epoch: 1 pq: 2 rg: 73 | total time: 9.21m | eta: 0.7m
step 00491/00528 (92.99%) | loss: 3.780847 | lrm: 0.15 | dt: 1160.22ms | tok/sec: 225,942 | bf16_mfu: 0.00 | epoch: 1 pq: 2 rg: 73 | total time: 9.23m | eta: 0.7m
step 00492/00528 (93.18%) | loss: 3.777174 | lrm: 0.15 | dt: 1155.95ms | tok/sec: 226,778 | bf16_mfu: 0.00 | epoch: 1 pq: 2 rg: 74 | total time: 9.25m | eta: 0.7m
step 00493/00528 (93.37%) | loss: 3.773529 | lrm: 0.15 | dt: 1154.22ms | tok/sec: 227,117 | bf16_mfu: 0.00 | epoch: 1 pq: 2 rg: 74 | total time: 9.27m | eta: 0.7m
step 00494/00528 (93.56%) | loss: 3.782346 | lrm: 0.14 | dt: 1158.22ms | tok/sec: 226,333 | bf16_mfu: 0.00 | epoch: 1 pq: 2 rg: 75 | total time: 9.29m | eta: 0.7m
step 00495/00528 (93.75%) | loss: 3.794120 | lrm: 0.14 | dt: 1159.74ms | tok/sec: 226,036 | bf16_mfu: 0.00 | epoch: 1 pq: 2 rg: 75 | total time: 9.31m | eta: 0.6m
step 00496/00528 (93.94%) | loss: 3.795320 | lrm: 0.14 | dt: 1155.68ms | tok/sec: 226,830 | bf16_mfu: 0.00 | epoch: 1 pq: 2 rg: 76 | total time: 9.33m | eta: 0.6m
step 00497/00528 (94.13%) | loss: 3.793741 | lrm: 0.14 | dt: 1155.47ms | tok/sec: 226,871 | bf16_mfu: 0.00 | epoch: 1 pq: 2 rg: 76 | total time: 9.35m | eta: 0.6m
step 00498/00528 (94.32%) | loss: 3.788818 | lrm: 0.13 | dt: 1152.06ms | tok/sec: 227,543 | bf16_mfu: 0.00 | epoch: 1 pq: 2 rg: 77 | total time: 9.37m | eta: 0.6m
step 00499/00528 (94.51%) | loss: 3.775096 | lrm: 0.13 | dt: 1152.97ms | tok/sec: 227,365 | bf16_mfu: 0.00 | epoch: 1 pq: 2 rg: 77 | total time: 9.39m | eta: 0.6m
Step 00500 | Validation bpb: 1.136369
step 00500/00528 (94.70%) | loss: 3.768310 | lrm: 0.13 | dt: 1164.70ms | tok/sec: 225,074 | bf16_mfu: 0.00 | epoch: 1 pq: 2 rg: 78 | total time: 9.41m | eta: 0.5m
step 00501/00528 (94.89%) | loss: 3.776358 | lrm: 0.12 | dt: 1160.78ms | tok/sec: 225,834 | bf16_mfu: 0.00 | epoch: 1 pq: 2 rg: 78 | total time: 9.43m | eta: 0.5m
step 00502/00528 (95.08%) | loss: 3.784728 | lrm: 0.12 | dt: 1155.05ms | tok/sec: 226,955 | bf16_mfu: 0.00 | epoch: 1 pq: 2 rg: 79 | total time: 9.44m | eta: 0.5m
step 00503/00528 (95.27%) | loss: 3.802982 | lrm: 0.12 | dt: 1151.36ms | tok/sec: 227,681 | bf16_mfu: 0.00 | epoch: 1 pq: 2 rg: 79 | total time: 9.46m | eta: 0.5m
step 00504/00528 (95.45%) | loss: 3.795221 | lrm: 0.12 | dt: 1157.08ms | tok/sec: 226,557 | bf16_mfu: 0.00 | epoch: 1 pq: 2 rg: 80 | total time: 9.48m | eta: 0.5m
step 00505/00528 (95.64%) | loss: 3.798852 | lrm: 0.11 | dt: 1160.95ms | tok/sec: 225,801 | bf16_mfu: 0.00 | epoch: 1 pq: 2 rg: 80 | total time: 9.50m | eta: 0.4m
step 00506/00528 (95.83%) | loss: 3.801039 | lrm: 0.11 | dt: 1154.21ms | tok/sec: 227,120 | bf16_mfu: 0.00 | epoch: 1 pq: 2 rg: 81 | total time: 9.52m | eta: 0.4m
step 00507/00528 (96.02%) | loss: 3.791832 | lrm: 0.11 | dt: 1157.05ms | tok/sec: 226,561 | bf16_mfu: 0.00 | epoch: 1 pq: 2 rg: 81 | total time: 9.54m | eta: 0.4m
step 00508/00528 (96.21%) | loss: 3.805140 | lrm: 0.11 | dt: 1153.57ms | tok/sec: 227,245 | bf16_mfu: 0.00 | epoch: 1 pq: 2 rg: 82 | total time: 9.56m | eta: 0.4m
step 00509/00528 (96.40%) | loss: 3.798484 | lrm: 0.10 | dt: 1156.86ms | tok/sec: 226,599 | bf16_mfu: 0.00 | epoch: 1 pq: 2 rg: 82 | total time: 9.58m | eta: 0.4m
step 00510/00528 (96.59%) | loss: 3.800761 | lrm: 0.10 | dt: 1162.78ms | tok/sec: 225,446 | bf16_mfu: 0.00 | epoch: 2 pq: 0 rg: 0 | total time: 9.60m | eta: 0.3m
step 00511/00528 (96.78%) | loss: 3.809795 | lrm: 0.10 | dt: 1155.07ms | tok/sec: 226,950 | bf16_mfu: 0.00 | epoch: 2 pq: 0 rg: 0 | total time: 9.62m | eta: 0.3m
step 00512/00528 (96.97%) | loss: 3.797167 | lrm: 0.09 | dt: 1154.66ms | tok/sec: 227,031 | bf16_mfu: 0.00 | epoch: 2 pq: 0 rg: 1 | total time: 9.64m | eta: 0.3m
step 00513/00528 (97.16%) | loss: 3.794596 | lrm: 0.09 | dt: 1155.65ms | tok/sec: 226,836 | bf16_mfu: 0.00 | epoch: 2 pq: 0 rg: 1 | total time: 9.66m | eta: 0.3m
step 00514/00528 (97.35%) | loss: 3.788776 | lrm: 0.09 | dt: 1152.11ms | tok/sec: 227,533 | bf16_mfu: 0.00 | epoch: 2 pq: 0 rg: 2 | total time: 9.68m | eta: 0.3m
step 00515/00528 (97.54%) | loss: 3.799138 | lrm: 0.09 | dt: 1160.29ms | tok/sec: 225,929 | bf16_mfu: 0.00 | epoch: 2 pq: 0 rg: 2 | total time: 9.69m | eta: 0.2m
step 00516/00528 (97.73%) | loss: 3.803220 | lrm: 0.08 | dt: 1157.68ms | tok/sec: 226,438 | bf16_mfu: 0.00 | epoch: 2 pq: 0 rg: 2 | total time: 9.71m | eta: 0.2m
step 00517/00528 (97.92%) | loss: 3.802112 | lrm: 0.08 | dt: 1154.78ms | tok/sec: 227,007 | bf16_mfu: 0.00 | epoch: 2 pq: 0 rg: 3 | total time: 9.73m | eta: 0.2m
step 00518/00528 (98.11%) | loss: 3.802895 | lrm: 0.08 | dt: 1154.30ms | tok/sec: 227,102 | bf16_mfu: 0.00 | epoch: 2 pq: 0 rg: 3 | total time: 9.75m | eta: 0.2m
step 00519/00528 (98.30%) | loss: 3.801964 | lrm: 0.07 | dt: 1158.46ms | tok/sec: 226,286 | bf16_mfu: 0.00 | epoch: 2 pq: 0 rg: 4 | total time: 9.77m | eta: 0.2m
Step 00520 | Validation bpb: 1.133151
step 00520/00528 (98.48%) | loss: 3.788162 | lrm: 0.07 | dt: 1167.88ms | tok/sec: 224,462 | bf16_mfu: 0.00 | epoch: 2 pq: 0 rg: 4 | total time: 9.79m | eta: 0.2m
step 00521/00528 (98.67%) | loss: 3.804022 | lrm: 0.07 | dt: 1155.32ms | tok/sec: 226,902 | bf16_mfu: 0.00 | epoch: 2 pq: 0 rg: 5 | total time: 9.81m | eta: 0.1m
step 00522/00528 (98.86%) | loss: 3.785095 | lrm: 0.07 | dt: 1155.30ms | tok/sec: 226,905 | bf16_mfu: 0.00 | epoch: 2 pq: 0 rg: 5 | total time: 9.83m | eta: 0.1m
2026-09-13 14:57:38,555 - nanochat.checkpoint_manager - [32m[1mINFO[0m - Saved model parameters to: /home/s4597036/scratch/nanochat/base_checkpoints/d4-L/model_000528.pt
2026-09-13 14:57:38,556 - nanochat.checkpoint_manager - [32m[1mINFO[0m - Saved metadata to: /home/s4597036/scratch/nanochat/base_checkpoints/d4-L/meta_000528.json
2026-09-13 14:57:38,863 - nanochat.checkpoint_manager - [32m[1mINFO[0m - Saved optimizer state to: /home/s4597036/scratch/nanochat/base_checkpoints/d4-L/optim_000528_rank0.pt
wandb: updating run metadata
wandb:                                                                                
wandb: 
wandb: Run history:
wandb:                 step ▁▁▁▂▂▂▂▂▃▃▃▃▄▄▄▄▄▅▅▅▅▆▆▆▆▆▇▇▇▇████
wandb: total_training_flops ▁▁▁▂▂▂▂▂▃▃▃▃▄▄▄▄▄▅▅▅▅▆▆▆▆▆▇▇▇▇████
wandb:  total_training_time ▁▁▁▁▂▂▂▂▂▃▃▃▄▄▄▄▄▅▅▅▅▅▆▆▆▆▇▇▇▇████
wandb:             train/dt █▁▁▁▁▁
wandb:           train/loss █▃▂▁▁▁
wandb:            train/lrm ▁██▆▄▂
wandb:            train/mfu ▁▁▁▁▁▁
wandb:    train/tok_per_sec ▁█████
wandb:              val/bpb █▄▃▃▃▂▂▂▂▂▂▂▁▁▁▁▁▁▁▁▁▁▁▁▁▁▁▁
wandb: 
wandb: Run summary:
wandb:                 step 528
wandb: total_training_flops 13062257931976704
wandb:  total_training_time 595.58128
wandb:             train/dt 1.1647
wandb:          train/epoch 1 pq: 2 rg: 78
wandb:           train/loss 3.76831
wandb:            train/lrm 0.12755
wandb:            train/mfu 0
wandb:    train/tok_per_sec 225074
wandb:              val/bpb 1.13215
wandb: 
wandb: 🚀 View run d4-pretrain-v2 at: https://wandb.ai/sotirisfrost-lu/nanochat/runs/5ob9r06m
wandb: ⭐️ View project at: https://wandb.ai/sotirisfrost-lu/nanochat
wandb: Synced 5 W&B file(s), 0 media file(s), 0 artifact file(s) and 0 other file(s)
wandb: Find logs at: ./wandb/run-20260913_144448-5ob9r06m/logs
step 00523/00528 (99.05%) | loss: 3.795692 | lrm: 0.06 | dt: 1154.81ms | tok/sec: 227,001 | bf16_mfu: 0.00 | epoch: 2 pq: 0 rg: 6 | total time: 9.85m | eta: 0.1m
step 00524/00528 (99.24%) | loss: 3.795654 | lrm: 0.06 | dt: 1154.55ms | tok/sec: 227,052 | bf16_mfu: 0.00 | epoch: 2 pq: 0 rg: 6 | total time: 9.87m | eta: 0.1m
step 00525/00528 (99.43%) | loss: 3.776648 | lrm: 0.06 | dt: 1158.62ms | tok/sec: 226,255 | bf16_mfu: 0.00 | epoch: 2 pq: 0 rg: 7 | total time: 9.89m | eta: 0.1m
step 00526/00528 (99.62%) | loss: 3.761017 | lrm: 0.06 | dt: 1155.72ms | tok/sec: 226,823 | bf16_mfu: 0.00 | epoch: 2 pq: 0 rg: 7 | total time: 9.91m | eta: 0.0m
step 00527/00528 (99.81%) | loss: 3.745186 | lrm: 0.05 | dt: 1159.71ms | tok/sec: 226,042 | bf16_mfu: 0.00 | epoch: 2 pq: 0 rg: 8 | total time: 9.93m | eta: 0.0m
Step 00528 | Validation bpb: 1.132147
<|bos|>The capital of France is the capital of France. The capital of France is the capital of France. The
<|bos|>The chemical symbol of gold is the gold standard for gold. The gold standard for gold is gold. The gold
<|bos|>If yesterday was Friday, then tomorrow will be a little bit more than a little bit more than a little bit more than a
<|bos|>The opposite of hot is the hot hot hot hot hot hot hot hot hot hot hot hot hot hot hot
<|bos|>The planets of the solar system are: the planets of the solar system, the planets of the solar system, the planets
<|bos|>My favorite color is the color of the color. I have a color that is not the color of
<|bos|>If 5*x + 3 = 13, then x is the 5*x + 3*x + 3*x +
Peak memory usage: 3702.50MiB
Total training time: 9.93m
Minimum validation bpb: 1.132147
