2026-09-13 13:04:54,736 - nanochat.common - [32m[1mINFO[0m - Distributed world size: 1
2026-09-13 13:04:54,737 - nanochat.common - [33m[1mWARNING[0m - Peak flops undefined for: NVIDIA GeForce RTX 4060, MFU will show as 0%
wandb: Currently logged in as: sotirisfrost (sotirisfrost-lu) to https://api.wandb.ai. Use `wandb login --relogin` to force relogin
wandb: creating run
wandb: Tracking run with wandb version 0.21.3
wandb: Run data is saved locally in /home/s4597036/nanochat/wandb/run-20260913_130455-aklcgztn
wandb: Run `wandb offline` to turn off syncing.
wandb: Syncing run d4-sft
wandb: ⭐️ View project at https://wandb.ai/sotirisfrost-lu/nanochat-sft
wandb: 🚀 View run at https://wandb.ai/sotirisfrost-lu/nanochat-sft/runs/aklcgztn
2026-09-13 13:04:56,398 - nanochat.checkpoint_manager - [32m[1mINFO[0m - Loading model from /home/s4597036/scratch/nanochat/chatsft_checkpoints/d4-midtrain with step 464
2026-09-13 13:04:56,518 - nanochat.checkpoint_manager - [32m[1mINFO[0m - Building model with config: {'sequence_len': 2048, 'vocab_size': 32768, 'n_layer': 4, 'n_head': 2, 'n_kv_head': 2, 'n_embd': 256, 'window_pattern': 'SSSL'}
Autodetected device type: cuda
COMPUTE_DTYPE: torch.bfloat16 (auto-detected: CUDA SM 89 (bf16 supported))
GPU: NVIDIA GeForce RTX 4060 | Peak FLOPS (BF16): inf
Inherited max_seq_len=2048 from pretrained checkpoint
Using device_batch_size=8
Inherited total_batch_size=524288 from pretrained checkpoint
Inherited embedding_lr=0.3 from pretrained checkpoint
Inherited unembedding_lr=0.004 from pretrained checkpoint
Inherited matrix_lr=0.02 from pretrained checkpoint
Tokens / micro-batch / rank: 8 x 2048 = 16,384
Tokens / micro-batch: 16,384
Total batch size 524,288 => gradient accumulation steps: 32
Scaling the LR for the AdamW parameters ∝1/√(256/768) = 1.732051
Downloading https://huggingface.co/api/datasets/HuggingFaceTB/smol-smoltalk/parquet/default/train/0.parquet ...
Downloading https://huggingface.co/api/datasets/HuggingFaceTB/smol-smoltalk/parquet/default/train/1.parquet ...
Downloading https://huggingface.co/api/datasets/HuggingFaceTB/smol-smoltalk/parquet/default/train/2.parquet ...
Downloading https://huggingface.co/api/datasets/HuggingFaceTB/smol-smoltalk/parquet/default/train/3.parquet ...
Training mixture [sft]: 460,341 rows (MMLU x3, GSM8K x4)
Step 00000 | Validation bpb: 2.7162
step 00001 (0.15%) | loss: 4.480434 | lrm: 1.00 | dt: 4626.50ms | tok/sec: 113,322 | mfu: 0.00 | epoch: 1 | total time: 0.00m
step 00002 (0.29%) | loss: 5.580819 | lrm: 1.00 | dt: 2201.14ms | tok/sec: 238,189 | mfu: 0.00 | epoch: 1 | total time: 0.00m
step 00003 (0.44%) | loss: 5.821276 | lrm: 1.00 | dt: 2192.37ms | tok/sec: 239,141 | mfu: 0.00 | epoch: 1 | total time: 0.00m
step 00004 (0.57%) | loss: 5.810748 | lrm: 1.00 | dt: 2190.73ms | tok/sec: 239,321 | mfu: 0.00 | epoch: 1 | total time: 0.00m
step 00005 (0.71%) | loss: 5.658128 | lrm: 1.00 | dt: 2191.54ms | tok/sec: 239,232 | mfu: 0.00 | epoch: 1 | total time: 0.00m
step 00006 (0.85%) | loss: 5.451484 | lrm: 1.00 | dt: 2193.01ms | tok/sec: 239,072 | mfu: 0.00 | epoch: 1 | total time: 0.00m
step 00007 (0.98%) | loss: 5.360929 | lrm: 1.00 | dt: 2194.13ms | tok/sec: 238,950 | mfu: 0.00 | epoch: 1 | total time: 0.00m
step 00008 (1.12%) | loss: 5.222444 | lrm: 1.00 | dt: 2191.27ms | tok/sec: 239,261 | mfu: 0.00 | epoch: 1 | total time: 0.00m
step 00009 (1.25%) | loss: 5.111594 | lrm: 1.00 | dt: 2189.87ms | tok/sec: 239,415 | mfu: 0.00 | epoch: 1 | total time: 0.00m
step 00010 (1.39%) | loss: 5.021220 | lrm: 1.00 | dt: 2200.28ms | tok/sec: 238,282 | mfu: 0.00 | epoch: 1 | total time: 0.00m
step 00011 (1.53%) | loss: 4.887800 | lrm: 1.00 | dt: 2198.61ms | tok/sec: 238,463 | mfu: 0.00 | epoch: 1 | total time: 0.04m
step 00012 (1.66%) | loss: 4.795041 | lrm: 1.00 | dt: 2201.40ms | tok/sec: 238,161 | mfu: 0.00 | epoch: 1 | total time: 0.07m
step 00013 (1.80%) | loss: 4.724124 | lrm: 1.00 | dt: 2200.39ms | tok/sec: 238,270 | mfu: 0.00 | epoch: 1 | total time: 0.11m
step 00014 (1.94%) | loss: 4.649832 | lrm: 1.00 | dt: 2202.21ms | tok/sec: 238,074 | mfu: 0.00 | epoch: 1 | total time: 0.15m
step 00015 (2.09%) | loss: 4.548713 | lrm: 1.00 | dt: 2204.78ms | tok/sec: 237,795 | mfu: 0.00 | epoch: 1 | total time: 0.18m
step 00016 (2.23%) | loss: 4.450928 | lrm: 1.00 | dt: 2202.50ms | tok/sec: 238,041 | mfu: 0.00 | epoch: 1 | total time: 0.22m
step 00017 (2.36%) | loss: 4.328309 | lrm: 1.00 | dt: 2201.84ms | tok/sec: 238,113 | mfu: 0.00 | epoch: 1 | total time: 0.26m
step 00018 (2.51%) | loss: 4.245447 | lrm: 1.00 | dt: 2207.08ms | tok/sec: 237,547 | mfu: 0.00 | epoch: 1 | total time: 0.29m
step 00019 (2.65%) | loss: 4.167920 | lrm: 1.00 | dt: 2203.09ms | tok/sec: 237,978 | mfu: 0.00 | epoch: 1 | total time: 0.33m
step 00020 (2.78%) | loss: 4.104874 | lrm: 1.00 | dt: 2207.64ms | tok/sec: 237,488 | mfu: 0.00 | epoch: 1 | total time: 0.37m
step 00021 (2.92%) | loss: 4.062079 | lrm: 1.00 | dt: 2205.53ms | tok/sec: 237,715 | mfu: 0.00 | epoch: 1 | total time: 0.40m
step 00022 (3.05%) | loss: 3.982576 | lrm: 1.00 | dt: 2210.15ms | tok/sec: 237,217 | mfu: 0.00 | epoch: 1 | total time: 0.44m
step 00023 (3.20%) | loss: 3.937939 | lrm: 1.00 | dt: 2208.39ms | tok/sec: 237,406 | mfu: 0.00 | epoch: 1 | total time: 0.48m
step 00024 (3.35%) | loss: 3.833006 | lrm: 1.00 | dt: 2209.07ms | tok/sec: 237,334 | mfu: 0.00 | epoch: 1 | total time: 0.51m
step 00025 (3.49%) | loss: 3.788212 | lrm: 1.00 | dt: 2208.96ms | tok/sec: 237,346 | mfu: 0.00 | epoch: 1 | total time: 0.55m
step 00026 (3.62%) | loss: 3.752477 | lrm: 1.00 | dt: 2210.71ms | tok/sec: 237,158 | mfu: 0.00 | epoch: 1 | total time: 0.59m
step 00027 (3.75%) | loss: 3.695524 | lrm: 1.00 | dt: 2207.92ms | tok/sec: 237,457 | mfu: 0.00 | epoch: 1 | total time: 0.62m
step 00028 (3.91%) | loss: 3.685590 | lrm: 1.00 | dt: 2206.66ms | tok/sec: 237,593 | mfu: 0.00 | epoch: 1 | total time: 0.66m
step 00029 (4.05%) | loss: 3.664741 | lrm: 1.00 | dt: 2211.73ms | tok/sec: 237,049 | mfu: 0.00 | epoch: 1 | total time: 0.70m
step 00030 (4.19%) | loss: 3.660604 | lrm: 1.00 | dt: 2206.56ms | tok/sec: 237,604 | mfu: 0.00 | epoch: 1 | total time: 0.74m
step 00031 (4.32%) | loss: 3.630446 | lrm: 1.00 | dt: 2211.43ms | tok/sec: 237,081 | mfu: 0.00 | epoch: 1 | total time: 0.77m
step 00032 (4.46%) | loss: 3.546146 | lrm: 1.00 | dt: 2207.99ms | tok/sec: 237,450 | mfu: 0.00 | epoch: 1 | total time: 0.81m
step 00033 (4.59%) | loss: 3.509958 | lrm: 1.00 | dt: 2212.64ms | tok/sec: 236,951 | mfu: 0.00 | epoch: 1 | total time: 0.85m
step 00034 (4.73%) | loss: 3.451073 | lrm: 1.00 | dt: 2210.80ms | tok/sec: 237,148 | mfu: 0.00 | epoch: 1 | total time: 0.88m
step 00035 (4.86%) | loss: 3.413809 | lrm: 1.00 | dt: 2211.73ms | tok/sec: 237,048 | mfu: 0.00 | epoch: 1 | total time: 0.92m
step 00036 (5.02%) | loss: 3.364626 | lrm: 1.00 | dt: 2210.20ms | tok/sec: 237,213 | mfu: 0.00 | epoch: 1 | total time: 0.96m
step 00037 (5.15%) | loss: 3.347541 | lrm: 1.00 | dt: 2214.99ms | tok/sec: 236,700 | mfu: 0.00 | epoch: 1 | total time: 0.99m
step 00038 (5.29%) | loss: 3.288624 | lrm: 1.00 | dt: 2212.47ms | tok/sec: 236,969 | mfu: 0.00 | epoch: 1 | total time: 1.03m
step 00039 (5.43%) | loss: 3.266617 | lrm: 1.00 | dt: 2207.96ms | tok/sec: 237,453 | mfu: 0.00 | epoch: 1 | total time: 1.07m
step 00040 (5.57%) | loss: 3.257145 | lrm: 1.00 | dt: 2214.49ms | tok/sec: 236,753 | mfu: 0.00 | epoch: 1 | total time: 1.10m
step 00041 (5.70%) | loss: 3.246289 | lrm: 1.00 | dt: 2218.36ms | tok/sec: 236,340 | mfu: 0.00 | epoch: 1 | total time: 1.14m
step 00042 (5.84%) | loss: 3.213119 | lrm: 1.00 | dt: 2212.28ms | tok/sec: 236,990 | mfu: 0.00 | epoch: 1 | total time: 1.18m
step 00043 (5.98%) | loss: 3.151878 | lrm: 1.00 | dt: 2215.65ms | tok/sec: 236,628 | mfu: 0.00 | epoch: 1 | total time: 1.21m
step 00044 (6.13%) | loss: 3.125598 | lrm: 1.00 | dt: 2210.74ms | tok/sec: 237,154 | mfu: 0.00 | epoch: 1 | total time: 1.25m
step 00045 (6.26%) | loss: 3.105757 | lrm: 1.00 | dt: 2214.91ms | tok/sec: 236,708 | mfu: 0.00 | epoch: 1 | total time: 1.29m
step 00046 (6.40%) | loss: 3.067898 | lrm: 1.00 | dt: 2215.84ms | tok/sec: 236,609 | mfu: 0.00 | epoch: 1 | total time: 1.33m
step 00047 (6.55%) | loss: 3.067620 | lrm: 1.00 | dt: 2217.23ms | tok/sec: 236,460 | mfu: 0.00 | epoch: 1 | total time: 1.36m
step 00048 (6.70%) | loss: 3.041281 | lrm: 1.00 | dt: 2211.48ms | tok/sec: 237,075 | mfu: 0.00 | epoch: 1 | total time: 1.40m
step 00049 (6.85%) | loss: 3.052647 | lrm: 1.00 | dt: 2218.62ms | tok/sec: 236,312 | mfu: 0.00 | epoch: 1 | total time: 1.44m
step 00050 (6.98%) | loss: 3.045176 | lrm: 1.00 | dt: 2220.47ms | tok/sec: 236,115 | mfu: 0.00 | epoch: 1 | total time: 1.47m
Step 00050 | Validation bpb: 0.8847
step 00051 (7.12%) | loss: 3.058817 | lrm: 1.00 | dt: 2229.25ms | tok/sec: 235,185 | mfu: 0.00 | epoch: 1 | total time: 1.51m
step 00052 (7.26%) | loss: 3.040897 | lrm: 1.00 | dt: 2215.40ms | tok/sec: 236,655 | mfu: 0.00 | epoch: 1 | total time: 1.55m
step 00053 (7.39%) | loss: 2.991489 | lrm: 1.00 | dt: 2214.41ms | tok/sec: 236,761 | mfu: 0.00 | epoch: 1 | total time: 1.58m
step 00054 (7.53%) | loss: 2.964881 | lrm: 1.00 | dt: 2218.04ms | tok/sec: 236,374 | mfu: 0.00 | epoch: 1 | total time: 1.62m
step 00055 (7.66%) | loss: 2.957207 | lrm: 1.00 | dt: 2222.40ms | tok/sec: 235,911 | mfu: 0.00 | epoch: 1 | total time: 1.66m
step 00056 (7.79%) | loss: 2.935992 | lrm: 1.00 | dt: 2213.64ms | tok/sec: 236,844 | mfu: 0.00 | epoch: 1 | total time: 1.69m
step 00057 (7.93%) | loss: 2.887417 | lrm: 1.00 | dt: 2219.88ms | tok/sec: 236,178 | mfu: 0.00 | epoch: 1 | total time: 1.73m
step 00058 (8.06%) | loss: 2.887991 | lrm: 1.00 | dt: 2215.14ms | tok/sec: 236,684 | mfu: 0.00 | epoch: 1 | total time: 1.77m
step 00059 (8.21%) | loss: 2.898019 | lrm: 1.00 | dt: 2222.06ms | tok/sec: 235,947 | mfu: 0.00 | epoch: 1 | total time: 1.81m
step 00060 (8.34%) | loss: 2.889028 | lrm: 1.00 | dt: 2218.00ms | tok/sec: 236,378 | mfu: 0.00 | epoch: 1 | total time: 1.84m
step 00061 (8.48%) | loss: 2.859814 | lrm: 1.00 | dt: 2220.45ms | tok/sec: 236,117 | mfu: 0.00 | epoch: 1 | total time: 1.88m
step 00062 (8.63%) | loss: 2.819460 | lrm: 1.00 | dt: 2218.34ms | tok/sec: 236,342 | mfu: 0.00 | epoch: 1 | total time: 1.92m
step 00063 (8.77%) | loss: 2.796683 | lrm: 1.00 | dt: 2221.88ms | tok/sec: 235,966 | mfu: 0.00 | epoch: 1 | total time: 1.95m
step 00064 (8.90%) | loss: 2.791626 | lrm: 1.00 | dt: 2212.55ms | tok/sec: 236,960 | mfu: 0.00 | epoch: 1 | total time: 1.99m
step 00065 (9.05%) | loss: 2.754759 | lrm: 1.00 | dt: 2225.88ms | tok/sec: 235,541 | mfu: 0.00 | epoch: 1 | total time: 2.03m
step 00066 (9.18%) | loss: 2.719245 | lrm: 1.00 | dt: 2218.58ms | tok/sec: 236,317 | mfu: 0.00 | epoch: 1 | total time: 2.06m
step 00067 (9.31%) | loss: 2.734069 | lrm: 1.00 | dt: 2218.84ms | tok/sec: 236,289 | mfu: 0.00 | epoch: 1 | total time: 2.10m
step 00068 (9.46%) | loss: 2.722971 | lrm: 1.00 | dt: 2219.53ms | tok/sec: 236,215 | mfu: 0.00 | epoch: 1 | total time: 2.14m
step 00069 (9.60%) | loss: 2.720804 | lrm: 1.00 | dt: 2222.37ms | tok/sec: 235,914 | mfu: 0.00 | epoch: 1 | total time: 2.18m
step 00070 (9.74%) | loss: 2.727787 | lrm: 1.00 | dt: 2218.64ms | tok/sec: 236,310 | mfu: 0.00 | epoch: 1 | total time: 2.21m
step 00071 (9.89%) | loss: 2.743886 | lrm: 1.00 | dt: 2219.14ms | tok/sec: 236,257 | mfu: 0.00 | epoch: 1 | total time: 2.25m
step 00072 (10.04%) | loss: 2.756281 | lrm: 1.00 | dt: 2221.59ms | tok/sec: 235,996 | mfu: 0.00 | epoch: 1 | total time: 2.29m
step 00073 (10.17%) | loss: 2.738176 | lrm: 1.00 | dt: 2223.63ms | tok/sec: 235,780 | mfu: 0.00 | epoch: 1 | total time: 2.32m
step 00074 (10.31%) | loss: 2.713463 | lrm: 1.00 | dt: 2219.77ms | tok/sec: 236,190 | mfu: 0.00 | epoch: 1 | total time: 2.36m
step 00075 (10.44%) | loss: 2.707300 | lrm: 1.00 | dt: 2225.84ms | tok/sec: 235,546 | mfu: 0.00 | epoch: 1 | total time: 2.40m
step 00076 (10.58%) | loss: 2.687680 | lrm: 1.00 | dt: 2221.56ms | tok/sec: 235,999 | mfu: 0.00 | epoch: 1 | total time: 2.44m
step 00077 (10.71%) | loss: 2.681488 | lrm: 1.00 | dt: 2225.49ms | tok/sec: 235,583 | mfu: 0.00 | epoch: 1 | total time: 2.47m
step 00078 (10.85%) | loss: 2.659934 | lrm: 1.00 | dt: 2221.47ms | tok/sec: 236,009 | mfu: 0.00 | epoch: 1 | total time: 2.51m
step 00079 (10.98%) | loss: 2.647563 | lrm: 1.00 | dt: 2224.14ms | tok/sec: 235,725 | mfu: 0.00 | epoch: 1 | total time: 2.55m
step 00080 (11.12%) | loss: 2.626832 | lrm: 1.00 | dt: 2223.21ms | tok/sec: 235,825 | mfu: 0.00 | epoch: 1 | total time: 2.58m
step 00081 (11.25%) | loss: 2.637864 | lrm: 1.00 | dt: 2224.17ms | tok/sec: 235,722 | mfu: 0.00 | epoch: 1 | total time: 2.62m
step 00082 (11.39%) | loss: 2.641895 | lrm: 1.00 | dt: 2222.85ms | tok/sec: 235,862 | mfu: 0.00 | epoch: 1 | total time: 2.66m
step 00083 (11.53%) | loss: 2.638904 | lrm: 1.00 | dt: 2224.23ms | tok/sec: 235,716 | mfu: 0.00 | epoch: 1 | total time: 2.69m
step 00084 (11.67%) | loss: 2.618003 | lrm: 1.00 | dt: 2219.23ms | tok/sec: 236,247 | mfu: 0.00 | epoch: 1 | total time: 2.73m
step 00085 (11.82%) | loss: 2.607131 | lrm: 1.00 | dt: 2230.71ms | tok/sec: 235,031 | mfu: 0.00 | epoch: 1 | total time: 2.77m
step 00086 (11.96%) | loss: 2.608475 | lrm: 1.00 | dt: 2223.65ms | tok/sec: 235,778 | mfu: 0.00 | epoch: 1 | total time: 2.81m
step 00087 (12.10%) | loss: 2.617905 | lrm: 1.00 | dt: 2221.39ms | tok/sec: 236,017 | mfu: 0.00 | epoch: 1 | total time: 2.84m
step 00088 (12.24%) | loss: 2.603430 | lrm: 1.00 | dt: 2229.53ms | tok/sec: 235,156 | mfu: 0.00 | epoch: 1 | total time: 2.88m
step 00089 (12.37%) | loss: 2.614234 | lrm: 1.00 | dt: 2223.03ms | tok/sec: 235,843 | mfu: 0.00 | epoch: 1 | total time: 2.92m
step 00090 (12.51%) | loss: 2.598370 | lrm: 1.00 | dt: 2225.52ms | tok/sec: 235,579 | mfu: 0.00 | epoch: 1 | total time: 2.95m
step 00091 (12.65%) | loss: 2.613089 | lrm: 1.00 | dt: 2233.20ms | tok/sec: 234,770 | mfu: 0.00 | epoch: 1 | total time: 2.99m
step 00092 (12.79%) | loss: 2.599254 | lrm: 1.00 | dt: 2219.88ms | tok/sec: 236,178 | mfu: 0.00 | epoch: 1 | total time: 3.03m
step 00093 (12.94%) | loss: 2.577842 | lrm: 1.00 | dt: 2227.43ms | tok/sec: 235,377 | mfu: 0.00 | epoch: 1 | total time: 3.07m
step 00094 (13.09%) | loss: 2.568667 | lrm: 1.00 | dt: 2226.26ms | tok/sec: 235,501 | mfu: 0.00 | epoch: 1 | total time: 3.10m
step 00095 (13.23%) | loss: 2.537003 | lrm: 1.00 | dt: 2225.92ms | tok/sec: 235,537 | mfu: 0.00 | epoch: 1 | total time: 3.14m
step 00096 (13.35%) | loss: 2.521736 | lrm: 1.00 | dt: 2223.56ms | tok/sec: 235,787 | mfu: 0.00 | epoch: 1 | total time: 3.18m
step 00097 (13.49%) | loss: 2.531225 | lrm: 1.00 | dt: 2228.68ms | tok/sec: 235,246 | mfu: 0.00 | epoch: 1 | total time: 3.21m
step 00098 (13.65%) | loss: 2.504994 | lrm: 1.00 | dt: 2224.35ms | tok/sec: 235,703 | mfu: 0.00 | epoch: 1 | total time: 3.25m
step 00099 (13.79%) | loss: 2.508219 | lrm: 1.00 | dt: 2223.03ms | tok/sec: 235,843 | mfu: 0.00 | epoch: 1 | total time: 3.29m
step 00100 (13.94%) | loss: 2.482665 | lrm: 1.00 | dt: 2224.51ms | tok/sec: 235,686 | mfu: 0.00 | epoch: 1 | total time: 3.32m
Step 00100 | Validation bpb: 0.7700
step 00101 (14.07%) | loss: 2.486383 | lrm: 1.00 | dt: 2237.63ms | tok/sec: 234,304 | mfu: 0.00 | epoch: 1 | total time: 3.36m
step 00102 (14.22%) | loss: 2.463146 | lrm: 1.00 | dt: 2218.18ms | tok/sec: 236,359 | mfu: 0.00 | epoch: 1 | total time: 3.40m
step 00103 (14.35%) | loss: 2.485190 | lrm: 1.00 | dt: 2223.13ms | tok/sec: 235,832 | mfu: 0.00 | epoch: 1 | total time: 3.44m
step 00104 (14.48%) | loss: 2.502769 | lrm: 1.00 | dt: 2224.08ms | tok/sec: 235,732 | mfu: 0.00 | epoch: 1 | total time: 3.47m
step 00105 (14.61%) | loss: 2.511437 | lrm: 1.00 | dt: 2222.43ms | tok/sec: 235,907 | mfu: 0.00 | epoch: 1 | total time: 3.51m
step 00106 (14.75%) | loss: 2.486071 | lrm: 1.00 | dt: 2226.67ms | tok/sec: 235,458 | mfu: 0.00 | epoch: 1 | total time: 3.55m
step 00107 (14.89%) | loss: 2.503869 | lrm: 1.00 | dt: 2226.01ms | tok/sec: 235,528 | mfu: 0.00 | epoch: 1 | total time: 3.58m
step 00108 (15.03%) | loss: 2.517217 | lrm: 1.00 | dt: 2223.10ms | tok/sec: 235,836 | mfu: 0.00 | epoch: 1 | total time: 3.62m
step 00109 (15.17%) | loss: 2.526125 | lrm: 1.00 | dt: 2233.61ms | tok/sec: 234,726 | mfu: 0.00 | epoch: 1 | total time: 3.66m
step 00110 (15.31%) | loss: 2.500922 | lrm: 1.00 | dt: 2220.37ms | tok/sec: 236,126 | mfu: 0.00 | epoch: 1 | total time: 3.70m
step 00111 (15.45%) | loss: 2.503119 | lrm: 1.00 | dt: 2226.05ms | tok/sec: 235,523 | mfu: 0.00 | epoch: 1 | total time: 3.73m
step 00112 (15.58%) | loss: 2.495509 | lrm: 1.00 | dt: 2223.72ms | tok/sec: 235,770 | mfu: 0.00 | epoch: 1 | total time: 3.77m
step 00113 (15.72%) | loss: 2.483324 | lrm: 1.00 | dt: 2224.75ms | tok/sec: 235,661 | mfu: 0.00 | epoch: 1 | total time: 3.81m
step 00114 (15.87%) | loss: 2.485545 | lrm: 1.00 | dt: 2226.11ms | tok/sec: 235,517 | mfu: 0.00 | epoch: 1 | total time: 3.84m
step 00115 (16.00%) | loss: 2.447682 | lrm: 1.00 | dt: 2225.28ms | tok/sec: 235,605 | mfu: 0.00 | epoch: 1 | total time: 3.88m
step 00116 (16.14%) | loss: 2.458689 | lrm: 1.00 | dt: 2224.94ms | tok/sec: 235,641 | mfu: 0.00 | epoch: 1 | total time: 3.92m
step 00117 (16.28%) | loss: 2.433997 | lrm: 1.00 | dt: 2229.01ms | tok/sec: 235,211 | mfu: 0.00 | epoch: 1 | total time: 3.96m
step 00118 (16.42%) | loss: 2.428125 | lrm: 1.00 | dt: 2231.23ms | tok/sec: 234,976 | mfu: 0.00 | epoch: 1 | total time: 3.99m
step 00119 (16.56%) | loss: 2.428257 | lrm: 1.00 | dt: 2232.50ms | tok/sec: 234,843 | mfu: 0.00 | epoch: 1 | total time: 4.03m
step 00120 (16.69%) | loss: 2.432905 | lrm: 1.00 | dt: 2228.03ms | tok/sec: 235,314 | mfu: 0.00 | epoch: 1 | total time: 4.07m
step 00121 (16.83%) | loss: 2.418442 | lrm: 1.00 | dt: 2233.98ms | tok/sec: 234,687 | mfu: 0.00 | epoch: 1 | total time: 4.10m
step 00122 (16.98%) | loss: 2.431053 | lrm: 1.00 | dt: 2224.98ms | tok/sec: 235,637 | mfu: 0.00 | epoch: 1 | total time: 4.14m
step 00123 (17.12%) | loss: 2.434304 | lrm: 1.00 | dt: 2229.42ms | tok/sec: 235,167 | mfu: 0.00 | epoch: 1 | total time: 4.18m
step 00124 (17.27%) | loss: 2.460871 | lrm: 1.00 | dt: 2224.36ms | tok/sec: 235,703 | mfu: 0.00 | epoch: 1 | total time: 4.22m
step 00125 (17.41%) | loss: 2.478795 | lrm: 1.00 | dt: 2233.92ms | tok/sec: 234,693 | mfu: 0.00 | epoch: 1 | total time: 4.25m
step 00126 (17.55%) | loss: 2.473090 | lrm: 1.00 | dt: 2223.80ms | tok/sec: 235,762 | mfu: 0.00 | epoch: 1 | total time: 4.29m
step 00127 (17.68%) | loss: 2.459852 | lrm: 1.00 | dt: 2230.02ms | tok/sec: 235,104 | mfu: 0.00 | epoch: 1 | total time: 4.33m
step 00128 (17.82%) | loss: 2.470898 | lrm: 1.00 | dt: 2230.14ms | tok/sec: 235,091 | mfu: 0.00 | epoch: 1 | total time: 4.36m
step 00129 (17.96%) | loss: 2.475326 | lrm: 1.00 | dt: 2231.81ms | tok/sec: 234,916 | mfu: 0.00 | epoch: 1 | total time: 4.40m
step 00130 (18.10%) | loss: 2.455393 | lrm: 1.00 | dt: 2229.10ms | tok/sec: 235,202 | mfu: 0.00 | epoch: 1 | total time: 4.44m
step 00131 (18.23%) | loss: 2.420032 | lrm: 1.00 | dt: 2234.34ms | tok/sec: 234,650 | mfu: 0.00 | epoch: 1 | total time: 4.48m
step 00132 (18.37%) | loss: 2.415557 | lrm: 1.00 | dt: 2225.48ms | tok/sec: 235,584 | mfu: 0.00 | epoch: 1 | total time: 4.51m
step 00133 (18.51%) | loss: 2.413045 | lrm: 1.00 | dt: 2226.54ms | tok/sec: 235,472 | mfu: 0.00 | epoch: 1 | total time: 4.55m
step 00134 (18.64%) | loss: 2.413733 | lrm: 1.00 | dt: 2232.67ms | tok/sec: 234,825 | mfu: 0.00 | epoch: 1 | total time: 4.59m
step 00135 (18.78%) | loss: 2.398758 | lrm: 1.00 | dt: 2229.65ms | tok/sec: 235,143 | mfu: 0.00 | epoch: 1 | total time: 4.62m
step 00136 (18.91%) | loss: 2.401652 | lrm: 1.00 | dt: 2232.87ms | tok/sec: 234,804 | mfu: 0.00 | epoch: 1 | total time: 4.66m
step 00137 (19.06%) | loss: 2.373549 | lrm: 1.00 | dt: 2230.06ms | tok/sec: 235,100 | mfu: 0.00 | epoch: 1 | total time: 4.70m
step 00138 (19.19%) | loss: 2.372575 | lrm: 1.00 | dt: 2225.62ms | tok/sec: 235,569 | mfu: 0.00 | epoch: 1 | total time: 4.74m
step 00139 (19.31%) | loss: 2.350971 | lrm: 1.00 | dt: 2230.00ms | tok/sec: 235,106 | mfu: 0.00 | epoch: 1 | total time: 4.77m
step 00140 (19.45%) | loss: 2.380644 | lrm: 1.00 | dt: 2230.94ms | tok/sec: 235,007 | mfu: 0.00 | epoch: 1 | total time: 4.81m
step 00141 (19.60%) | loss: 2.369534 | lrm: 1.00 | dt: 2236.10ms | tok/sec: 234,465 | mfu: 0.00 | epoch: 1 | total time: 4.85m
step 00142 (19.73%) | loss: 2.361164 | lrm: 1.00 | dt: 2234.69ms | tok/sec: 234,613 | mfu: 0.00 | epoch: 1 | total time: 4.88m
step 00143 (19.87%) | loss: 2.336821 | lrm: 1.00 | dt: 2228.07ms | tok/sec: 235,310 | mfu: 0.00 | epoch: 1 | total time: 4.92m
step 00144 (20.01%) | loss: 2.348469 | lrm: 1.00 | dt: 2230.58ms | tok/sec: 235,045 | mfu: 0.00 | epoch: 1 | total time: 4.96m
step 00145 (20.13%) | loss: 2.315090 | lrm: 1.00 | dt: 2234.05ms | tok/sec: 234,680 | mfu: 0.00 | epoch: 1 | total time: 5.00m
step 00146 (20.28%) | loss: 2.307970 | lrm: 1.00 | dt: 2233.19ms | tok/sec: 234,771 | mfu: 0.00 | epoch: 1 | total time: 5.03m
step 00147 (20.43%) | loss: 2.294525 | lrm: 1.00 | dt: 2229.40ms | tok/sec: 235,170 | mfu: 0.00 | epoch: 1 | total time: 5.07m
step 00148 (20.58%) | loss: 2.291896 | lrm: 1.00 | dt: 2231.26ms | tok/sec: 234,974 | mfu: 0.00 | epoch: 1 | total time: 5.11m
step 00149 (20.72%) | loss: 2.253372 | lrm: 1.00 | dt: 2231.14ms | tok/sec: 234,986 | mfu: 0.00 | epoch: 1 | total time: 5.15m
step 00150 (20.85%) | loss: 2.268526 | lrm: 1.00 | dt: 2227.18ms | tok/sec: 235,404 | mfu: 0.00 | epoch: 1 | total time: 5.18m
Step 00150 | Validation bpb: 0.7189
step 00151 (20.98%) | loss: 2.281075 | lrm: 1.00 | dt: 2240.62ms | tok/sec: 233,992 | mfu: 0.00 | epoch: 1 | total time: 5.22m
step 00152 (21.12%) | loss: 2.293535 | lrm: 1.00 | dt: 2223.89ms | tok/sec: 235,752 | mfu: 0.00 | epoch: 1 | total time: 5.26m
step 00153 (21.26%) | loss: 2.289384 | lrm: 1.00 | dt: 2235.30ms | tok/sec: 234,549 | mfu: 0.00 | epoch: 1 | total time: 5.29m
step 00154 (21.40%) | loss: 2.259236 | lrm: 1.00 | dt: 2229.54ms | tok/sec: 235,155 | mfu: 0.00 | epoch: 1 | total time: 5.33m
step 00155 (21.52%) | loss: 2.277114 | lrm: 1.00 | dt: 2236.17ms | tok/sec: 234,458 | mfu: 0.00 | epoch: 1 | total time: 5.37m
step 00156 (21.65%) | loss: 2.264646 | lrm: 1.00 | dt: 2228.63ms | tok/sec: 235,251 | mfu: 0.00 | epoch: 1 | total time: 5.41m
step 00157 (21.81%) | loss: 2.264617 | lrm: 1.00 | dt: 2229.11ms | tok/sec: 235,200 | mfu: 0.00 | epoch: 1 | total time: 5.44m
step 00158 (21.93%) | loss: 2.268853 | lrm: 1.00 | dt: 2225.03ms | tok/sec: 235,631 | mfu: 0.00 | epoch: 1 | total time: 5.48m
step 00159 (22.07%) | loss: 2.287582 | lrm: 1.00 | dt: 2230.04ms | tok/sec: 235,102 | mfu: 0.00 | epoch: 1 | total time: 5.52m
step 00160 (22.22%) | loss: 2.269774 | lrm: 1.00 | dt: 2228.38ms | tok/sec: 235,277 | mfu: 0.00 | epoch: 1 | total time: 5.55m
step 00161 (22.36%) | loss: 2.275837 | lrm: 1.00 | dt: 2234.32ms | tok/sec: 234,651 | mfu: 0.00 | epoch: 1 | total time: 5.59m
step 00162 (22.50%) | loss: 2.270032 | lrm: 1.00 | dt: 2231.90ms | tok/sec: 234,906 | mfu: 0.00 | epoch: 1 | total time: 5.63m
step 00163 (22.63%) | loss: 2.259915 | lrm: 1.00 | dt: 2226.15ms | tok/sec: 235,512 | mfu: 0.00 | epoch: 1 | total time: 5.67m
step 00164 (22.76%) | loss: 2.254047 | lrm: 1.00 | dt: 2231.55ms | tok/sec: 234,943 | mfu: 0.00 | epoch: 1 | total time: 5.70m
step 00165 (22.90%) | loss: 2.255908 | lrm: 1.00 | dt: 2224.21ms | tok/sec: 235,718 | mfu: 0.00 | epoch: 1 | total time: 5.74m
step 00166 (23.04%) | loss: 2.245022 | lrm: 1.00 | dt: 2231.55ms | tok/sec: 234,943 | mfu: 0.00 | epoch: 1 | total time: 5.78m
step 00167 (23.18%) | loss: 2.251270 | lrm: 1.00 | dt: 2230.05ms | tok/sec: 235,101 | mfu: 0.00 | epoch: 1 | total time: 5.81m
step 00168 (23.32%) | loss: 2.261569 | lrm: 1.00 | dt: 2233.13ms | tok/sec: 234,776 | mfu: 0.00 | epoch: 1 | total time: 5.85m
step 00169 (23.47%) | loss: 2.262048 | lrm: 1.00 | dt: 2230.31ms | tok/sec: 235,073 | mfu: 0.00 | epoch: 1 | total time: 5.89m
step 00170 (23.61%) | loss: 2.271580 | lrm: 1.00 | dt: 2229.85ms | tok/sec: 235,122 | mfu: 0.00 | epoch: 1 | total time: 5.93m
step 00171 (23.75%) | loss: 2.271270 | lrm: 1.00 | dt: 2229.57ms | tok/sec: 235,151 | mfu: 0.00 | epoch: 1 | total time: 5.96m
step 00172 (23.90%) | loss: 2.285143 | lrm: 1.00 | dt: 2231.93ms | tok/sec: 234,903 | mfu: 0.00 | epoch: 1 | total time: 6.00m
step 00173 (24.04%) | loss: 2.276996 | lrm: 1.00 | dt: 2231.65ms | tok/sec: 234,933 | mfu: 0.00 | epoch: 1 | total time: 6.04m
step 00174 (24.18%) | loss: 2.284595 | lrm: 1.00 | dt: 2230.40ms | tok/sec: 235,064 | mfu: 0.00 | epoch: 1 | total time: 6.07m
step 00175 (24.32%) | loss: 2.276394 | lrm: 1.00 | dt: 2233.04ms | tok/sec: 234,786 | mfu: 0.00 | epoch: 1 | total time: 6.11m
step 00176 (24.47%) | loss: 2.274680 | lrm: 1.00 | dt: 2229.01ms | tok/sec: 235,211 | mfu: 0.00 | epoch: 1 | total time: 6.15m
step 00177 (24.60%) | loss: 2.245106 | lrm: 1.00 | dt: 2238.40ms | tok/sec: 234,223 | mfu: 0.00 | epoch: 1 | total time: 6.19m
step 00178 (24.74%) | loss: 2.251847 | lrm: 1.00 | dt: 2232.60ms | tok/sec: 234,833 | mfu: 0.00 | epoch: 1 | total time: 6.22m
step 00179 (24.88%) | loss: 2.227775 | lrm: 1.00 | dt: 2232.53ms | tok/sec: 234,839 | mfu: 0.00 | epoch: 1 | total time: 6.26m
step 00180 (25.02%) | loss: 2.225743 | lrm: 1.00 | dt: 2234.97ms | tok/sec: 234,583 | mfu: 0.00 | epoch: 1 | total time: 6.30m
step 00181 (25.16%) | loss: 2.214446 | lrm: 1.00 | dt: 2232.08ms | tok/sec: 234,887 | mfu: 0.00 | epoch: 1 | total time: 6.33m
step 00182 (25.30%) | loss: 2.213996 | lrm: 1.00 | dt: 2234.14ms | tok/sec: 234,670 | mfu: 0.00 | epoch: 1 | total time: 6.37m
step 00183 (25.43%) | loss: 2.228006 | lrm: 1.00 | dt: 2232.55ms | tok/sec: 234,837 | mfu: 0.00 | epoch: 1 | total time: 6.41m
step 00184 (25.56%) | loss: 2.195143 | lrm: 1.00 | dt: 2235.89ms | tok/sec: 234,487 | mfu: 0.00 | epoch: 1 | total time: 6.45m
step 00185 (25.70%) | loss: 2.190725 | lrm: 1.00 | dt: 2228.70ms | tok/sec: 235,244 | mfu: 0.00 | epoch: 1 | total time: 6.48m
step 00186 (25.85%) | loss: 2.205391 | lrm: 1.00 | dt: 2237.96ms | tok/sec: 234,270 | mfu: 0.00 | epoch: 1 | total time: 6.52m
step 00187 (25.99%) | loss: 2.185745 | lrm: 1.00 | dt: 2231.21ms | tok/sec: 234,979 | mfu: 0.00 | epoch: 1 | total time: 6.56m
step 00188 (26.13%) | loss: 2.170690 | lrm: 1.00 | dt: 2229.58ms | tok/sec: 235,151 | mfu: 0.00 | epoch: 1 | total time: 6.60m
step 00189 (26.28%) | loss: 2.164883 | lrm: 1.00 | dt: 2231.50ms | tok/sec: 234,948 | mfu: 0.00 | epoch: 1 | total time: 6.63m
step 00190 (26.42%) | loss: 2.169449 | lrm: 1.00 | dt: 2232.86ms | tok/sec: 234,805 | mfu: 0.00 | epoch: 1 | total time: 6.67m
step 00191 (26.55%) | loss: 2.160054 | lrm: 1.00 | dt: 2236.48ms | tok/sec: 234,425 | mfu: 0.00 | epoch: 1 | total time: 6.71m
step 00192 (26.69%) | loss: 2.148541 | lrm: 1.00 | dt: 2229.37ms | tok/sec: 235,173 | mfu: 0.00 | epoch: 1 | total time: 6.74m
step 00193 (26.84%) | loss: 2.140973 | lrm: 1.00 | dt: 2228.76ms | tok/sec: 235,237 | mfu: 0.00 | epoch: 1 | total time: 6.78m
step 00194 (26.98%) | loss: 2.106229 | lrm: 1.00 | dt: 2229.07ms | tok/sec: 235,204 | mfu: 0.00 | epoch: 1 | total time: 6.82m
step 00195 (27.11%) | loss: 2.088934 | lrm: 1.00 | dt: 2234.00ms | tok/sec: 234,686 | mfu: 0.00 | epoch: 1 | total time: 6.86m
step 00196 (27.25%) | loss: 2.079645 | lrm: 1.00 | dt: 2237.06ms | tok/sec: 234,364 | mfu: 0.00 | epoch: 1 | total time: 6.89m
step 00197 (27.40%) | loss: 2.110070 | lrm: 1.00 | dt: 2234.01ms | tok/sec: 234,684 | mfu: 0.00 | epoch: 1 | total time: 6.93m
step 00198 (27.55%) | loss: 2.117828 | lrm: 1.00 | dt: 2233.07ms | tok/sec: 234,783 | mfu: 0.00 | epoch: 1 | total time: 6.97m
step 00199 (27.69%) | loss: 2.137466 | lrm: 1.00 | dt: 2228.41ms | tok/sec: 235,274 | mfu: 0.00 | epoch: 1 | total time: 7.00m
step 00200 (27.83%) | loss: 2.131956 | lrm: 1.00 | dt: 2237.95ms | tok/sec: 234,271 | mfu: 0.00 | epoch: 1 | total time: 7.04m
Step 00200 | Validation bpb: 0.6895
step 00201 (27.99%) | loss: 2.151733 | lrm: 1.00 | dt: 2238.28ms | tok/sec: 234,237 | mfu: 0.00 | epoch: 1 | total time: 7.08m
step 00202 (28.12%) | loss: 2.153560 | lrm: 1.00 | dt: 2230.44ms | tok/sec: 235,060 | mfu: 0.00 | epoch: 1 | total time: 7.12m
step 00203 (28.26%) | loss: 2.184971 | lrm: 1.00 | dt: 2230.72ms | tok/sec: 235,030 | mfu: 0.00 | epoch: 1 | total time: 7.15m
step 00204 (28.40%) | loss: 2.147740 | lrm: 1.00 | dt: 2233.82ms | tok/sec: 234,705 | mfu: 0.00 | epoch: 1 | total time: 7.19m
step 00205 (28.53%) | loss: 2.147272 | lrm: 1.00 | dt: 2236.15ms | tok/sec: 234,460 | mfu: 0.00 | epoch: 1 | total time: 7.23m
step 00206 (28.67%) | loss: 2.129596 | lrm: 1.00 | dt: 2232.67ms | tok/sec: 234,826 | mfu: 0.00 | epoch: 1 | total time: 7.27m
step 00207 (28.80%) | loss: 2.162942 | lrm: 1.00 | dt: 2233.23ms | tok/sec: 234,766 | mfu: 0.00 | epoch: 1 | total time: 7.30m
step 00208 (28.94%) | loss: 2.195279 | lrm: 1.00 | dt: 2231.80ms | tok/sec: 234,916 | mfu: 0.00 | epoch: 1 | total time: 7.34m
step 00209 (29.08%) | loss: 2.183080 | lrm: 1.00 | dt: 2233.04ms | tok/sec: 234,786 | mfu: 0.00 | epoch: 1 | total time: 7.38m
step 00210 (29.24%) | loss: 2.179773 | lrm: 1.00 | dt: 2229.09ms | tok/sec: 235,202 | mfu: 0.00 | epoch: 1 | total time: 7.41m
step 00211 (29.38%) | loss: 2.185783 | lrm: 1.00 | dt: 2230.93ms | tok/sec: 235,008 | mfu: 0.00 | epoch: 1 | total time: 7.45m
step 00212 (29.52%) | loss: 2.182817 | lrm: 1.00 | dt: 2232.36ms | tok/sec: 234,857 | mfu: 0.00 | epoch: 1 | total time: 7.49m
step 00213 (29.65%) | loss: 2.199288 | lrm: 1.00 | dt: 2228.34ms | tok/sec: 235,281 | mfu: 0.00 | epoch: 1 | total time: 7.53m
step 00214 (29.78%) | loss: 2.206378 | lrm: 1.00 | dt: 2234.11ms | tok/sec: 234,674 | mfu: 0.00 | epoch: 1 | total time: 7.56m
step 00215 (29.92%) | loss: 2.183161 | lrm: 1.00 | dt: 2224.98ms | tok/sec: 235,636 | mfu: 0.00 | epoch: 1 | total time: 7.60m
step 00216 (30.06%) | loss: 2.182162 | lrm: 1.00 | dt: 2236.63ms | tok/sec: 234,410 | mfu: 0.00 | epoch: 1 | total time: 7.64m
step 00217 (30.19%) | loss: 2.174389 | lrm: 1.00 | dt: 2229.52ms | tok/sec: 235,157 | mfu: 0.00 | epoch: 1 | total time: 7.67m
step 00218 (30.32%) | loss: 2.157436 | lrm: 1.00 | dt: 2234.48ms | tok/sec: 234,635 | mfu: 0.00 | epoch: 1 | total time: 7.71m
step 00219 (30.46%) | loss: 2.166191 | lrm: 1.00 | dt: 2230.27ms | tok/sec: 235,078 | mfu: 0.00 | epoch: 1 | total time: 7.75m
step 00220 (30.59%) | loss: 2.171450 | lrm: 1.00 | dt: 2229.81ms | tok/sec: 235,127 | mfu: 0.00 | epoch: 1 | total time: 7.79m
step 00221 (30.72%) | loss: 2.151336 | lrm: 1.00 | dt: 2234.97ms | tok/sec: 234,583 | mfu: 0.00 | epoch: 1 | total time: 7.82m
step 00222 (30.87%) | loss: 2.145867 | lrm: 1.00 | dt: 2237.29ms | tok/sec: 234,340 | mfu: 0.00 | epoch: 1 | total time: 7.86m
step 00223 (31.02%) | loss: 2.145985 | lrm: 1.00 | dt: 2234.43ms | tok/sec: 234,640 | mfu: 0.00 | epoch: 1 | total time: 7.90m
step 00224 (31.16%) | loss: 2.146205 | lrm: 1.00 | dt: 2236.92ms | tok/sec: 234,379 | mfu: 0.00 | epoch: 1 | total time: 7.94m
step 00225 (31.30%) | loss: 2.144838 | lrm: 1.00 | dt: 2232.64ms | tok/sec: 234,829 | mfu: 0.00 | epoch: 1 | total time: 7.97m
step 00226 (31.44%) | loss: 2.158593 | lrm: 1.00 | dt: 2232.76ms | tok/sec: 234,815 | mfu: 0.00 | epoch: 1 | total time: 8.01m
step 00227 (31.59%) | loss: 2.139600 | lrm: 1.00 | dt: 2234.53ms | tok/sec: 234,629 | mfu: 0.00 | epoch: 1 | total time: 8.05m
step 00228 (31.72%) | loss: 2.146645 | lrm: 1.00 | dt: 2230.90ms | tok/sec: 235,012 | mfu: 0.00 | epoch: 1 | total time: 8.08m
step 00229 (31.88%) | loss: 2.147001 | lrm: 1.00 | dt: 2239.20ms | tok/sec: 234,140 | mfu: 0.00 | epoch: 1 | total time: 8.12m
step 00230 (32.01%) | loss: 2.146458 | lrm: 1.00 | dt: 2233.10ms | tok/sec: 234,780 | mfu: 0.00 | epoch: 1 | total time: 8.16m
step 00231 (32.15%) | loss: 2.150467 | lrm: 1.00 | dt: 2233.60ms | tok/sec: 234,727 | mfu: 0.00 | epoch: 1 | total time: 8.20m
step 00232 (32.30%) | loss: 2.149004 | lrm: 1.00 | dt: 2229.15ms | tok/sec: 235,196 | mfu: 0.00 | epoch: 1 | total time: 8.23m
step 00233 (32.43%) | loss: 2.149012 | lrm: 1.00 | dt: 2234.85ms | tok/sec: 234,596 | mfu: 0.00 | epoch: 1 | total time: 8.27m
step 00234 (32.56%) | loss: 2.150131 | lrm: 1.00 | dt: 2232.72ms | tok/sec: 234,820 | mfu: 0.00 | epoch: 1 | total time: 8.31m
step 00235 (32.71%) | loss: 2.164089 | lrm: 1.00 | dt: 2230.02ms | tok/sec: 235,105 | mfu: 0.00 | epoch: 1 | total time: 8.34m
step 00236 (32.86%) | loss: 2.177882 | lrm: 1.00 | dt: 2231.65ms | tok/sec: 234,932 | mfu: 0.00 | epoch: 1 | total time: 8.38m
step 00237 (32.99%) | loss: 2.169416 | lrm: 1.00 | dt: 2239.01ms | tok/sec: 234,160 | mfu: 0.00 | epoch: 1 | total time: 8.42m
step 00238 (33.13%) | loss: 2.152241 | lrm: 1.00 | dt: 2230.81ms | tok/sec: 235,021 | mfu: 0.00 | epoch: 1 | total time: 8.46m
step 00239 (33.26%) | loss: 2.139592 | lrm: 1.00 | dt: 2234.39ms | tok/sec: 234,644 | mfu: 0.00 | epoch: 1 | total time: 8.49m
step 00240 (33.40%) | loss: 2.124213 | lrm: 1.00 | dt: 2232.02ms | tok/sec: 234,894 | mfu: 0.00 | epoch: 1 | total time: 8.53m
step 00241 (33.54%) | loss: 2.111373 | lrm: 1.00 | dt: 2236.45ms | tok/sec: 234,429 | mfu: 0.00 | epoch: 1 | total time: 8.57m
step 00242 (33.68%) | loss: 2.119725 | lrm: 1.00 | dt: 2232.47ms | tok/sec: 234,846 | mfu: 0.00 | epoch: 1 | total time: 8.61m
step 00243 (33.82%) | loss: 2.112706 | lrm: 1.00 | dt: 2238.36ms | tok/sec: 234,228 | mfu: 0.00 | epoch: 1 | total time: 8.64m
step 00244 (33.96%) | loss: 2.100732 | lrm: 1.00 | dt: 2234.08ms | tok/sec: 234,677 | mfu: 0.00 | epoch: 1 | total time: 8.68m
step 00245 (34.09%) | loss: 2.102064 | lrm: 1.00 | dt: 2235.54ms | tok/sec: 234,523 | mfu: 0.00 | epoch: 1 | total time: 8.72m
step 00246 (34.23%) | loss: 2.091428 | lrm: 1.00 | dt: 2232.69ms | tok/sec: 234,823 | mfu: 0.00 | epoch: 1 | total time: 8.75m
step 00247 (34.37%) | loss: 2.105662 | lrm: 1.00 | dt: 2227.57ms | tok/sec: 235,362 | mfu: 0.00 | epoch: 1 | total time: 8.79m
step 00248 (34.53%) | loss: 2.100150 | lrm: 1.00 | dt: 2229.75ms | tok/sec: 235,133 | mfu: 0.00 | epoch: 1 | total time: 8.83m
step 00249 (34.67%) | loss: 2.090338 | lrm: 1.00 | dt: 2232.80ms | tok/sec: 234,812 | mfu: 0.00 | epoch: 1 | total time: 8.87m
step 00250 (34.81%) | loss: 2.089149 | lrm: 1.00 | dt: 2235.25ms | tok/sec: 234,554 | mfu: 0.00 | epoch: 1 | total time: 8.90m
Step 00250 | Validation bpb: 0.6696
step 00251 (34.94%) | loss: 2.077315 | lrm: 1.00 | dt: 2238.47ms | tok/sec: 234,216 | mfu: 0.00 | epoch: 1 | total time: 8.94m
step 00252 (35.07%) | loss: 2.106059 | lrm: 1.00 | dt: 2228.49ms | tok/sec: 235,265 | mfu: 0.00 | epoch: 1 | total time: 8.98m
step 00253 (35.21%) | loss: 2.082871 | lrm: 1.00 | dt: 2236.84ms | tok/sec: 234,387 | mfu: 0.00 | epoch: 1 | total time: 9.01m
step 00254 (35.34%) | loss: 2.068651 | lrm: 1.00 | dt: 2227.28ms | tok/sec: 235,393 | mfu: 0.00 | epoch: 1 | total time: 9.05m
step 00255 (35.48%) | loss: 2.058078 | lrm: 1.00 | dt: 2234.65ms | tok/sec: 234,616 | mfu: 0.00 | epoch: 1 | total time: 9.09m
step 00256 (35.63%) | loss: 2.042678 | lrm: 1.00 | dt: 2229.20ms | tok/sec: 235,190 | mfu: 0.00 | epoch: 1 | total time: 9.13m
step 00257 (35.78%) | loss: 2.071502 | lrm: 1.00 | dt: 2236.65ms | tok/sec: 234,407 | mfu: 0.00 | epoch: 1 | total time: 9.16m
step 00258 (35.92%) | loss: 2.078509 | lrm: 1.00 | dt: 2230.36ms | tok/sec: 235,069 | mfu: 0.00 | epoch: 1 | total time: 9.20m
step 00259 (36.06%) | loss: 2.089599 | lrm: 1.00 | dt: 2234.82ms | tok/sec: 234,599 | mfu: 0.00 | epoch: 1 | total time: 9.24m
step 00260 (36.20%) | loss: 2.070529 | lrm: 1.00 | dt: 2232.87ms | tok/sec: 234,804 | mfu: 0.00 | epoch: 1 | total time: 9.27m
step 00261 (36.36%) | loss: 2.057188 | lrm: 1.00 | dt: 2231.24ms | tok/sec: 234,975 | mfu: 0.00 | epoch: 1 | total time: 9.31m
step 00262 (36.49%) | loss: 2.063205 | lrm: 1.00 | dt: 2231.63ms | tok/sec: 234,935 | mfu: 0.00 | epoch: 1 | total time: 9.35m
step 00263 (36.63%) | loss: 2.091548 | lrm: 1.00 | dt: 2231.57ms | tok/sec: 234,941 | mfu: 0.00 | epoch: 1 | total time: 9.39m
step 00264 (36.77%) | loss: 2.110105 | lrm: 1.00 | dt: 2226.52ms | tok/sec: 235,474 | mfu: 0.00 | epoch: 1 | total time: 9.42m
step 00265 (36.91%) | loss: 2.105755 | lrm: 1.00 | dt: 2229.97ms | tok/sec: 235,110 | mfu: 0.00 | epoch: 1 | total time: 9.46m
step 00266 (37.06%) | loss: 2.086703 | lrm: 1.00 | dt: 2229.53ms | tok/sec: 235,156 | mfu: 0.00 | epoch: 1 | total time: 9.50m
step 00267 (37.20%) | loss: 2.101558 | lrm: 1.00 | dt: 2233.37ms | tok/sec: 234,752 | mfu: 0.00 | epoch: 1 | total time: 9.54m
step 00268 (37.35%) | loss: 2.110305 | lrm: 1.00 | dt: 2231.97ms | tok/sec: 234,899 | mfu: 0.00 | epoch: 1 | total time: 9.57m
step 00269 (37.49%) | loss: 2.133323 | lrm: 1.00 | dt: 2235.18ms | tok/sec: 234,561 | mfu: 0.00 | epoch: 1 | total time: 9.61m
step 00270 (37.63%) | loss: 2.133854 | lrm: 1.00 | dt: 2226.89ms | tok/sec: 235,434 | mfu: 0.00 | epoch: 1 | total time: 9.65m
step 00271 (37.78%) | loss: 2.144453 | lrm: 1.00 | dt: 2233.13ms | tok/sec: 234,777 | mfu: 0.00 | epoch: 1 | total time: 9.68m
step 00272 (37.92%) | loss: 2.148301 | lrm: 1.00 | dt: 2226.28ms | tok/sec: 235,500 | mfu: 0.00 | epoch: 1 | total time: 9.72m
step 00273 (38.07%) | loss: 2.185446 | lrm: 1.00 | dt: 2232.57ms | tok/sec: 234,835 | mfu: 0.00 | epoch: 1 | total time: 9.76m
step 00274 (38.21%) | loss: 2.180077 | lrm: 1.00 | dt: 2227.75ms | tok/sec: 235,344 | mfu: 0.00 | epoch: 1 | total time: 9.80m
step 00275 (38.35%) | loss: 2.169728 | lrm: 1.00 | dt: 2231.76ms | tok/sec: 234,921 | mfu: 0.00 | epoch: 1 | total time: 9.83m
step 00276 (38.48%) | loss: 2.137537 | lrm: 1.00 | dt: 2232.11ms | tok/sec: 234,884 | mfu: 0.00 | epoch: 1 | total time: 9.87m
step 00277 (38.61%) | loss: 2.131859 | lrm: 1.00 | dt: 2238.58ms | tok/sec: 234,205 | mfu: 0.00 | epoch: 1 | total time: 9.91m
step 00278 (38.77%) | loss: 2.160774 | lrm: 1.00 | dt: 2228.83ms | tok/sec: 235,230 | mfu: 0.00 | epoch: 1 | total time: 9.94m
step 00279 (38.90%) | loss: 2.145276 | lrm: 1.00 | dt: 2237.18ms | tok/sec: 234,352 | mfu: 0.00 | epoch: 1 | total time: 9.98m
step 00280 (39.04%) | loss: 2.090602 | lrm: 1.00 | dt: 2230.35ms | tok/sec: 235,069 | mfu: 0.00 | epoch: 1 | total time: 10.02m
step 00281 (39.18%) | loss: 2.099991 | lrm: 1.00 | dt: 2237.07ms | tok/sec: 234,363 | mfu: 0.00 | epoch: 1 | total time: 10.06m
step 00282 (39.33%) | loss: 2.078117 | lrm: 1.00 | dt: 2229.62ms | tok/sec: 235,146 | mfu: 0.00 | epoch: 1 | total time: 10.09m
step 00283 (39.47%) | loss: 2.068948 | lrm: 1.00 | dt: 2234.00ms | tok/sec: 234,685 | mfu: 0.00 | epoch: 1 | total time: 10.13m
step 00284 (39.61%) | loss: 2.085583 | lrm: 1.00 | dt: 2233.02ms | tok/sec: 234,788 | mfu: 0.00 | epoch: 1 | total time: 10.17m
step 00285 (39.75%) | loss: 2.072540 | lrm: 1.00 | dt: 2236.16ms | tok/sec: 234,458 | mfu: 0.00 | epoch: 1 | total time: 10.20m
step 00286 (39.88%) | loss: 2.085427 | lrm: 1.00 | dt: 2231.73ms | tok/sec: 234,924 | mfu: 0.00 | epoch: 1 | total time: 10.24m
step 00287 (40.00%) | loss: 2.069522 | lrm: 1.00 | dt: 2239.09ms | tok/sec: 234,152 | mfu: 0.00 | epoch: 1 | total time: 10.28m
step 00288 (40.16%) | loss: 2.080769 | lrm: 1.00 | dt: 2229.87ms | tok/sec: 235,120 | mfu: 0.00 | epoch: 1 | total time: 10.32m
step 00289 (40.30%) | loss: 2.100458 | lrm: 1.00 | dt: 2238.12ms | tok/sec: 234,253 | mfu: 0.00 | epoch: 1 | total time: 10.35m
step 00290 (40.44%) | loss: 2.099990 | lrm: 1.00 | dt: 2232.99ms | tok/sec: 234,791 | mfu: 0.00 | epoch: 1 | total time: 10.39m
step 00291 (40.58%) | loss: 2.103139 | lrm: 1.00 | dt: 2237.91ms | tok/sec: 234,276 | mfu: 0.00 | epoch: 1 | total time: 10.43m
step 00292 (40.71%) | loss: 2.121683 | lrm: 1.00 | dt: 2229.34ms | tok/sec: 235,176 | mfu: 0.00 | epoch: 1 | total time: 10.47m
step 00293 (40.86%) | loss: 2.127204 | lrm: 1.00 | dt: 2238.19ms | tok/sec: 234,245 | mfu: 0.00 | epoch: 1 | total time: 10.50m
step 00294 (41.01%) | loss: 2.104395 | lrm: 1.00 | dt: 2226.63ms | tok/sec: 235,462 | mfu: 0.00 | epoch: 1 | total time: 10.54m
step 00295 (41.15%) | loss: 2.114638 | lrm: 1.00 | dt: 2235.06ms | tok/sec: 234,574 | mfu: 0.00 | epoch: 1 | total time: 10.58m
step 00296 (41.28%) | loss: 2.100735 | lrm: 1.00 | dt: 2234.44ms | tok/sec: 234,639 | mfu: 0.00 | epoch: 1 | total time: 10.61m
step 00297 (41.41%) | loss: 2.077554 | lrm: 1.00 | dt: 2233.79ms | tok/sec: 234,707 | mfu: 0.00 | epoch: 1 | total time: 10.65m
step 00298 (41.55%) | loss: 2.026606 | lrm: 1.00 | dt: 2239.10ms | tok/sec: 234,151 | mfu: 0.00 | epoch: 1 | total time: 10.69m
step 00299 (41.68%) | loss: 2.039230 | lrm: 1.00 | dt: 2237.06ms | tok/sec: 234,364 | mfu: 0.00 | epoch: 1 | total time: 10.73m
step 00300 (41.82%) | loss: 2.049721 | lrm: 1.00 | dt: 2233.37ms | tok/sec: 234,751 | mfu: 0.00 | epoch: 1 | total time: 10.76m
Step 00300 | Validation bpb: 0.6561
step 00301 (41.97%) | loss: 2.082785 | lrm: 1.00 | dt: 2243.54ms | tok/sec: 233,687 | mfu: 0.00 | epoch: 1 | total time: 10.80m
step 00302 (42.10%) | loss: 2.068826 | lrm: 1.00 | dt: 2232.36ms | tok/sec: 234,858 | mfu: 0.00 | epoch: 1 | total time: 10.84m
step 00303 (42.23%) | loss: 2.041101 | lrm: 1.00 | dt: 2232.15ms | tok/sec: 234,880 | mfu: 0.00 | epoch: 1 | total time: 10.88m
step 00304 (42.37%) | loss: 2.027837 | lrm: 1.00 | dt: 2233.48ms | tok/sec: 234,740 | mfu: 0.00 | epoch: 1 | total time: 10.91m
step 00305 (42.51%) | loss: 2.018424 | lrm: 1.00 | dt: 2229.55ms | tok/sec: 235,153 | mfu: 0.00 | epoch: 1 | total time: 10.95m
step 00306 (42.64%) | loss: 2.018155 | lrm: 1.00 | dt: 2234.89ms | tok/sec: 234,591 | mfu: 0.00 | epoch: 1 | total time: 10.99m
step 00307 (42.79%) | loss: 2.032275 | lrm: 1.00 | dt: 2234.07ms | tok/sec: 234,678 | mfu: 0.00 | epoch: 1 | total time: 11.02m
step 00308 (42.93%) | loss: 2.040214 | lrm: 1.00 | dt: 2235.55ms | tok/sec: 234,522 | mfu: 0.00 | epoch: 1 | total time: 11.06m
step 00309 (43.07%) | loss: 2.051648 | lrm: 1.00 | dt: 2229.73ms | tok/sec: 235,135 | mfu: 0.00 | epoch: 1 | total time: 11.10m
step 00310 (43.22%) | loss: 2.037219 | lrm: 1.00 | dt: 2232.76ms | tok/sec: 234,816 | mfu: 0.00 | epoch: 1 | total time: 11.14m
step 00311 (43.37%) | loss: 2.040907 | lrm: 1.00 | dt: 2231.92ms | tok/sec: 234,904 | mfu: 0.00 | epoch: 1 | total time: 11.17m
step 00312 (43.51%) | loss: 2.003211 | lrm: 1.00 | dt: 2234.26ms | tok/sec: 234,658 | mfu: 0.00 | epoch: 1 | total time: 11.21m
step 00313 (43.65%) | loss: 2.022979 | lrm: 1.00 | dt: 2232.97ms | tok/sec: 234,793 | mfu: 0.00 | epoch: 1 | total time: 11.25m
step 00314 (43.79%) | loss: 2.036551 | lrm: 1.00 | dt: 2233.69ms | tok/sec: 234,718 | mfu: 0.00 | epoch: 1 | total time: 11.28m
step 00315 (43.92%) | loss: 2.032144 | lrm: 1.00 | dt: 2234.77ms | tok/sec: 234,605 | mfu: 0.00 | epoch: 1 | total time: 11.32m
step 00316 (44.07%) | loss: 2.032471 | lrm: 1.00 | dt: 2229.94ms | tok/sec: 235,113 | mfu: 0.00 | epoch: 1 | total time: 11.36m
step 00317 (44.20%) | loss: 2.049730 | lrm: 1.00 | dt: 2235.98ms | tok/sec: 234,477 | mfu: 0.00 | epoch: 1 | total time: 11.40m
step 00318 (44.34%) | loss: 2.041883 | lrm: 1.00 | dt: 2228.83ms | tok/sec: 235,229 | mfu: 0.00 | epoch: 1 | total time: 11.43m
step 00319 (44.48%) | loss: 2.033516 | lrm: 1.00 | dt: 2234.52ms | tok/sec: 234,631 | mfu: 0.00 | epoch: 1 | total time: 11.47m
step 00320 (44.62%) | loss: 2.044470 | lrm: 1.00 | dt: 2233.55ms | tok/sec: 234,733 | mfu: 0.00 | epoch: 1 | total time: 11.51m
step 00321 (44.76%) | loss: 2.072994 | lrm: 1.00 | dt: 2238.48ms | tok/sec: 234,215 | mfu: 0.00 | epoch: 1 | total time: 11.55m
step 00322 (44.89%) | loss: 2.085100 | lrm: 1.00 | dt: 2229.57ms | tok/sec: 235,151 | mfu: 0.00 | epoch: 1 | total time: 11.58m
step 00323 (45.04%) | loss: 2.071701 | lrm: 1.00 | dt: 2234.21ms | tok/sec: 234,664 | mfu: 0.00 | epoch: 1 | total time: 11.62m
step 00324 (45.18%) | loss: 2.052869 | lrm: 1.00 | dt: 2235.08ms | tok/sec: 234,572 | mfu: 0.00 | epoch: 1 | total time: 11.66m
step 00325 (45.32%) | loss: 2.046204 | lrm: 1.00 | dt: 2236.97ms | tok/sec: 234,373 | mfu: 0.00 | epoch: 1 | total time: 11.69m
step 00326 (45.46%) | loss: 2.057676 | lrm: 1.00 | dt: 2240.87ms | tok/sec: 233,966 | mfu: 0.00 | epoch: 1 | total time: 11.73m
step 00327 (45.60%) | loss: 2.059868 | lrm: 1.00 | dt: 2234.51ms | tok/sec: 234,631 | mfu: 0.00 | epoch: 1 | total time: 11.77m
step 00328 (45.73%) | loss: 2.065133 | lrm: 1.00 | dt: 2233.22ms | tok/sec: 234,768 | mfu: 0.00 | epoch: 1 | total time: 11.81m
step 00329 (45.88%) | loss: 2.075338 | lrm: 1.00 | dt: 2232.40ms | tok/sec: 234,853 | mfu: 0.00 | epoch: 1 | total time: 11.84m
step 00330 (46.02%) | loss: 2.054288 | lrm: 1.00 | dt: 2232.20ms | tok/sec: 234,875 | mfu: 0.00 | epoch: 1 | total time: 11.88m
step 00331 (46.16%) | loss: 2.070250 | lrm: 1.00 | dt: 2236.89ms | tok/sec: 234,382 | mfu: 0.00 | epoch: 1 | total time: 11.92m
step 00332 (46.31%) | loss: 2.023958 | lrm: 1.00 | dt: 2229.63ms | tok/sec: 235,146 | mfu: 0.00 | epoch: 1 | total time: 11.95m
step 00333 (46.46%) | loss: 2.048034 | lrm: 1.00 | dt: 2230.22ms | tok/sec: 235,083 | mfu: 0.00 | epoch: 1 | total time: 11.99m
step 00334 (46.61%) | loss: 2.095912 | lrm: 1.00 | dt: 2229.96ms | tok/sec: 235,111 | mfu: 0.00 | epoch: 1 | total time: 12.03m
step 00335 (46.74%) | loss: 2.085526 | lrm: 1.00 | dt: 2236.65ms | tok/sec: 234,408 | mfu: 0.00 | epoch: 1 | total time: 12.07m
step 00336 (46.87%) | loss: 2.078342 | lrm: 1.00 | dt: 2230.42ms | tok/sec: 235,062 | mfu: 0.00 | epoch: 1 | total time: 12.10m
step 00337 (46.99%) | loss: 2.073447 | lrm: 1.00 | dt: 2235.05ms | tok/sec: 234,575 | mfu: 0.00 | epoch: 1 | total time: 12.14m
step 00338 (47.12%) | loss: 2.088710 | lrm: 1.00 | dt: 2230.35ms | tok/sec: 235,070 | mfu: 0.00 | epoch: 1 | total time: 12.18m
step 00339 (47.25%) | loss: 2.105165 | lrm: 1.00 | dt: 2234.81ms | tok/sec: 234,601 | mfu: 0.00 | epoch: 1 | total time: 12.22m
step 00340 (47.39%) | loss: 2.088268 | lrm: 1.00 | dt: 2233.03ms | tok/sec: 234,787 | mfu: 0.00 | epoch: 1 | total time: 12.25m
step 00341 (47.54%) | loss: 2.064064 | lrm: 1.00 | dt: 2235.69ms | tok/sec: 234,508 | mfu: 0.00 | epoch: 1 | total time: 12.29m
step 00342 (47.67%) | loss: 2.061346 | lrm: 1.00 | dt: 2233.05ms | tok/sec: 234,785 | mfu: 0.00 | epoch: 1 | total time: 12.33m
step 00343 (47.81%) | loss: 2.070658 | lrm: 1.00 | dt: 2232.25ms | tok/sec: 234,869 | mfu: 0.00 | epoch: 1 | total time: 12.36m
step 00344 (47.95%) | loss: 2.074717 | lrm: 1.00 | dt: 2236.53ms | tok/sec: 234,420 | mfu: 0.00 | epoch: 1 | total time: 12.40m
step 00345 (48.08%) | loss: 2.080409 | lrm: 1.00 | dt: 2234.59ms | tok/sec: 234,623 | mfu: 0.00 | epoch: 1 | total time: 12.44m
step 00346 (48.22%) | loss: 2.069134 | lrm: 1.00 | dt: 2235.64ms | tok/sec: 234,513 | mfu: 0.00 | epoch: 1 | total time: 12.48m
step 00347 (48.36%) | loss: 2.043353 | lrm: 1.00 | dt: 2228.11ms | tok/sec: 235,306 | mfu: 0.00 | epoch: 1 | total time: 12.51m
step 00348 (48.51%) | loss: 2.036332 | lrm: 1.00 | dt: 2237.55ms | tok/sec: 234,313 | mfu: 0.00 | epoch: 1 | total time: 12.55m
step 00349 (48.65%) | loss: 2.036924 | lrm: 1.00 | dt: 2228.59ms | tok/sec: 235,255 | mfu: 0.00 | epoch: 1 | total time: 12.59m
step 00350 (48.78%) | loss: 2.023936 | lrm: 1.00 | dt: 2234.85ms | tok/sec: 234,596 | mfu: 0.00 | epoch: 1 | total time: 12.62m
Step 00350 | Validation bpb: 0.6451
step 00351 (48.92%) | loss: 2.012930 | lrm: 1.00 | dt: 2245.15ms | tok/sec: 233,519 | mfu: 0.00 | epoch: 1 | total time: 12.66m
step 00352 (49.06%) | loss: 2.044379 | lrm: 1.00 | dt: 2234.17ms | tok/sec: 234,667 | mfu: 0.00 | epoch: 1 | total time: 12.70m
step 00353 (49.19%) | loss: 2.063088 | lrm: 1.00 | dt: 2231.98ms | tok/sec: 234,898 | mfu: 0.00 | epoch: 1 | total time: 12.74m
step 00354 (49.35%) | loss: 2.037106 | lrm: 1.00 | dt: 2228.65ms | tok/sec: 235,249 | mfu: 0.00 | epoch: 1 | total time: 12.77m
step 00355 (49.48%) | loss: 2.039474 | lrm: 1.00 | dt: 2228.14ms | tok/sec: 235,303 | mfu: 0.00 | epoch: 1 | total time: 12.81m
step 00356 (49.63%) | loss: 2.064703 | lrm: 1.00 | dt: 2232.73ms | tok/sec: 234,819 | mfu: 0.00 | epoch: 1 | total time: 12.85m
step 00357 (49.76%) | loss: 2.070418 | lrm: 1.00 | dt: 2227.91ms | tok/sec: 235,326 | mfu: 0.00 | epoch: 1 | total time: 12.89m
step 00358 (49.91%) | loss: 2.073163 | lrm: 1.00 | dt: 2232.36ms | tok/sec: 234,858 | mfu: 0.00 | epoch: 1 | total time: 12.92m
step 00359 (50.06%) | loss: 2.063697 | lrm: 1.00 | dt: 2231.48ms | tok/sec: 234,951 | mfu: 0.00 | epoch: 1 | total time: 12.96m
step 00360 (50.21%) | loss: 2.069767 | lrm: 1.00 | dt: 2234.05ms | tok/sec: 234,680 | mfu: 0.00 | epoch: 1 | total time: 13.00m
step 00361 (50.33%) | loss: 2.042277 | lrm: 0.99 | dt: 2236.80ms | tok/sec: 234,392 | mfu: 0.00 | epoch: 1 | total time: 13.03m
step 00362 (50.47%) | loss: 2.071586 | lrm: 0.99 | dt: 2234.09ms | tok/sec: 234,676 | mfu: 0.00 | epoch: 1 | total time: 13.07m
step 00363 (50.62%) | loss: 2.082891 | lrm: 0.99 | dt: 2229.33ms | tok/sec: 235,177 | mfu: 0.00 | epoch: 1 | total time: 13.11m
step 00364 (50.75%) | loss: 2.069108 | lrm: 0.99 | dt: 2236.85ms | tok/sec: 234,386 | mfu: 0.00 | epoch: 1 | total time: 13.15m
step 00365 (50.89%) | loss: 2.050846 | lrm: 0.98 | dt: 2231.33ms | tok/sec: 234,966 | mfu: 0.00 | epoch: 1 | total time: 13.18m
step 00366 (51.02%) | loss: 2.018213 | lrm: 0.98 | dt: 2235.48ms | tok/sec: 234,529 | mfu: 0.00 | epoch: 1 | total time: 13.22m
step 00367 (51.15%) | loss: 2.008094 | lrm: 0.98 | dt: 2234.23ms | tok/sec: 234,661 | mfu: 0.00 | epoch: 1 | total time: 13.26m
step 00368 (51.29%) | loss: 2.004579 | lrm: 0.97 | dt: 2236.43ms | tok/sec: 234,431 | mfu: 0.00 | epoch: 1 | total time: 13.29m
step 00369 (51.43%) | loss: 2.003396 | lrm: 0.97 | dt: 2229.40ms | tok/sec: 235,169 | mfu: 0.00 | epoch: 1 | total time: 13.33m
step 00370 (51.57%) | loss: 1.984488 | lrm: 0.97 | dt: 2233.75ms | tok/sec: 234,711 | mfu: 0.00 | epoch: 1 | total time: 13.37m
step 00371 (51.70%) | loss: 1.961530 | lrm: 0.97 | dt: 2229.26ms | tok/sec: 235,184 | mfu: 0.00 | epoch: 1 | total time: 13.41m
step 00372 (51.84%) | loss: 2.007825 | lrm: 0.96 | dt: 2239.64ms | tok/sec: 234,095 | mfu: 0.00 | epoch: 1 | total time: 13.44m
step 00373 (51.98%) | loss: 1.998835 | lrm: 0.96 | dt: 2230.35ms | tok/sec: 235,069 | mfu: 0.00 | epoch: 1 | total time: 13.48m
step 00374 (52.12%) | loss: 1.981994 | lrm: 0.96 | dt: 2235.99ms | tok/sec: 234,476 | mfu: 0.00 | epoch: 1 | total time: 13.52m
step 00375 (52.25%) | loss: 1.993193 | lrm: 0.95 | dt: 2233.13ms | tok/sec: 234,777 | mfu: 0.00 | epoch: 1 | total time: 13.56m
step 00376 (52.39%) | loss: 1.967486 | lrm: 0.95 | dt: 2232.08ms | tok/sec: 234,887 | mfu: 0.00 | epoch: 1 | total time: 13.59m
step 00377 (52.53%) | loss: 1.966479 | lrm: 0.95 | dt: 2233.42ms | tok/sec: 234,746 | mfu: 0.00 | epoch: 1 | total time: 13.63m
step 00378 (52.68%) | loss: 1.963514 | lrm: 0.95 | dt: 2232.63ms | tok/sec: 234,829 | mfu: 0.00 | epoch: 1 | total time: 13.67m
step 00379 (52.82%) | loss: 1.968175 | lrm: 0.94 | dt: 2232.80ms | tok/sec: 234,812 | mfu: 0.00 | epoch: 1 | total time: 13.70m
step 00380 (52.96%) | loss: 1.966468 | lrm: 0.94 | dt: 2232.65ms | tok/sec: 234,827 | mfu: 0.00 | epoch: 1 | total time: 13.74m
step 00381 (53.09%) | loss: 1.979384 | lrm: 0.94 | dt: 2234.70ms | tok/sec: 234,612 | mfu: 0.00 | epoch: 1 | total time: 13.78m
step 00382 (53.22%) | loss: 1.992317 | lrm: 0.94 | dt: 2230.64ms | tok/sec: 235,039 | mfu: 0.00 | epoch: 1 | total time: 13.82m
step 00383 (53.36%) | loss: 1.980005 | lrm: 0.93 | dt: 2238.03ms | tok/sec: 234,263 | mfu: 0.00 | epoch: 1 | total time: 13.85m
step 00384 (53.50%) | loss: 2.019688 | lrm: 0.93 | dt: 2228.44ms | tok/sec: 235,271 | mfu: 0.00 | epoch: 1 | total time: 13.89m
step 00385 (53.66%) | loss: 2.017856 | lrm: 0.93 | dt: 2239.89ms | tok/sec: 234,068 | mfu: 0.00 | epoch: 1 | total time: 13.93m
step 00386 (53.79%) | loss: 1.991250 | lrm: 0.92 | dt: 2229.11ms | tok/sec: 235,201 | mfu: 0.00 | epoch: 1 | total time: 13.96m
step 00387 (53.94%) | loss: 2.008486 | lrm: 0.92 | dt: 2236.24ms | tok/sec: 234,450 | mfu: 0.00 | epoch: 1 | total time: 14.00m
step 00388 (54.08%) | loss: 2.011775 | lrm: 0.92 | dt: 2232.45ms | tok/sec: 234,848 | mfu: 0.00 | epoch: 1 | total time: 14.04m
step 00389 (54.22%) | loss: 2.010476 | lrm: 0.92 | dt: 2234.71ms | tok/sec: 234,610 | mfu: 0.00 | epoch: 1 | total time: 14.08m
step 00390 (54.36%) | loss: 2.024449 | lrm: 0.91 | dt: 2232.39ms | tok/sec: 234,855 | mfu: 0.00 | epoch: 1 | total time: 14.11m
step 00391 (54.51%) | loss: 2.005481 | lrm: 0.91 | dt: 2232.96ms | tok/sec: 234,795 | mfu: 0.00 | epoch: 1 | total time: 14.15m
step 00392 (54.64%) | loss: 1.998455 | lrm: 0.91 | dt: 2231.06ms | tok/sec: 234,995 | mfu: 0.00 | epoch: 1 | total time: 14.19m
step 00393 (54.78%) | loss: 2.001080 | lrm: 0.90 | dt: 2233.81ms | tok/sec: 234,705 | mfu: 0.00 | epoch: 1 | total time: 14.23m
step 00394 (54.91%) | loss: 1.999916 | lrm: 0.90 | dt: 2233.66ms | tok/sec: 234,721 | mfu: 0.00 | epoch: 1 | total time: 14.26m
step 00395 (55.06%) | loss: 2.005253 | lrm: 0.90 | dt: 2236.55ms | tok/sec: 234,418 | mfu: 0.00 | epoch: 1 | total time: 14.30m
step 00396 (55.20%) | loss: 2.006029 | lrm: 0.90 | dt: 2230.16ms | tok/sec: 235,089 | mfu: 0.00 | epoch: 1 | total time: 14.34m
step 00397 (55.36%) | loss: 2.020018 | lrm: 0.89 | dt: 2238.22ms | tok/sec: 234,243 | mfu: 0.00 | epoch: 1 | total time: 14.37m
step 00398 (55.51%) | loss: 2.041774 | lrm: 0.89 | dt: 2232.67ms | tok/sec: 234,825 | mfu: 0.00 | epoch: 1 | total time: 14.41m
step 00399 (55.65%) | loss: 2.022895 | lrm: 0.89 | dt: 2237.35ms | tok/sec: 234,334 | mfu: 0.00 | epoch: 1 | total time: 14.45m
step 00400 (55.78%) | loss: 2.022886 | lrm: 0.88 | dt: 2233.13ms | tok/sec: 234,777 | mfu: 0.00 | epoch: 1 | total time: 14.49m
Step 00400 | Validation bpb: 0.6316
step 00401 (55.92%) | loss: 2.023539 | lrm: 0.88 | dt: 2244.34ms | tok/sec: 233,604 | mfu: 0.00 | epoch: 1 | total time: 14.52m
step 00402 (56.06%) | loss: 2.029479 | lrm: 0.88 | dt: 2237.55ms | tok/sec: 234,313 | mfu: 0.00 | epoch: 1 | total time: 14.56m
step 00403 (56.20%) | loss: 2.035709 | lrm: 0.88 | dt: 2230.50ms | tok/sec: 235,053 | mfu: 0.00 | epoch: 1 | total time: 14.60m
step 00404 (56.34%) | loss: 2.024415 | lrm: 0.87 | dt: 2235.62ms | tok/sec: 234,515 | mfu: 0.00 | epoch: 1 | total time: 14.64m
step 00405 (56.48%) | loss: 2.024865 | lrm: 0.87 | dt: 2230.57ms | tok/sec: 235,046 | mfu: 0.00 | epoch: 1 | total time: 14.67m
step 00406 (56.62%) | loss: 2.040113 | lrm: 0.87 | dt: 2234.31ms | tok/sec: 234,652 | mfu: 0.00 | epoch: 1 | total time: 14.71m
step 00407 (56.75%) | loss: 2.045753 | lrm: 0.86 | dt: 2234.23ms | tok/sec: 234,662 | mfu: 0.00 | epoch: 1 | total time: 14.75m
step 00408 (56.89%) | loss: 2.041687 | lrm: 0.86 | dt: 2233.54ms | tok/sec: 234,734 | mfu: 0.00 | epoch: 1 | total time: 14.78m
step 00409 (57.03%) | loss: 2.046554 | lrm: 0.86 | dt: 2232.66ms | tok/sec: 234,826 | mfu: 0.00 | epoch: 1 | total time: 14.82m
step 00410 (57.16%) | loss: 2.027683 | lrm: 0.86 | dt: 2236.93ms | tok/sec: 234,378 | mfu: 0.00 | epoch: 1 | total time: 14.86m
step 00411 (57.30%) | loss: 2.062911 | lrm: 0.85 | dt: 2227.02ms | tok/sec: 235,421 | mfu: 0.00 | epoch: 1 | total time: 14.90m
step 00412 (57.44%) | loss: 2.033852 | lrm: 0.85 | dt: 2232.41ms | tok/sec: 234,852 | mfu: 0.00 | epoch: 1 | total time: 14.93m
step 00413 (57.58%) | loss: 2.029154 | lrm: 0.85 | dt: 2234.26ms | tok/sec: 234,657 | mfu: 0.00 | epoch: 1 | total time: 14.97m
step 00414 (57.72%) | loss: 2.027245 | lrm: 0.85 | dt: 2231.12ms | tok/sec: 234,988 | mfu: 0.00 | epoch: 1 | total time: 15.01m
step 00415 (57.86%) | loss: 2.010262 | lrm: 0.84 | dt: 2233.13ms | tok/sec: 234,776 | mfu: 0.00 | epoch: 1 | total time: 15.04m
step 00416 (58.01%) | loss: 2.006423 | lrm: 0.84 | dt: 2235.68ms | tok/sec: 234,508 | mfu: 0.00 | epoch: 1 | total time: 15.08m
step 00417 (58.14%) | loss: 1.980573 | lrm: 0.84 | dt: 2235.55ms | tok/sec: 234,523 | mfu: 0.00 | epoch: 1 | total time: 15.12m
step 00418 (58.28%) | loss: 1.962013 | lrm: 0.83 | dt: 2232.95ms | tok/sec: 234,796 | mfu: 0.00 | epoch: 1 | total time: 15.16m
step 00419 (58.42%) | loss: 1.951467 | lrm: 0.83 | dt: 2233.02ms | tok/sec: 234,789 | mfu: 0.00 | epoch: 1 | total time: 15.19m
step 00420 (58.58%) | loss: 1.960400 | lrm: 0.83 | dt: 2233.71ms | tok/sec: 234,715 | mfu: 0.00 | epoch: 1 | total time: 15.23m
step 00421 (58.71%) | loss: 1.963392 | lrm: 0.83 | dt: 2232.64ms | tok/sec: 234,828 | mfu: 0.00 | epoch: 1 | total time: 15.27m
step 00422 (58.85%) | loss: 1.987781 | lrm: 0.82 | dt: 2233.54ms | tok/sec: 234,733 | mfu: 0.00 | epoch: 1 | total time: 15.31m
step 00423 (58.99%) | loss: 1.994477 | lrm: 0.82 | dt: 2238.02ms | tok/sec: 234,264 | mfu: 0.00 | epoch: 1 | total time: 15.34m
step 00424 (59.15%) | loss: 2.003736 | lrm: 0.82 | dt: 2229.94ms | tok/sec: 235,113 | mfu: 0.00 | epoch: 1 | total time: 15.38m
step 00425 (59.27%) | loss: 2.021375 | lrm: 0.81 | dt: 2235.32ms | tok/sec: 234,547 | mfu: 0.00 | epoch: 1 | total time: 15.42m
step 00426 (59.42%) | loss: 2.025317 | lrm: 0.81 | dt: 2228.47ms | tok/sec: 235,267 | mfu: 0.00 | epoch: 1 | total time: 15.45m
step 00427 (59.56%) | loss: 2.017878 | lrm: 0.81 | dt: 2232.79ms | tok/sec: 234,813 | mfu: 0.00 | epoch: 1 | total time: 15.49m
step 00428 (59.68%) | loss: 2.002562 | lrm: 0.81 | dt: 2233.44ms | tok/sec: 234,744 | mfu: 0.00 | epoch: 1 | total time: 15.53m
step 00429 (59.82%) | loss: 2.011986 | lrm: 0.80 | dt: 2239.38ms | tok/sec: 234,121 | mfu: 0.00 | epoch: 1 | total time: 15.57m
step 00430 (59.97%) | loss: 2.016098 | lrm: 0.80 | dt: 2230.40ms | tok/sec: 235,064 | mfu: 0.00 | epoch: 1 | total time: 15.60m
step 00431 (60.10%) | loss: 2.020669 | lrm: 0.80 | dt: 2235.71ms | tok/sec: 234,506 | mfu: 0.00 | epoch: 1 | total time: 15.64m
step 00432 (60.24%) | loss: 2.018697 | lrm: 0.80 | dt: 2234.36ms | tok/sec: 234,647 | mfu: 0.00 | epoch: 1 | total time: 15.68m
step 00433 (60.36%) | loss: 2.024839 | lrm: 0.79 | dt: 2234.05ms | tok/sec: 234,680 | mfu: 0.00 | epoch: 1 | total time: 15.71m
step 00434 (60.50%) | loss: 2.009178 | lrm: 0.79 | dt: 2228.78ms | tok/sec: 235,234 | mfu: 0.00 | epoch: 1 | total time: 15.75m
step 00435 (60.64%) | loss: 2.010552 | lrm: 0.79 | dt: 2236.37ms | tok/sec: 234,436 | mfu: 0.00 | epoch: 1 | total time: 15.79m
step 00436 (60.79%) | loss: 2.005284 | lrm: 0.78 | dt: 2233.98ms | tok/sec: 234,688 | mfu: 0.00 | epoch: 1 | total time: 15.83m
step 00437 (60.92%) | loss: 2.016385 | lrm: 0.78 | dt: 2233.24ms | tok/sec: 234,765 | mfu: 0.00 | epoch: 1 | total time: 15.86m
step 00438 (61.05%) | loss: 2.022280 | lrm: 0.78 | dt: 2233.04ms | tok/sec: 234,786 | mfu: 0.00 | epoch: 1 | total time: 15.90m
step 00439 (61.21%) | loss: 1.996252 | lrm: 0.78 | dt: 2235.05ms | tok/sec: 234,575 | mfu: 0.00 | epoch: 1 | total time: 15.94m
step 00440 (61.34%) | loss: 1.998327 | lrm: 0.77 | dt: 2234.77ms | tok/sec: 234,604 | mfu: 0.00 | epoch: 1 | total time: 15.98m
step 00441 (61.48%) | loss: 2.011436 | lrm: 0.77 | dt: 2234.73ms | tok/sec: 234,608 | mfu: 0.00 | epoch: 1 | total time: 16.01m
step 00442 (61.62%) | loss: 2.018324 | lrm: 0.77 | dt: 2231.28ms | tok/sec: 234,972 | mfu: 0.00 | epoch: 1 | total time: 16.05m
step 00443 (61.76%) | loss: 1.981394 | lrm: 0.76 | dt: 2235.26ms | tok/sec: 234,553 | mfu: 0.00 | epoch: 1 | total time: 16.09m
step 00444 (61.89%) | loss: 2.003698 | lrm: 0.76 | dt: 2231.07ms | tok/sec: 234,994 | mfu: 0.00 | epoch: 1 | total time: 16.12m
step 00445 (62.05%) | loss: 2.006217 | lrm: 0.76 | dt: 2234.96ms | tok/sec: 234,584 | mfu: 0.00 | epoch: 1 | total time: 16.16m
step 00446 (62.20%) | loss: 1.996556 | lrm: 0.76 | dt: 2233.40ms | tok/sec: 234,748 | mfu: 0.00 | epoch: 1 | total time: 16.20m
step 00447 (62.32%) | loss: 1.996200 | lrm: 0.75 | dt: 2233.66ms | tok/sec: 234,721 | mfu: 0.00 | epoch: 1 | total time: 16.24m
step 00448 (62.45%) | loss: 2.001983 | lrm: 0.75 | dt: 2236.84ms | tok/sec: 234,387 | mfu: 0.00 | epoch: 1 | total time: 16.27m
step 00449 (62.59%) | loss: 2.029452 | lrm: 0.75 | dt: 2231.57ms | tok/sec: 234,941 | mfu: 0.00 | epoch: 1 | total time: 16.31m
step 00450 (62.73%) | loss: 2.047397 | lrm: 0.75 | dt: 2236.20ms | tok/sec: 234,454 | mfu: 0.00 | epoch: 1 | total time: 16.35m
Step 00450 | Validation bpb: 0.6202
step 00451 (62.86%) | loss: 2.044721 | lrm: 0.74 | dt: 2242.30ms | tok/sec: 233,816 | mfu: 0.00 | epoch: 1 | total time: 16.38m
step 00452 (63.00%) | loss: 2.062610 | lrm: 0.74 | dt: 2234.01ms | tok/sec: 234,685 | mfu: 0.00 | epoch: 1 | total time: 16.42m
step 00453 (63.14%) | loss: 2.066532 | lrm: 0.74 | dt: 2228.69ms | tok/sec: 235,244 | mfu: 0.00 | epoch: 1 | total time: 16.46m
step 00454 (63.28%) | loss: 2.076307 | lrm: 0.73 | dt: 2231.60ms | tok/sec: 234,938 | mfu: 0.00 | epoch: 1 | total time: 16.50m
step 00455 (63.44%) | loss: 2.067590 | lrm: 0.73 | dt: 2232.12ms | tok/sec: 234,883 | mfu: 0.00 | epoch: 1 | total time: 16.53m
step 00456 (63.59%) | loss: 2.042716 | lrm: 0.73 | dt: 2237.30ms | tok/sec: 234,339 | mfu: 0.00 | epoch: 1 | total time: 16.57m
step 00457 (63.72%) | loss: 2.051124 | lrm: 0.73 | dt: 2231.78ms | tok/sec: 234,918 | mfu: 0.00 | epoch: 1 | total time: 16.61m
step 00458 (63.87%) | loss: 2.041014 | lrm: 0.72 | dt: 2237.95ms | tok/sec: 234,271 | mfu: 0.00 | epoch: 1 | total time: 16.65m
step 00459 (64.00%) | loss: 2.036381 | lrm: 0.72 | dt: 2231.27ms | tok/sec: 234,972 | mfu: 0.00 | epoch: 1 | total time: 16.68m
step 00460 (64.16%) | loss: 2.023012 | lrm: 0.72 | dt: 2235.25ms | tok/sec: 234,554 | mfu: 0.00 | epoch: 1 | total time: 16.72m
step 00461 (64.29%) | loss: 2.001701 | lrm: 0.71 | dt: 2231.98ms | tok/sec: 234,898 | mfu: 0.00 | epoch: 1 | total time: 16.76m
step 00462 (64.42%) | loss: 1.991681 | lrm: 0.71 | dt: 2231.35ms | tok/sec: 234,964 | mfu: 0.00 | epoch: 1 | total time: 16.79m
step 00463 (64.57%) | loss: 1.975033 | lrm: 0.71 | dt: 2236.00ms | tok/sec: 234,476 | mfu: 0.00 | epoch: 1 | total time: 16.83m
step 00464 (64.71%) | loss: 1.983082 | lrm: 0.71 | dt: 2233.41ms | tok/sec: 234,747 | mfu: 0.00 | epoch: 1 | total time: 16.87m
step 00465 (64.85%) | loss: 1.995247 | lrm: 0.70 | dt: 2233.81ms | tok/sec: 234,706 | mfu: 0.00 | epoch: 1 | total time: 16.91m
step 00466 (64.98%) | loss: 1.989632 | lrm: 0.70 | dt: 2229.58ms | tok/sec: 235,150 | mfu: 0.00 | epoch: 1 | total time: 16.94m
step 00467 (65.13%) | loss: 2.001034 | lrm: 0.70 | dt: 2238.34ms | tok/sec: 234,230 | mfu: 0.00 | epoch: 1 | total time: 16.98m
step 00468 (65.27%) | loss: 1.983798 | lrm: 0.69 | dt: 2232.70ms | tok/sec: 234,822 | mfu: 0.00 | epoch: 1 | total time: 17.02m
step 00469 (65.42%) | loss: 2.003696 | lrm: 0.69 | dt: 2235.62ms | tok/sec: 234,515 | mfu: 0.00 | epoch: 1 | total time: 17.06m
step 00470 (65.55%) | loss: 2.015294 | lrm: 0.69 | dt: 2236.00ms | tok/sec: 234,476 | mfu: 0.00 | epoch: 1 | total time: 17.09m
step 00471 (65.70%) | loss: 1.989258 | lrm: 0.69 | dt: 2234.46ms | tok/sec: 234,637 | mfu: 0.00 | epoch: 1 | total time: 17.13m
step 00472 (65.84%) | loss: 1.973176 | lrm: 0.68 | dt: 2232.26ms | tok/sec: 234,868 | mfu: 0.00 | epoch: 1 | total time: 17.17m
step 00473 (65.98%) | loss: 1.965513 | lrm: 0.68 | dt: 2230.22ms | tok/sec: 235,083 | mfu: 0.00 | epoch: 1 | total time: 17.20m
step 00474 (66.12%) | loss: 1.971049 | lrm: 0.68 | dt: 2229.68ms | tok/sec: 235,140 | mfu: 0.00 | epoch: 1 | total time: 17.24m
step 00475 (66.25%) | loss: 1.932011 | lrm: 0.68 | dt: 2236.97ms | tok/sec: 234,374 | mfu: 0.00 | epoch: 1 | total time: 17.28m
step 00476 (66.38%) | loss: 1.949996 | lrm: 0.67 | dt: 2232.50ms | tok/sec: 234,842 | mfu: 0.00 | epoch: 1 | total time: 17.32m
step 00477 (66.53%) | loss: 1.937781 | lrm: 0.67 | dt: 2237.12ms | tok/sec: 234,358 | mfu: 0.00 | epoch: 1 | total time: 17.35m
step 00478 (66.66%) | loss: 1.933125 | lrm: 0.67 | dt: 2233.05ms | tok/sec: 234,785 | mfu: 0.00 | epoch: 1 | total time: 17.39m
step 00479 (66.80%) | loss: 1.940387 | lrm: 0.66 | dt: 2235.13ms | tok/sec: 234,567 | mfu: 0.00 | epoch: 1 | total time: 17.43m
step 00480 (66.94%) | loss: 1.921825 | lrm: 0.66 | dt: 2233.21ms | tok/sec: 234,768 | mfu: 0.00 | epoch: 1 | total time: 17.46m
step 00481 (67.06%) | loss: 1.940709 | lrm: 0.66 | dt: 2234.08ms | tok/sec: 234,677 | mfu: 0.00 | epoch: 1 | total time: 17.50m
step 00482 (67.20%) | loss: 1.932989 | lrm: 0.66 | dt: 2230.13ms | tok/sec: 235,092 | mfu: 0.00 | epoch: 1 | total time: 17.54m
step 00483 (67.34%) | loss: 1.908286 | lrm: 0.65 | dt: 2233.38ms | tok/sec: 234,751 | mfu: 0.00 | epoch: 1 | total time: 17.58m
step 00484 (67.48%) | loss: 1.891067 | lrm: 0.65 | dt: 2231.64ms | tok/sec: 234,933 | mfu: 0.00 | epoch: 1 | total time: 17.61m
step 00485 (67.62%) | loss: 1.885274 | lrm: 0.65 | dt: 2236.15ms | tok/sec: 234,459 | mfu: 0.00 | epoch: 1 | total time: 17.65m
step 00486 (67.77%) | loss: 1.898321 | lrm: 0.64 | dt: 2229.44ms | tok/sec: 235,165 | mfu: 0.00 | epoch: 1 | total time: 17.69m
step 00487 (67.91%) | loss: 1.897553 | lrm: 0.64 | dt: 2239.16ms | tok/sec: 234,145 | mfu: 0.00 | epoch: 1 | total time: 17.73m
step 00488 (68.04%) | loss: 1.899467 | lrm: 0.64 | dt: 2229.90ms | tok/sec: 235,117 | mfu: 0.00 | epoch: 1 | total time: 17.76m
step 00489 (68.18%) | loss: 1.912606 | lrm: 0.64 | dt: 2233.73ms | tok/sec: 234,713 | mfu: 0.00 | epoch: 1 | total time: 17.80m
step 00490 (68.32%) | loss: 1.945405 | lrm: 0.63 | dt: 2234.21ms | tok/sec: 234,663 | mfu: 0.00 | epoch: 1 | total time: 17.84m
step 00491 (68.47%) | loss: 1.925492 | lrm: 0.63 | dt: 2232.11ms | tok/sec: 234,884 | mfu: 0.00 | epoch: 1 | total time: 17.87m
step 00492 (68.61%) | loss: 1.917713 | lrm: 0.63 | dt: 2234.58ms | tok/sec: 234,625 | mfu: 0.00 | epoch: 1 | total time: 17.91m
step 00493 (68.75%) | loss: 1.932272 | lrm: 0.62 | dt: 2231.16ms | tok/sec: 234,984 | mfu: 0.00 | epoch: 1 | total time: 17.95m
step 00494 (68.91%) | loss: 1.910377 | lrm: 0.62 | dt: 2233.57ms | tok/sec: 234,730 | mfu: 0.00 | epoch: 1 | total time: 17.99m
step 00495 (69.04%) | loss: 1.925382 | lrm: 0.62 | dt: 2232.99ms | tok/sec: 234,792 | mfu: 0.00 | epoch: 1 | total time: 18.02m
step 00496 (69.18%) | loss: 1.914549 | lrm: 0.62 | dt: 2235.77ms | tok/sec: 234,499 | mfu: 0.00 | epoch: 1 | total time: 18.06m
step 00497 (69.33%) | loss: 1.902945 | lrm: 0.61 | dt: 2232.17ms | tok/sec: 234,877 | mfu: 0.00 | epoch: 1 | total time: 18.10m
step 00498 (69.47%) | loss: 1.902614 | lrm: 0.61 | dt: 2234.49ms | tok/sec: 234,634 | mfu: 0.00 | epoch: 1 | total time: 18.13m
step 00499 (69.60%) | loss: 1.922972 | lrm: 0.61 | dt: 2231.45ms | tok/sec: 234,954 | mfu: 0.00 | epoch: 1 | total time: 18.17m
step 00500 (69.75%) | loss: 1.946553 | lrm: 0.61 | dt: 2233.23ms | tok/sec: 234,766 | mfu: 0.00 | epoch: 1 | total time: 18.21m
Step 00500 | Validation bpb: 0.6105
step 00501 (69.89%) | loss: 1.988438 | lrm: 0.60 | dt: 2242.82ms | tok/sec: 233,762 | mfu: 0.00 | epoch: 1 | total time: 18.25m
step 00502 (70.02%) | loss: 1.965230 | lrm: 0.60 | dt: 2231.77ms | tok/sec: 234,920 | mfu: 0.00 | epoch: 1 | total time: 18.28m
step 00503 (70.16%) | loss: 1.980021 | lrm: 0.60 | dt: 2234.22ms | tok/sec: 234,662 | mfu: 0.00 | epoch: 1 | total time: 18.32m
step 00504 (70.29%) | loss: 1.985233 | lrm: 0.59 | dt: 2232.21ms | tok/sec: 234,873 | mfu: 0.00 | epoch: 1 | total time: 18.36m
step 00505 (70.43%) | loss: 2.004043 | lrm: 0.59 | dt: 2230.97ms | tok/sec: 235,004 | mfu: 0.00 | epoch: 1 | total time: 18.40m
step 00506 (70.56%) | loss: 1.999014 | lrm: 0.59 | dt: 2232.75ms | tok/sec: 234,816 | mfu: 0.00 | epoch: 1 | total time: 18.43m
step 00507 (70.71%) | loss: 1.990639 | lrm: 0.59 | dt: 2236.78ms | tok/sec: 234,394 | mfu: 0.00 | epoch: 1 | total time: 18.47m
step 00508 (70.84%) | loss: 1.992923 | lrm: 0.58 | dt: 2232.36ms | tok/sec: 234,857 | mfu: 0.00 | epoch: 1 | total time: 18.51m
step 00509 (70.97%) | loss: 1.985941 | lrm: 0.58 | dt: 2234.75ms | tok/sec: 234,606 | mfu: 0.00 | epoch: 1 | total time: 18.54m
step 00510 (71.11%) | loss: 1.986972 | lrm: 0.58 | dt: 2231.56ms | tok/sec: 234,942 | mfu: 0.00 | epoch: 1 | total time: 18.58m
step 00511 (71.24%) | loss: 1.968515 | lrm: 0.58 | dt: 2233.57ms | tok/sec: 234,731 | mfu: 0.00 | epoch: 1 | total time: 18.62m
step 00512 (71.39%) | loss: 1.955263 | lrm: 0.57 | dt: 2232.43ms | tok/sec: 234,851 | mfu: 0.00 | epoch: 1 | total time: 18.66m
step 00513 (71.53%) | loss: 1.915728 | lrm: 0.57 | dt: 2237.46ms | tok/sec: 234,322 | mfu: 0.00 | epoch: 1 | total time: 18.69m
step 00514 (71.67%) | loss: 1.903326 | lrm: 0.57 | dt: 2230.56ms | tok/sec: 235,047 | mfu: 0.00 | epoch: 1 | total time: 18.73m
step 00515 (71.80%) | loss: 1.907809 | lrm: 0.56 | dt: 2233.78ms | tok/sec: 234,708 | mfu: 0.00 | epoch: 1 | total time: 18.77m
step 00516 (71.95%) | loss: 1.926449 | lrm: 0.56 | dt: 2236.43ms | tok/sec: 234,431 | mfu: 0.00 | epoch: 1 | total time: 18.80m
step 00517 (72.08%) | loss: 1.918723 | lrm: 0.56 | dt: 2233.44ms | tok/sec: 234,744 | mfu: 0.00 | epoch: 1 | total time: 18.84m
step 00518 (72.23%) | loss: 1.917895 | lrm: 0.56 | dt: 2233.46ms | tok/sec: 234,742 | mfu: 0.00 | epoch: 1 | total time: 18.88m
step 00519 (72.37%) | loss: 1.929342 | lrm: 0.55 | dt: 2237.25ms | tok/sec: 234,344 | mfu: 0.00 | epoch: 1 | total time: 18.92m
step 00520 (72.51%) | loss: 1.927519 | lrm: 0.55 | dt: 2232.06ms | tok/sec: 234,889 | mfu: 0.00 | epoch: 1 | total time: 18.95m
step 00521 (72.65%) | loss: 1.954325 | lrm: 0.55 | dt: 2234.34ms | tok/sec: 234,649 | mfu: 0.00 | epoch: 1 | total time: 18.99m
step 00522 (72.79%) | loss: 1.961571 | lrm: 0.54 | dt: 2229.68ms | tok/sec: 235,140 | mfu: 0.00 | epoch: 1 | total time: 19.03m
step 00523 (72.92%) | loss: 1.985211 | lrm: 0.54 | dt: 2236.51ms | tok/sec: 234,421 | mfu: 0.00 | epoch: 1 | total time: 19.07m
step 00524 (73.06%) | loss: 1.966734 | lrm: 0.54 | dt: 2230.76ms | tok/sec: 235,026 | mfu: 0.00 | epoch: 1 | total time: 19.10m
step 00525 (73.20%) | loss: 1.943332 | lrm: 0.54 | dt: 2238.67ms | tok/sec: 234,195 | mfu: 0.00 | epoch: 1 | total time: 19.14m
step 00526 (73.34%) | loss: 1.980468 | lrm: 0.53 | dt: 2228.25ms | tok/sec: 235,291 | mfu: 0.00 | epoch: 1 | total time: 19.18m
step 00527 (73.49%) | loss: 1.981353 | lrm: 0.53 | dt: 2238.03ms | tok/sec: 234,262 | mfu: 0.00 | epoch: 1 | total time: 19.21m
step 00528 (73.62%) | loss: 1.976175 | lrm: 0.53 | dt: 2230.12ms | tok/sec: 235,093 | mfu: 0.00 | epoch: 1 | total time: 19.25m
step 00529 (73.77%) | loss: 1.978364 | lrm: 0.52 | dt: 2230.99ms | tok/sec: 235,002 | mfu: 0.00 | epoch: 1 | total time: 19.29m
step 00530 (73.90%) | loss: 1.974414 | lrm: 0.52 | dt: 2233.44ms | tok/sec: 234,744 | mfu: 0.00 | epoch: 1 | total time: 19.33m
step 00531 (74.04%) | loss: 1.967198 | lrm: 0.52 | dt: 2236.82ms | tok/sec: 234,389 | mfu: 0.00 | epoch: 1 | total time: 19.36m
step 00532 (74.18%) | loss: 1.963861 | lrm: 0.52 | dt: 2236.08ms | tok/sec: 234,467 | mfu: 0.00 | epoch: 1 | total time: 19.40m
step 00533 (74.31%) | loss: 1.941756 | lrm: 0.51 | dt: 2228.61ms | tok/sec: 235,253 | mfu: 0.00 | epoch: 1 | total time: 19.44m
step 00534 (74.45%) | loss: 1.947062 | lrm: 0.51 | dt: 2232.27ms | tok/sec: 234,868 | mfu: 0.00 | epoch: 1 | total time: 19.47m
step 00535 (74.59%) | loss: 1.943916 | lrm: 0.51 | dt: 2234.05ms | tok/sec: 234,680 | mfu: 0.00 | epoch: 1 | total time: 19.51m
step 00536 (74.72%) | loss: 1.960445 | lrm: 0.51 | dt: 2236.39ms | tok/sec: 234,435 | mfu: 0.00 | epoch: 1 | total time: 19.55m
step 00537 (74.87%) | loss: 1.943030 | lrm: 0.50 | dt: 2230.29ms | tok/sec: 235,076 | mfu: 0.00 | epoch: 1 | total time: 19.59m
step 00538 (75.01%) | loss: 1.940384 | lrm: 0.50 | dt: 2239.54ms | tok/sec: 234,105 | mfu: 0.00 | epoch: 1 | total time: 19.62m
step 00539 (75.16%) | loss: 1.922894 | lrm: 0.50 | dt: 2231.55ms | tok/sec: 234,943 | mfu: 0.00 | epoch: 1 | total time: 19.66m
step 00540 (75.30%) | loss: 1.913471 | lrm: 0.49 | dt: 2235.77ms | tok/sec: 234,500 | mfu: 0.00 | epoch: 1 | total time: 19.70m
step 00541 (75.44%) | loss: 1.874235 | lrm: 0.49 | dt: 2230.95ms | tok/sec: 235,006 | mfu: 0.00 | epoch: 1 | total time: 19.74m
step 00542 (75.58%) | loss: 1.895056 | lrm: 0.49 | dt: 2238.31ms | tok/sec: 234,234 | mfu: 0.00 | epoch: 1 | total time: 19.77m
step 00543 (75.72%) | loss: 1.917394 | lrm: 0.49 | dt: 2231.56ms | tok/sec: 234,942 | mfu: 0.00 | epoch: 1 | total time: 19.81m
step 00544 (75.87%) | loss: 1.925886 | lrm: 0.48 | dt: 2234.87ms | tok/sec: 234,593 | mfu: 0.00 | epoch: 1 | total time: 19.85m
step 00545 (76.01%) | loss: 1.922570 | lrm: 0.48 | dt: 2233.53ms | tok/sec: 234,734 | mfu: 0.00 | epoch: 1 | total time: 19.88m
step 00546 (76.15%) | loss: 1.903523 | lrm: 0.48 | dt: 2231.06ms | tok/sec: 234,995 | mfu: 0.00 | epoch: 1 | total time: 19.92m
step 00547 (76.29%) | loss: 1.925785 | lrm: 0.47 | dt: 2232.85ms | tok/sec: 234,807 | mfu: 0.00 | epoch: 1 | total time: 19.96m
step 00548 (76.42%) | loss: 1.916627 | lrm: 0.47 | dt: 2234.27ms | tok/sec: 234,657 | mfu: 0.00 | epoch: 1 | total time: 20.00m
step 00549 (76.57%) | loss: 1.931573 | lrm: 0.47 | dt: 2231.25ms | tok/sec: 234,974 | mfu: 0.00 | epoch: 1 | total time: 20.03m
step 00550 (76.71%) | loss: 1.923067 | lrm: 0.47 | dt: 2236.14ms | tok/sec: 234,460 | mfu: 0.00 | epoch: 1 | total time: 20.07m
Step 00550 | Validation bpb: 0.6016
step 00551 (76.84%) | loss: 1.921912 | lrm: 0.46 | dt: 2247.27ms | tok/sec: 233,299 | mfu: 0.00 | epoch: 1 | total time: 20.11m
step 00552 (76.97%) | loss: 1.929494 | lrm: 0.46 | dt: 2229.45ms | tok/sec: 235,165 | mfu: 0.00 | epoch: 1 | total time: 20.14m
step 00553 (77.11%) | loss: 1.913338 | lrm: 0.46 | dt: 2233.62ms | tok/sec: 234,725 | mfu: 0.00 | epoch: 1 | total time: 20.18m
step 00554 (77.25%) | loss: 1.901453 | lrm: 0.46 | dt: 2232.68ms | tok/sec: 234,824 | mfu: 0.00 | epoch: 1 | total time: 20.22m
step 00555 (77.39%) | loss: 1.922304 | lrm: 0.45 | dt: 2237.64ms | tok/sec: 234,304 | mfu: 0.00 | epoch: 1 | total time: 20.26m
step 00556 (77.52%) | loss: 1.916547 | lrm: 0.45 | dt: 2229.09ms | tok/sec: 235,202 | mfu: 0.00 | epoch: 1 | total time: 20.29m
step 00557 (77.66%) | loss: 1.900732 | lrm: 0.45 | dt: 2234.24ms | tok/sec: 234,660 | mfu: 0.00 | epoch: 1 | total time: 20.33m
step 00558 (77.81%) | loss: 1.896884 | lrm: 0.44 | dt: 2235.28ms | tok/sec: 234,551 | mfu: 0.00 | epoch: 1 | total time: 20.37m
step 00559 (77.94%) | loss: 1.923777 | lrm: 0.44 | dt: 2235.68ms | tok/sec: 234,509 | mfu: 0.00 | epoch: 1 | total time: 20.41m
step 00560 (78.08%) | loss: 1.940174 | lrm: 0.44 | dt: 2231.48ms | tok/sec: 234,950 | mfu: 0.00 | epoch: 1 | total time: 20.44m
step 00561 (78.21%) | loss: 1.935095 | lrm: 0.44 | dt: 2233.89ms | tok/sec: 234,697 | mfu: 0.00 | epoch: 1 | total time: 20.48m
step 00562 (78.34%) | loss: 1.898541 | lrm: 0.43 | dt: 2234.08ms | tok/sec: 234,677 | mfu: 0.00 | epoch: 1 | total time: 20.52m
step 00563 (78.47%) | loss: 1.876698 | lrm: 0.43 | dt: 2234.43ms | tok/sec: 234,640 | mfu: 0.00 | epoch: 1 | total time: 20.55m
step 00564 (78.62%) | loss: 1.862337 | lrm: 0.43 | dt: 2229.83ms | tok/sec: 235,124 | mfu: 0.00 | epoch: 1 | total time: 20.59m
step 00565 (78.75%) | loss: 1.847753 | lrm: 0.43 | dt: 2235.40ms | tok/sec: 234,539 | mfu: 0.00 | epoch: 1 | total time: 20.63m
step 00566 (78.88%) | loss: 1.860551 | lrm: 0.42 | dt: 2231.89ms | tok/sec: 234,907 | mfu: 0.00 | epoch: 1 | total time: 20.67m
step 00567 (79.03%) | loss: 1.867900 | lrm: 0.42 | dt: 2236.52ms | tok/sec: 234,420 | mfu: 0.00 | epoch: 1 | total time: 20.70m
step 00568 (79.17%) | loss: 1.891223 | lrm: 0.42 | dt: 2229.16ms | tok/sec: 235,195 | mfu: 0.00 | epoch: 1 | total time: 20.74m
step 00569 (79.30%) | loss: 1.875563 | lrm: 0.41 | dt: 2234.44ms | tok/sec: 234,639 | mfu: 0.00 | epoch: 1 | total time: 20.78m
step 00570 (79.44%) | loss: 1.902602 | lrm: 0.41 | dt: 2231.43ms | tok/sec: 234,956 | mfu: 0.00 | epoch: 1 | total time: 20.81m
step 00571 (79.58%) | loss: 1.871907 | lrm: 0.41 | dt: 2239.22ms | tok/sec: 234,138 | mfu: 0.00 | epoch: 1 | total time: 20.85m
step 00572 (79.71%) | loss: 1.906622 | lrm: 0.41 | dt: 2230.20ms | tok/sec: 235,086 | mfu: 0.00 | epoch: 1 | total time: 20.89m
step 00573 (79.86%) | loss: 1.908024 | lrm: 0.40 | dt: 2234.67ms | tok/sec: 234,615 | mfu: 0.00 | epoch: 1 | total time: 20.93m
step 00574 (80.01%) | loss: 1.865716 | lrm: 0.40 | dt: 2235.22ms | tok/sec: 234,557 | mfu: 0.00 | epoch: 1 | total time: 20.96m
step 00575 (80.15%) | loss: 1.859811 | lrm: 0.40 | dt: 2232.16ms | tok/sec: 234,879 | mfu: 0.00 | epoch: 1 | total time: 21.00m
step 00576 (80.29%) | loss: 1.857517 | lrm: 0.39 | dt: 2235.26ms | tok/sec: 234,553 | mfu: 0.00 | epoch: 1 | total time: 21.04m
step 00577 (80.42%) | loss: 1.875628 | lrm: 0.39 | dt: 2229.36ms | tok/sec: 235,174 | mfu: 0.00 | epoch: 1 | total time: 21.08m
step 00578 (80.55%) | loss: 1.861806 | lrm: 0.39 | dt: 2236.69ms | tok/sec: 234,403 | mfu: 0.00 | epoch: 1 | total time: 21.11m
step 00579 (80.70%) | loss: 1.856297 | lrm: 0.39 | dt: 2228.98ms | tok/sec: 235,214 | mfu: 0.00 | epoch: 1 | total time: 21.15m
step 00580 (80.83%) | loss: 1.841013 | lrm: 0.38 | dt: 2235.16ms | tok/sec: 234,563 | mfu: 0.00 | epoch: 1 | total time: 21.19m
step 00581 (80.98%) | loss: 1.832725 | lrm: 0.38 | dt: 2233.17ms | tok/sec: 234,773 | mfu: 0.00 | epoch: 1 | total time: 21.22m
step 00582 (81.11%) | loss: 1.861460 | lrm: 0.38 | dt: 2237.33ms | tok/sec: 234,336 | mfu: 0.00 | epoch: 1 | total time: 21.26m
step 00583 (81.25%) | loss: 1.884248 | lrm: 0.38 | dt: 2231.72ms | tok/sec: 234,925 | mfu: 0.00 | epoch: 1 | total time: 21.30m
step 00584 (81.38%) | loss: 1.876729 | lrm: 0.37 | dt: 2233.30ms | tok/sec: 234,758 | mfu: 0.00 | epoch: 1 | total time: 21.34m
step 00585 (81.53%) | loss: 1.888696 | lrm: 0.37 | dt: 2230.98ms | tok/sec: 235,003 | mfu: 0.00 | epoch: 1 | total time: 21.37m
step 00586 (81.66%) | loss: 1.907085 | lrm: 0.37 | dt: 2238.11ms | tok/sec: 234,255 | mfu: 0.00 | epoch: 1 | total time: 21.41m
step 00587 (81.80%) | loss: 1.924816 | lrm: 0.36 | dt: 2233.04ms | tok/sec: 234,786 | mfu: 0.00 | epoch: 1 | total time: 21.45m
step 00588 (81.94%) | loss: 1.938994 | lrm: 0.36 | dt: 2235.03ms | tok/sec: 234,577 | mfu: 0.00 | epoch: 1 | total time: 21.49m
step 00589 (82.07%) | loss: 1.929075 | lrm: 0.36 | dt: 2230.68ms | tok/sec: 235,034 | mfu: 0.00 | epoch: 1 | total time: 21.52m
step 00590 (82.21%) | loss: 1.906058 | lrm: 0.36 | dt: 2235.18ms | tok/sec: 234,562 | mfu: 0.00 | epoch: 1 | total time: 21.56m
step 00591 (82.35%) | loss: 1.888362 | lrm: 0.35 | dt: 2232.79ms | tok/sec: 234,813 | mfu: 0.00 | epoch: 1 | total time: 21.60m
step 00592 (82.49%) | loss: 1.920482 | lrm: 0.35 | dt: 2238.20ms | tok/sec: 234,244 | mfu: 0.00 | epoch: 1 | total time: 21.63m
step 00593 (82.62%) | loss: 1.905526 | lrm: 0.35 | dt: 2232.53ms | tok/sec: 234,840 | mfu: 0.00 | epoch: 1 | total time: 21.67m
step 00594 (82.75%) | loss: 1.906849 | lrm: 0.34 | dt: 2233.86ms | tok/sec: 234,700 | mfu: 0.00 | epoch: 1 | total time: 21.71m
step 00595 (82.90%) | loss: 1.900992 | lrm: 0.34 | dt: 2227.96ms | tok/sec: 235,321 | mfu: 0.00 | epoch: 1 | total time: 21.75m
step 00596 (83.03%) | loss: 1.900926 | lrm: 0.34 | dt: 2235.67ms | tok/sec: 234,510 | mfu: 0.00 | epoch: 1 | total time: 21.78m
step 00597 (83.18%) | loss: 1.907391 | lrm: 0.34 | dt: 2228.86ms | tok/sec: 235,227 | mfu: 0.00 | epoch: 1 | total time: 21.82m
step 00598 (83.34%) | loss: 1.909350 | lrm: 0.33 | dt: 2240.56ms | tok/sec: 233,998 | mfu: 0.00 | epoch: 1 | total time: 21.86m
step 00599 (83.48%) | loss: 1.894133 | lrm: 0.33 | dt: 2228.49ms | tok/sec: 235,266 | mfu: 0.00 | epoch: 1 | total time: 21.89m
step 00600 (83.63%) | loss: 1.931367 | lrm: 0.33 | dt: 2236.78ms | tok/sec: 234,393 | mfu: 0.00 | epoch: 1 | total time: 21.93m
Step 00600 | Validation bpb: 0.5939
step 00601 (83.76%) | loss: 1.909625 | lrm: 0.32 | dt: 2243.69ms | tok/sec: 233,672 | mfu: 0.00 | epoch: 1 | total time: 21.97m
step 00602 (83.90%) | loss: 1.895918 | lrm: 0.32 | dt: 2233.79ms | tok/sec: 234,707 | mfu: 0.00 | epoch: 1 | total time: 22.01m
step 00603 (84.03%) | loss: 1.854938 | lrm: 0.32 | dt: 2233.72ms | tok/sec: 234,715 | mfu: 0.00 | epoch: 1 | total time: 22.04m
step 00604 (84.18%) | loss: 1.861573 | lrm: 0.32 | dt: 2230.20ms | tok/sec: 235,085 | mfu: 0.00 | epoch: 1 | total time: 22.08m
step 00605 (84.33%) | loss: 1.844886 | lrm: 0.31 | dt: 2232.27ms | tok/sec: 234,867 | mfu: 0.00 | epoch: 1 | total time: 22.12m
step 00606 (84.47%) | loss: 1.840421 | lrm: 0.31 | dt: 2233.49ms | tok/sec: 234,739 | mfu: 0.00 | epoch: 1 | total time: 22.16m
step 00607 (84.61%) | loss: 1.847445 | lrm: 0.31 | dt: 2235.80ms | tok/sec: 234,496 | mfu: 0.00 | epoch: 1 | total time: 22.19m
step 00608 (84.74%) | loss: 1.831283 | lrm: 0.31 | dt: 2229.06ms | tok/sec: 235,206 | mfu: 0.00 | epoch: 1 | total time: 22.23m
step 00609 (84.87%) | loss: 1.835116 | lrm: 0.30 | dt: 2238.67ms | tok/sec: 234,196 | mfu: 0.00 | epoch: 1 | total time: 22.27m
step 00610 (85.01%) | loss: 1.847420 | lrm: 0.30 | dt: 2231.15ms | tok/sec: 234,985 | mfu: 0.00 | epoch: 1 | total time: 22.30m
step 00611 (85.16%) | loss: 1.879622 | lrm: 0.30 | dt: 2232.29ms | tok/sec: 234,865 | mfu: 0.00 | epoch: 1 | total time: 22.34m
step 00612 (85.30%) | loss: 1.875253 | lrm: 0.29 | dt: 2233.39ms | tok/sec: 234,749 | mfu: 0.00 | epoch: 1 | total time: 22.38m
step 00613 (85.44%) | loss: 1.872890 | lrm: 0.29 | dt: 2235.80ms | tok/sec: 234,496 | mfu: 0.00 | epoch: 1 | total time: 22.42m
step 00614 (85.57%) | loss: 1.856420 | lrm: 0.29 | dt: 2233.27ms | tok/sec: 234,761 | mfu: 0.00 | epoch: 1 | total time: 22.45m
step 00615 (85.71%) | loss: 1.890374 | lrm: 0.29 | dt: 2235.65ms | tok/sec: 234,512 | mfu: 0.00 | epoch: 1 | total time: 22.49m
step 00616 (85.86%) | loss: 1.854300 | lrm: 0.28 | dt: 2231.44ms | tok/sec: 234,955 | mfu: 0.00 | epoch: 1 | total time: 22.53m
step 00617 (86.00%) | loss: 1.869774 | lrm: 0.28 | dt: 2233.70ms | tok/sec: 234,717 | mfu: 0.00 | epoch: 1 | total time: 22.56m
step 00618 (86.14%) | loss: 1.864831 | lrm: 0.28 | dt: 2233.66ms | tok/sec: 234,721 | mfu: 0.00 | epoch: 1 | total time: 22.60m
step 00619 (86.28%) | loss: 1.914780 | lrm: 0.27 | dt: 2233.63ms | tok/sec: 234,725 | mfu: 0.00 | epoch: 1 | total time: 22.64m
step 00620 (86.42%) | loss: 1.895830 | lrm: 0.27 | dt: 2233.96ms | tok/sec: 234,690 | mfu: 0.00 | epoch: 1 | total time: 22.68m
step 00621 (86.56%) | loss: 1.888719 | lrm: 0.27 | dt: 2231.05ms | tok/sec: 234,996 | mfu: 0.00 | epoch: 1 | total time: 22.71m
step 00622 (86.69%) | loss: 1.903774 | lrm: 0.27 | dt: 2234.71ms | tok/sec: 234,610 | mfu: 0.00 | epoch: 1 | total time: 22.75m
step 00623 (86.84%) | loss: 1.906996 | lrm: 0.26 | dt: 2232.95ms | tok/sec: 234,796 | mfu: 0.00 | epoch: 1 | total time: 22.79m
step 00624 (86.97%) | loss: 1.899044 | lrm: 0.26 | dt: 2235.62ms | tok/sec: 234,515 | mfu: 0.00 | epoch: 1 | total time: 22.83m
step 00625 (87.11%) | loss: 1.927597 | lrm: 0.26 | dt: 2229.81ms | tok/sec: 235,127 | mfu: 0.00 | epoch: 1 | total time: 22.86m
step 00626 (87.26%) | loss: 1.921790 | lrm: 0.25 | dt: 2235.14ms | tok/sec: 234,566 | mfu: 0.00 | epoch: 1 | total time: 22.90m
step 00627 (87.40%) | loss: 1.929216 | lrm: 0.25 | dt: 2234.15ms | tok/sec: 234,670 | mfu: 0.00 | epoch: 1 | total time: 22.94m
step 00628 (87.53%) | loss: 1.887575 | lrm: 0.25 | dt: 2235.13ms | tok/sec: 234,567 | mfu: 0.00 | epoch: 1 | total time: 22.97m
step 00629 (87.65%) | loss: 1.889546 | lrm: 0.25 | dt: 2232.63ms | tok/sec: 234,829 | mfu: 0.00 | epoch: 1 | total time: 23.01m
step 00630 (87.80%) | loss: 1.940166 | lrm: 0.24 | dt: 2236.93ms | tok/sec: 234,378 | mfu: 0.00 | epoch: 1 | total time: 23.05m
step 00631 (87.94%) | loss: 1.913385 | lrm: 0.24 | dt: 2233.13ms | tok/sec: 234,776 | mfu: 0.00 | epoch: 1 | total time: 23.09m
step 00632 (88.08%) | loss: 1.915313 | lrm: 0.24 | dt: 2229.06ms | tok/sec: 235,205 | mfu: 0.00 | epoch: 1 | total time: 23.12m
step 00633 (88.22%) | loss: 1.909378 | lrm: 0.24 | dt: 2232.14ms | tok/sec: 234,881 | mfu: 0.00 | epoch: 1 | total time: 23.16m
step 00634 (88.36%) | loss: 1.905398 | lrm: 0.23 | dt: 2233.17ms | tok/sec: 234,772 | mfu: 0.00 | epoch: 1 | total time: 23.20m
step 00635 (88.50%) | loss: 1.852339 | lrm: 0.23 | dt: 2230.88ms | tok/sec: 235,014 | mfu: 0.00 | epoch: 1 | total time: 23.23m
step 00636 (88.63%) | loss: 1.817385 | lrm: 0.23 | dt: 2235.10ms | tok/sec: 234,569 | mfu: 0.00 | epoch: 1 | total time: 23.27m
step 00637 (88.78%) | loss: 1.792935 | lrm: 0.22 | dt: 2232.69ms | tok/sec: 234,823 | mfu: 0.00 | epoch: 1 | total time: 23.31m
step 00638 (88.91%) | loss: 1.805690 | lrm: 0.22 | dt: 2237.32ms | tok/sec: 234,337 | mfu: 0.00 | epoch: 1 | total time: 23.35m
step 00639 (89.05%) | loss: 1.789748 | lrm: 0.22 | dt: 2231.80ms | tok/sec: 234,917 | mfu: 0.00 | epoch: 1 | total time: 23.38m
step 00640 (89.19%) | loss: 1.814445 | lrm: 0.22 | dt: 2234.24ms | tok/sec: 234,660 | mfu: 0.00 | epoch: 1 | total time: 23.42m
step 00641 (89.32%) | loss: 1.850542 | lrm: 0.21 | dt: 2234.04ms | tok/sec: 234,681 | mfu: 0.00 | epoch: 1 | total time: 23.46m
step 00642 (89.46%) | loss: 1.861806 | lrm: 0.21 | dt: 2237.19ms | tok/sec: 234,351 | mfu: 0.00 | epoch: 1 | total time: 23.50m
step 00643 (89.60%) | loss: 1.855368 | lrm: 0.21 | dt: 2230.96ms | tok/sec: 235,005 | mfu: 0.00 | epoch: 1 | total time: 23.53m
step 00644 (89.74%) | loss: 1.852555 | lrm: 0.21 | dt: 2236.16ms | tok/sec: 234,458 | mfu: 0.00 | epoch: 1 | total time: 23.57m
step 00645 (89.88%) | loss: 1.860938 | lrm: 0.20 | dt: 2231.59ms | tok/sec: 234,939 | mfu: 0.00 | epoch: 1 | total time: 23.61m
step 00646 (90.02%) | loss: 1.870733 | lrm: 0.20 | dt: 2232.58ms | tok/sec: 234,834 | mfu: 0.00 | epoch: 1 | total time: 23.64m
step 00647 (90.16%) | loss: 1.875510 | lrm: 0.20 | dt: 2231.14ms | tok/sec: 234,986 | mfu: 0.00 | epoch: 1 | total time: 23.68m
step 00648 (90.31%) | loss: 1.870391 | lrm: 0.19 | dt: 2231.92ms | tok/sec: 234,904 | mfu: 0.00 | epoch: 1 | total time: 23.72m
step 00649 (90.45%) | loss: 1.855702 | lrm: 0.19 | dt: 2230.26ms | tok/sec: 235,079 | mfu: 0.00 | epoch: 1 | total time: 23.76m
step 00650 (90.59%) | loss: 1.871090 | lrm: 0.19 | dt: 2235.65ms | tok/sec: 234,512 | mfu: 0.00 | epoch: 1 | total time: 23.79m
Step 00650 | Validation bpb: 0.5876
step 00651 (90.72%) | loss: 1.876654 | lrm: 0.19 | dt: 2243.02ms | tok/sec: 233,742 | mfu: 0.00 | epoch: 1 | total time: 23.83m
step 00652 (90.86%) | loss: 1.911399 | lrm: 0.18 | dt: 2224.95ms | tok/sec: 235,640 | mfu: 0.00 | epoch: 1 | total time: 23.87m
step 00653 (91.02%) | loss: 1.906640 | lrm: 0.18 | dt: 2232.04ms | tok/sec: 234,892 | mfu: 0.00 | epoch: 1 | total time: 23.90m
step 00654 (91.16%) | loss: 1.886543 | lrm: 0.18 | dt: 2231.42ms | tok/sec: 234,957 | mfu: 0.00 | epoch: 1 | total time: 23.94m
step 00655 (91.29%) | loss: 1.898419 | lrm: 0.17 | dt: 2234.08ms | tok/sec: 234,677 | mfu: 0.00 | epoch: 1 | total time: 23.98m
step 00656 (91.42%) | loss: 1.892119 | lrm: 0.17 | dt: 2232.52ms | tok/sec: 234,841 | mfu: 0.00 | epoch: 1 | total time: 24.02m
step 00657 (91.56%) | loss: 1.892812 | lrm: 0.17 | dt: 2234.22ms | tok/sec: 234,663 | mfu: 0.00 | epoch: 1 | total time: 24.05m
step 00658 (91.71%) | loss: 1.891246 | lrm: 0.17 | dt: 2230.09ms | tok/sec: 235,097 | mfu: 0.00 | epoch: 1 | total time: 24.09m
step 00659 (91.84%) | loss: 1.882240 | lrm: 0.16 | dt: 2235.86ms | tok/sec: 234,490 | mfu: 0.00 | epoch: 1 | total time: 24.13m
step 00660 (91.99%) | loss: 1.862449 | lrm: 0.16 | dt: 2229.57ms | tok/sec: 235,152 | mfu: 0.00 | epoch: 1 | total time: 24.17m
step 00661 (92.14%) | loss: 1.849945 | lrm: 0.16 | dt: 2228.25ms | tok/sec: 235,291 | mfu: 0.00 | epoch: 1 | total time: 24.20m
step 00662 (92.28%) | loss: 1.873147 | lrm: 0.15 | dt: 2231.93ms | tok/sec: 234,903 | mfu: 0.00 | epoch: 1 | total time: 24.24m
step 00663 (92.42%) | loss: 1.857973 | lrm: 0.15 | dt: 2228.53ms | tok/sec: 235,262 | mfu: 0.00 | epoch: 1 | total time: 24.28m
step 00664 (92.56%) | loss: 1.843952 | lrm: 0.15 | dt: 2234.51ms | tok/sec: 234,632 | mfu: 0.00 | epoch: 1 | total time: 24.31m
step 00665 (92.70%) | loss: 1.840336 | lrm: 0.15 | dt: 2227.29ms | tok/sec: 235,392 | mfu: 0.00 | epoch: 1 | total time: 24.35m
step 00666 (92.83%) | loss: 1.842182 | lrm: 0.14 | dt: 2236.56ms | tok/sec: 234,416 | mfu: 0.00 | epoch: 1 | total time: 24.39m
step 00667 (92.97%) | loss: 1.852798 | lrm: 0.14 | dt: 2235.21ms | tok/sec: 234,558 | mfu: 0.00 | epoch: 1 | total time: 24.43m
step 00668 (93.10%) | loss: 1.848331 | lrm: 0.14 | dt: 2236.58ms | tok/sec: 234,415 | mfu: 0.00 | epoch: 1 | total time: 24.46m
step 00669 (93.25%) | loss: 1.846742 | lrm: 0.13 | dt: 2230.94ms | tok/sec: 235,007 | mfu: 0.00 | epoch: 1 | total time: 24.50m
step 00670 (93.40%) | loss: 1.859128 | lrm: 0.13 | dt: 2230.22ms | tok/sec: 235,083 | mfu: 0.00 | epoch: 1 | total time: 24.54m
step 00671 (93.53%) | loss: 1.838920 | lrm: 0.13 | dt: 2234.36ms | tok/sec: 234,647 | mfu: 0.00 | epoch: 1 | total time: 24.57m
step 00672 (93.68%) | loss: 1.828715 | lrm: 0.13 | dt: 2230.28ms | tok/sec: 235,076 | mfu: 0.00 | epoch: 1 | total time: 24.61m
step 00673 (93.80%) | loss: 1.819440 | lrm: 0.12 | dt: 2233.76ms | tok/sec: 234,711 | mfu: 0.00 | epoch: 1 | total time: 24.65m
step 00674 (93.95%) | loss: 1.812354 | lrm: 0.12 | dt: 2232.44ms | tok/sec: 234,849 | mfu: 0.00 | epoch: 1 | total time: 24.69m
step 00675 (94.08%) | loss: 1.805032 | lrm: 0.12 | dt: 2234.30ms | tok/sec: 234,654 | mfu: 0.00 | epoch: 1 | total time: 24.72m
step 00676 (94.22%) | loss: 1.799528 | lrm: 0.12 | dt: 2232.79ms | tok/sec: 234,813 | mfu: 0.00 | epoch: 1 | total time: 24.76m
step 00677 (94.38%) | loss: 1.801085 | lrm: 0.11 | dt: 2237.52ms | tok/sec: 234,316 | mfu: 0.00 | epoch: 1 | total time: 24.80m
step 00678 (94.52%) | loss: 1.801007 | lrm: 0.11 | dt: 2229.00ms | tok/sec: 235,212 | mfu: 0.00 | epoch: 1 | total time: 24.84m
step 00679 (94.66%) | loss: 1.812436 | lrm: 0.11 | dt: 2238.67ms | tok/sec: 234,196 | mfu: 0.00 | epoch: 1 | total time: 24.87m
step 00680 (94.80%) | loss: 1.828622 | lrm: 0.10 | dt: 2231.93ms | tok/sec: 234,903 | mfu: 0.00 | epoch: 1 | total time: 24.91m
step 00681 (94.95%) | loss: 1.827248 | lrm: 0.10 | dt: 2235.80ms | tok/sec: 234,497 | mfu: 0.00 | epoch: 1 | total time: 24.95m
step 00682 (95.08%) | loss: 1.838601 | lrm: 0.10 | dt: 2231.13ms | tok/sec: 234,987 | mfu: 0.00 | epoch: 1 | total time: 24.98m
step 00683 (95.22%) | loss: 1.827341 | lrm: 0.10 | dt: 2233.15ms | tok/sec: 234,775 | mfu: 0.00 | epoch: 1 | total time: 25.02m
step 00684 (95.37%) | loss: 1.816183 | lrm: 0.09 | dt: 2233.86ms | tok/sec: 234,700 | mfu: 0.00 | epoch: 1 | total time: 25.06m
step 00685 (95.50%) | loss: 1.832176 | lrm: 0.09 | dt: 2233.50ms | tok/sec: 234,738 | mfu: 0.00 | epoch: 1 | total time: 25.10m
step 00686 (95.65%) | loss: 1.843559 | lrm: 0.09 | dt: 2236.73ms | tok/sec: 234,399 | mfu: 0.00 | epoch: 1 | total time: 25.13m
step 00687 (95.79%) | loss: 1.835007 | lrm: 0.08 | dt: 2236.10ms | tok/sec: 234,465 | mfu: 0.00 | epoch: 1 | total time: 25.17m
step 00688 (95.94%) | loss: 1.852039 | lrm: 0.08 | dt: 2230.57ms | tok/sec: 235,046 | mfu: 0.00 | epoch: 1 | total time: 25.21m
2026-09-13 13:33:11,169 - nanochat.checkpoint_manager - [32m[1mINFO[0m - Saved model parameters to: /home/s4597036/scratch/nanochat/chatsft_checkpoints/d4-sft/model_000718.pt
2026-09-13 13:33:11,169 - nanochat.checkpoint_manager - [32m[1mINFO[0m - Saved metadata to: /home/s4597036/scratch/nanochat/chatsft_checkpoints/d4-sft/meta_000718.json
2026-09-13 13:33:11,534 - nanochat.checkpoint_manager - [32m[1mINFO[0m - Saved optimizer state to: /home/s4597036/scratch/nanochat/chatsft_checkpoints/d4-sft/optim_000718_rank0.pt
wandb: uploading history steps 86-86, console lines 745-752
wandb:                                                                                
wandb: 
wandb: Run history:
wandb:                 step ▁▁▁▁▁▂▂▂▂▂▂▂▃▃▃▃▃▃▄▄▄▄▅▅▅▅▅▅▆▆▆▆▆▆▇▇▇▇▇█
wandb: total_training_flops ▁▁▁▁▂▂▂▂▂▃▃▃▃▃▃▄▄▄▄▄▅▅▅▅▅▅▅▆▆▆▆▆▆▇▇▇████
wandb:  total_training_time ▁▁▁▁▂▂▂▂▂▂▃▃▃▃▃▄▄▄▄▄▅▅▅▅▅▆▆▆▆▆▇▇▇▇▇▇████
wandb:             train/dt ▁▂▄▅▄▆▆▇▆▆█▆▇▇▇▇▇▇▇▇▇▇▇▇▇▇▇▇▇▇▇▇▇▇▇▇▆▇▇▇
wandb:          train/epoch ▁▁▁▁▁▁▁▁▁▁▁▁▁▁▁▁▁▁▁▁▁▁▁▁▁▁▁▁▁▁▁▁▁▁▁▁▁▁▁▁
wandb:           train/loss █▆▄▄▃▃▃▂▂▂▂▂▂▂▂▁▂▂▁▂▁▁▁▁▁▁▁▁▁▁▁▁▁▁▁▁▁▁▁▁
wandb:            train/lrm ████████████████████▇▇▇▆▆▆▅▅▅▅▄▄▃▃▃▂▂▂▁▁
wandb:            train/mfu ▁▁▁▁▁▁▁▁▁▁▁▁▁▁▁▁▁▁▁▁▁▁▁▁▁▁▁▁▁▁▁▁▁▁▁▁▁▁▁▁
wandb:    train/tok_per_sec █▇▄▅▅▃▃▄▃▂▃▂▂▁▃▂▂▂▂▂▂▂▁▂▂▁▁▂▂▂▂▁▂▂▁▁▃▂▂▂
wandb:              val/bpb █▂▂▁▁▁▁▁▁▁▁▁▁▁▁▁
wandb: 
wandb: Run summary:
wandb:                 step 718
wandb: total_training_flops 30196600210980864
wandb:  total_training_time 1579.45427
wandb:             train/dt 2.23487
wandb:          train/epoch 1
wandb:           train/loss 1.85761
wandb:            train/lrm 0.01992
wandb:            train/mfu 0
wandb:    train/tok_per_sec 234593
wandb:              val/bpb 0.58282
wandb: 
wandb: 🚀 View run d4-sft at: https://wandb.ai/sotirisfrost-lu/nanochat-sft/runs/aklcgztn
wandb: ⭐️ View project at: https://wandb.ai/sotirisfrost-lu/nanochat-sft
wandb: Synced 5 W&B file(s), 0 media file(s), 0 artifact file(s) and 0 other file(s)
wandb: Find logs at: ./wandb/run-20260913_130455-aklcgztn/logs
step 00689 (96.09%) | loss: 1.866827 | lrm: 0.08 | dt: 2234.76ms | tok/sec: 234,606 | mfu: 0.00 | epoch: 1 | total time: 25.24m
step 00690 (96.23%) | loss: 1.863285 | lrm: 0.08 | dt: 2231.43ms | tok/sec: 234,956 | mfu: 0.00 | epoch: 1 | total time: 25.28m
step 00691 (96.37%) | loss: 1.844715 | lrm: 0.07 | dt: 2238.13ms | tok/sec: 234,253 | mfu: 0.00 | epoch: 1 | total time: 25.32m
step 00692 (96.51%) | loss: 1.844135 | lrm: 0.07 | dt: 2231.32ms | tok/sec: 234,968 | mfu: 0.00 | epoch: 1 | total time: 25.36m
step 00693 (96.64%) | loss: 1.826853 | lrm: 0.07 | dt: 2234.56ms | tok/sec: 234,626 | mfu: 0.00 | epoch: 1 | total time: 25.39m
step 00694 (96.78%) | loss: 1.829273 | lrm: 0.06 | dt: 2229.89ms | tok/sec: 235,118 | mfu: 0.00 | epoch: 1 | total time: 25.43m
step 00695 (96.92%) | loss: 1.835435 | lrm: 0.06 | dt: 2238.28ms | tok/sec: 234,236 | mfu: 0.00 | epoch: 1 | total time: 25.47m
step 00696 (97.05%) | loss: 1.864045 | lrm: 0.06 | dt: 2233.51ms | tok/sec: 234,736 | mfu: 0.00 | epoch: 1 | total time: 25.51m
step 00697 (97.19%) | loss: 1.871849 | lrm: 0.06 | dt: 2232.25ms | tok/sec: 234,870 | mfu: 0.00 | epoch: 1 | total time: 25.54m
step 00698 (97.33%) | loss: 1.879536 | lrm: 0.05 | dt: 2232.02ms | tok/sec: 234,893 | mfu: 0.00 | epoch: 1 | total time: 25.58m
step 00699 (97.48%) | loss: 1.890554 | lrm: 0.05 | dt: 2232.13ms | tok/sec: 234,882 | mfu: 0.00 | epoch: 1 | total time: 25.62m
step 00700 (97.61%) | loss: 1.902730 | lrm: 0.05 | dt: 2236.13ms | tok/sec: 234,462 | mfu: 0.00 | epoch: 1 | total time: 25.65m
Step 00700 | Validation bpb: 0.5833
step 00701 (97.75%) | loss: 1.877429 | lrm: 0.04 | dt: 2243.17ms | tok/sec: 233,726 | mfu: 0.00 | epoch: 1 | total time: 25.69m
step 00702 (97.91%) | loss: 1.871095 | lrm: 0.04 | dt: 2233.67ms | tok/sec: 234,720 | mfu: 0.00 | epoch: 1 | total time: 25.73m
step 00703 (98.04%) | loss: 1.899337 | lrm: 0.04 | dt: 2229.57ms | tok/sec: 235,152 | mfu: 0.00 | epoch: 1 | total time: 25.77m
step 00704 (98.17%) | loss: 1.902373 | lrm: 0.04 | dt: 2233.91ms | tok/sec: 234,694 | mfu: 0.00 | epoch: 1 | total time: 25.80m
step 00705 (98.31%) | loss: 1.903939 | lrm: 0.03 | dt: 2232.18ms | tok/sec: 234,877 | mfu: 0.00 | epoch: 1 | total time: 25.84m
step 00706 (98.45%) | loss: 1.918614 | lrm: 0.03 | dt: 2235.67ms | tok/sec: 234,510 | mfu: 0.00 | epoch: 1 | total time: 25.88m
step 00707 (98.58%) | loss: 1.886448 | lrm: 0.03 | dt: 2232.26ms | tok/sec: 234,869 | mfu: 0.00 | epoch: 1 | total time: 25.91m
step 00708 (98.72%) | loss: 1.859114 | lrm: 0.03 | dt: 2235.19ms | tok/sec: 234,560 | mfu: 0.00 | epoch: 1 | total time: 25.95m
step 00709 (98.87%) | loss: 1.866441 | lrm: 0.02 | dt: 2230.63ms | tok/sec: 235,040 | mfu: 0.00 | epoch: 1 | total time: 25.99m
step 00710 (99.00%) | loss: 1.857613 | lrm: 0.02 | dt: 2234.87ms | tok/sec: 234,593 | mfu: 0.00 | epoch: 1 | total time: 26.03m
step 00711 (99.15%) | loss: 1.836071 | lrm: 0.02 | dt: 2234.09ms | tok/sec: 234,675 | mfu: 0.00 | epoch: 1 | total time: 26.06m
step 00712 (99.29%) | loss: 1.820726 | lrm: 0.01 | dt: 2233.84ms | tok/sec: 234,702 | mfu: 0.00 | epoch: 1 | total time: 26.10m
step 00713 (99.43%) | loss: 1.825882 | lrm: 0.01 | dt: 2232.43ms | tok/sec: 234,851 | mfu: 0.00 | epoch: 1 | total time: 26.14m
step 00714 (99.57%) | loss: 1.842249 | lrm: 0.01 | dt: 2233.74ms | tok/sec: 234,713 | mfu: 0.00 | epoch: 1 | total time: 26.18m
step 00715 (99.70%) | loss: 1.840707 | lrm: 0.01 | dt: 2235.64ms | tok/sec: 234,513 | mfu: 0.00 | epoch: 1 | total time: 26.21m
step 00716 (99.84%) | loss: 1.849471 | lrm: 0.00 | dt: 2230.24ms | tok/sec: 235,081 | mfu: 0.00 | epoch: 1 | total time: 26.25m
step 00717 (99.98%) | loss: 1.853907 | lrm: 0.00 | dt: 2236.49ms | tok/sec: 234,424 | mfu: 0.00 | epoch: 1 | total time: 26.29m
step 00718 (100.12%) | loss: 1.843320 | lrm: 0.00 | dt: 2230.25ms | tok/sec: 235,080 | mfu: 0.00 | epoch: 2 | total time: 26.32m
Step 00718 | Validation bpb: 0.5828
Peak memory usage: 2058.88MiB
Total training time: 26.32m
Minimum validation bpb: 0.5828
