2026-09-13 12:52:02,541 - nanochat.common - [32m[1mINFO[0m - Distributed world size: 1
2026-09-13 12:52:02,541 - nanochat.common - [33m[1mWARNING[0m - Peak flops undefined for: NVIDIA GeForce RTX 4060, MFU will show as 0%
wandb: Currently logged in as: sotirisfrost (sotirisfrost-lu) to https://api.wandb.ai. Use `wandb login --relogin` to force relogin
wandb: creating run
wandb: Tracking run with wandb version 0.21.3
wandb: Run data is saved locally in /home/s4597036/nanochat/wandb/run-20260913_125202-088kod4p
wandb: Run `wandb offline` to turn off syncing.
wandb: Syncing run d4-mid
wandb: ⭐️ View project at https://wandb.ai/sotirisfrost-lu/nanochat-sft
wandb: 🚀 View run at https://wandb.ai/sotirisfrost-lu/nanochat-sft/runs/088kod4p
2026-09-13 12:52:07,146 - nanochat.checkpoint_manager - [32m[1mINFO[0m - Loading model from /home/s4597036/scratch/nanochat/base_checkpoints/d4 with step 528
2026-09-13 12:52:07,264 - nanochat.checkpoint_manager - [32m[1mINFO[0m - Building model with config: {'sequence_len': 2048, 'vocab_size': 32768, 'n_layer': 4, 'n_head': 2, 'n_kv_head': 2, 'n_embd': 256, 'window_pattern': 'SSSL'}
2026-09-13 12:52:07,779 - nanochat.checkpoint_manager - [32m[1mINFO[0m - Loading optimizer state from /home/s4597036/scratch/nanochat/base_checkpoints/d4/optim_000528_rank0.pt
Autodetected device type: cuda
COMPUTE_DTYPE: torch.bfloat16 (auto-detected: CUDA SM 89 (bf16 supported))
GPU: NVIDIA GeForce RTX 4060 | Peak FLOPS (BF16): inf
Inherited max_seq_len=2048 from pretrained checkpoint
NOTE: --device-batch-size=8 overrides pretrained value of 4
Inherited total_batch_size=262144 from pretrained checkpoint
Inherited embedding_lr=0.3 from pretrained checkpoint
Inherited unembedding_lr=0.008 from pretrained checkpoint
Inherited matrix_lr=0.02 from pretrained checkpoint
Tokens / micro-batch / rank: 8 x 2048 = 16,384
Tokens / micro-batch: 16,384
Total batch size 262,144 => gradient accumulation steps: 16
Scaling the LR for the AdamW parameters ∝1/√(256/768) = 1.732051
Loaded optimizer state from pretrained checkpoint (momentum buffers only, LRs reset)
Training mixture [midtrain]: 329,418 rows (MMLU x3, GSM8K x4)
Step 00000 | Validation bpb: 0.9497
step 00001 (0.21%) | loss: 3.209380 | lrm: 1.00 | dt: 3509.98ms | tok/sec: 74,685 | mfu: 0.00 | epoch: 1 | total time: 0.00m
step 00002 (0.42%) | loss: 4.302225 | lrm: 1.00 | dt: 1112.64ms | tok/sec: 235,605 | mfu: 0.00 | epoch: 1 | total time: 0.00m
step 00003 (0.63%) | loss: 4.227641 | lrm: 1.00 | dt: 1092.55ms | tok/sec: 239,937 | mfu: 0.00 | epoch: 1 | total time: 0.00m
step 00004 (0.84%) | loss: 3.946073 | lrm: 1.00 | dt: 1093.46ms | tok/sec: 239,737 | mfu: 0.00 | epoch: 1 | total time: 0.00m
step 00005 (1.06%) | loss: 3.633847 | lrm: 1.00 | dt: 1092.24ms | tok/sec: 240,005 | mfu: 0.00 | epoch: 1 | total time: 0.00m
step 00006 (1.28%) | loss: 3.391593 | lrm: 1.00 | dt: 1099.29ms | tok/sec: 238,466 | mfu: 0.00 | epoch: 1 | total time: 0.00m
step 00007 (1.50%) | loss: 3.135258 | lrm: 1.00 | dt: 1097.16ms | tok/sec: 238,929 | mfu: 0.00 | epoch: 1 | total time: 0.00m
step 00008 (1.73%) | loss: 2.921082 | lrm: 1.00 | dt: 1101.31ms | tok/sec: 238,029 | mfu: 0.00 | epoch: 1 | total time: 0.00m
step 00009 (1.95%) | loss: 2.722679 | lrm: 1.00 | dt: 1100.36ms | tok/sec: 238,235 | mfu: 0.00 | epoch: 1 | total time: 0.00m
step 00010 (2.17%) | loss: 2.585407 | lrm: 1.00 | dt: 1103.59ms | tok/sec: 237,536 | mfu: 0.00 | epoch: 1 | total time: 0.00m
step 00011 (2.39%) | loss: 2.486959 | lrm: 1.00 | dt: 1101.93ms | tok/sec: 237,895 | mfu: 0.00 | epoch: 1 | total time: 0.02m
step 00012 (2.61%) | loss: 2.358662 | lrm: 1.00 | dt: 1103.34ms | tok/sec: 237,592 | mfu: 0.00 | epoch: 1 | total time: 0.04m
step 00013 (2.82%) | loss: 2.176978 | lrm: 1.00 | dt: 1101.46ms | tok/sec: 237,996 | mfu: 0.00 | epoch: 1 | total time: 0.06m
step 00014 (3.03%) | loss: 2.081150 | lrm: 1.00 | dt: 1100.51ms | tok/sec: 238,203 | mfu: 0.00 | epoch: 1 | total time: 0.07m
step 00015 (3.24%) | loss: 1.970114 | lrm: 1.00 | dt: 1104.29ms | tok/sec: 237,386 | mfu: 0.00 | epoch: 1 | total time: 0.09m
step 00016 (3.46%) | loss: 1.895719 | lrm: 1.00 | dt: 1101.46ms | tok/sec: 237,996 | mfu: 0.00 | epoch: 1 | total time: 0.11m
step 00017 (3.67%) | loss: 1.875949 | lrm: 1.00 | dt: 1102.14ms | tok/sec: 237,849 | mfu: 0.00 | epoch: 1 | total time: 0.13m
step 00018 (3.89%) | loss: 1.812999 | lrm: 1.00 | dt: 1103.15ms | tok/sec: 237,632 | mfu: 0.00 | epoch: 1 | total time: 0.15m
step 00019 (4.11%) | loss: 1.783515 | lrm: 1.00 | dt: 1105.20ms | tok/sec: 237,192 | mfu: 0.00 | epoch: 1 | total time: 0.17m
step 00020 (4.33%) | loss: 1.746085 | lrm: 1.00 | dt: 1099.83ms | tok/sec: 238,350 | mfu: 0.00 | epoch: 1 | total time: 0.18m
step 00021 (4.55%) | loss: 1.708585 | lrm: 1.00 | dt: 1104.47ms | tok/sec: 237,349 | mfu: 0.00 | epoch: 1 | total time: 0.20m
step 00022 (4.76%) | loss: 1.681091 | lrm: 1.00 | dt: 1100.03ms | tok/sec: 238,306 | mfu: 0.00 | epoch: 1 | total time: 0.22m
step 00023 (4.98%) | loss: 1.638863 | lrm: 1.00 | dt: 1104.87ms | tok/sec: 237,263 | mfu: 0.00 | epoch: 1 | total time: 0.24m
step 00024 (5.19%) | loss: 1.622392 | lrm: 1.00 | dt: 1102.09ms | tok/sec: 237,860 | mfu: 0.00 | epoch: 1 | total time: 0.26m
step 00025 (5.40%) | loss: 1.587281 | lrm: 1.00 | dt: 1101.70ms | tok/sec: 237,945 | mfu: 0.00 | epoch: 1 | total time: 0.28m
step 00026 (5.62%) | loss: 1.585140 | lrm: 1.00 | dt: 1107.64ms | tok/sec: 236,668 | mfu: 0.00 | epoch: 1 | total time: 0.29m
step 00027 (5.83%) | loss: 1.538870 | lrm: 1.00 | dt: 1101.24ms | tok/sec: 238,043 | mfu: 0.00 | epoch: 1 | total time: 0.31m
step 00028 (6.05%) | loss: 1.500804 | lrm: 1.00 | dt: 1110.35ms | tok/sec: 236,092 | mfu: 0.00 | epoch: 1 | total time: 0.33m
step 00029 (6.26%) | loss: 1.417307 | lrm: 1.00 | dt: 1104.68ms | tok/sec: 237,302 | mfu: 0.00 | epoch: 1 | total time: 0.35m
step 00030 (6.48%) | loss: 1.373124 | lrm: 1.00 | dt: 1106.26ms | tok/sec: 236,965 | mfu: 0.00 | epoch: 1 | total time: 0.37m
step 00031 (6.69%) | loss: 1.389412 | lrm: 1.00 | dt: 1110.39ms | tok/sec: 236,082 | mfu: 0.00 | epoch: 1 | total time: 0.39m
step 00032 (6.91%) | loss: 1.363924 | lrm: 1.00 | dt: 1103.05ms | tok/sec: 237,653 | mfu: 0.00 | epoch: 1 | total time: 0.40m
step 00033 (7.12%) | loss: 1.438076 | lrm: 1.00 | dt: 1111.59ms | tok/sec: 235,827 | mfu: 0.00 | epoch: 1 | total time: 0.42m
step 00034 (7.34%) | loss: 1.434313 | lrm: 1.00 | dt: 1107.16ms | tok/sec: 236,770 | mfu: 0.00 | epoch: 1 | total time: 0.44m
step 00035 (7.56%) | loss: 1.421768 | lrm: 1.00 | dt: 1105.01ms | tok/sec: 237,233 | mfu: 0.00 | epoch: 1 | total time: 0.46m
step 00036 (7.78%) | loss: 1.426909 | lrm: 1.00 | dt: 1108.60ms | tok/sec: 236,464 | mfu: 0.00 | epoch: 1 | total time: 0.48m
step 00037 (8.00%) | loss: 1.450963 | lrm: 1.00 | dt: 1104.22ms | tok/sec: 237,400 | mfu: 0.00 | epoch: 1 | total time: 0.50m
step 00038 (8.21%) | loss: 1.414258 | lrm: 1.00 | dt: 1108.29ms | tok/sec: 236,530 | mfu: 0.00 | epoch: 1 | total time: 0.52m
step 00039 (8.43%) | loss: 1.398621 | lrm: 1.00 | dt: 1106.78ms | tok/sec: 236,852 | mfu: 0.00 | epoch: 1 | total time: 0.53m
step 00040 (8.65%) | loss: 1.390145 | lrm: 1.00 | dt: 1105.77ms | tok/sec: 237,068 | mfu: 0.00 | epoch: 1 | total time: 0.55m
step 00041 (8.86%) | loss: 1.384035 | lrm: 1.00 | dt: 1108.86ms | tok/sec: 236,407 | mfu: 0.00 | epoch: 1 | total time: 0.57m
step 00042 (9.08%) | loss: 1.377232 | lrm: 1.00 | dt: 1104.59ms | tok/sec: 237,321 | mfu: 0.00 | epoch: 1 | total time: 0.59m
step 00043 (9.29%) | loss: 1.401781 | lrm: 1.00 | dt: 1111.26ms | tok/sec: 235,899 | mfu: 0.00 | epoch: 1 | total time: 0.61m
step 00044 (9.50%) | loss: 1.411121 | lrm: 1.00 | dt: 1106.75ms | tok/sec: 236,859 | mfu: 0.00 | epoch: 1 | total time: 0.63m
step 00045 (9.72%) | loss: 1.378359 | lrm: 1.00 | dt: 1103.52ms | tok/sec: 237,553 | mfu: 0.00 | epoch: 1 | total time: 0.64m
step 00046 (9.94%) | loss: 1.354800 | lrm: 1.00 | dt: 1110.30ms | tok/sec: 236,102 | mfu: 0.00 | epoch: 1 | total time: 0.66m
step 00047 (10.15%) | loss: 1.340302 | lrm: 1.00 | dt: 1105.70ms | tok/sec: 237,084 | mfu: 0.00 | epoch: 1 | total time: 0.68m
step 00048 (10.36%) | loss: 1.327534 | lrm: 1.00 | dt: 1108.23ms | tok/sec: 236,543 | mfu: 0.00 | epoch: 1 | total time: 0.70m
step 00049 (10.58%) | loss: 1.314096 | lrm: 1.00 | dt: 1108.84ms | tok/sec: 236,412 | mfu: 0.00 | epoch: 1 | total time: 0.72m
step 00050 (10.79%) | loss: 1.256693 | lrm: 1.00 | dt: 1102.06ms | tok/sec: 237,867 | mfu: 0.00 | epoch: 1 | total time: 0.74m
Step 00050 | Validation bpb: 1.7147
step 00051 (11.01%) | loss: 1.299716 | lrm: 1.00 | dt: 1119.78ms | tok/sec: 234,102 | mfu: 0.00 | epoch: 1 | total time: 0.76m
step 00052 (11.22%) | loss: 1.288571 | lrm: 1.00 | dt: 1107.49ms | tok/sec: 236,701 | mfu: 0.00 | epoch: 1 | total time: 0.77m
step 00053 (11.43%) | loss: 1.255444 | lrm: 1.00 | dt: 1109.37ms | tok/sec: 236,300 | mfu: 0.00 | epoch: 1 | total time: 0.79m
step 00054 (11.65%) | loss: 1.229415 | lrm: 1.00 | dt: 1105.12ms | tok/sec: 237,208 | mfu: 0.00 | epoch: 1 | total time: 0.81m
step 00055 (11.87%) | loss: 1.219402 | lrm: 1.00 | dt: 1110.67ms | tok/sec: 236,022 | mfu: 0.00 | epoch: 1 | total time: 0.83m
step 00056 (12.08%) | loss: 1.209544 | lrm: 1.00 | dt: 1108.20ms | tok/sec: 236,549 | mfu: 0.00 | epoch: 1 | total time: 0.85m
step 00057 (12.30%) | loss: 1.199729 | lrm: 1.00 | dt: 1105.34ms | tok/sec: 237,160 | mfu: 0.00 | epoch: 1 | total time: 0.87m
step 00058 (12.51%) | loss: 1.197399 | lrm: 1.00 | dt: 1108.29ms | tok/sec: 236,529 | mfu: 0.00 | epoch: 1 | total time: 0.88m
step 00059 (12.73%) | loss: 1.137244 | lrm: 1.00 | dt: 1105.36ms | tok/sec: 237,157 | mfu: 0.00 | epoch: 1 | total time: 0.90m
step 00060 (12.94%) | loss: 1.095160 | lrm: 1.00 | dt: 1109.34ms | tok/sec: 236,306 | mfu: 0.00 | epoch: 1 | total time: 0.92m
step 00061 (13.16%) | loss: 1.095477 | lrm: 1.00 | dt: 1109.70ms | tok/sec: 236,228 | mfu: 0.00 | epoch: 1 | total time: 0.94m
step 00062 (13.37%) | loss: 1.113955 | lrm: 1.00 | dt: 1107.21ms | tok/sec: 236,760 | mfu: 0.00 | epoch: 1 | total time: 0.96m
step 00063 (13.59%) | loss: 1.185332 | lrm: 1.00 | dt: 1111.74ms | tok/sec: 235,795 | mfu: 0.00 | epoch: 1 | total time: 0.98m
step 00064 (13.81%) | loss: 1.200466 | lrm: 1.00 | dt: 1107.35ms | tok/sec: 236,730 | mfu: 0.00 | epoch: 1 | total time: 1.00m
step 00065 (14.02%) | loss: 1.222111 | lrm: 1.00 | dt: 1105.89ms | tok/sec: 237,042 | mfu: 0.00 | epoch: 1 | total time: 1.01m
step 00066 (14.24%) | loss: 1.196657 | lrm: 1.00 | dt: 1107.09ms | tok/sec: 236,786 | mfu: 0.00 | epoch: 1 | total time: 1.03m
step 00067 (14.45%) | loss: 1.196615 | lrm: 1.00 | dt: 1109.76ms | tok/sec: 236,216 | mfu: 0.00 | epoch: 1 | total time: 1.05m
step 00068 (14.67%) | loss: 1.146917 | lrm: 1.00 | dt: 1111.65ms | tok/sec: 235,814 | mfu: 0.00 | epoch: 1 | total time: 1.07m
step 00069 (14.89%) | loss: 1.197379 | lrm: 1.00 | dt: 1108.99ms | tok/sec: 236,380 | mfu: 0.00 | epoch: 1 | total time: 1.09m
step 00070 (15.10%) | loss: 1.164415 | lrm: 1.00 | dt: 1105.71ms | tok/sec: 237,082 | mfu: 0.00 | epoch: 1 | total time: 1.11m
step 00071 (15.32%) | loss: 1.201313 | lrm: 1.00 | dt: 1108.20ms | tok/sec: 236,550 | mfu: 0.00 | epoch: 1 | total time: 1.12m
step 00072 (15.53%) | loss: 1.221722 | lrm: 1.00 | dt: 1107.87ms | tok/sec: 236,620 | mfu: 0.00 | epoch: 1 | total time: 1.14m
step 00073 (15.76%) | loss: 1.236819 | lrm: 1.00 | dt: 1103.68ms | tok/sec: 237,518 | mfu: 0.00 | epoch: 1 | total time: 1.16m
step 00074 (15.97%) | loss: 1.208243 | lrm: 1.00 | dt: 1110.68ms | tok/sec: 236,020 | mfu: 0.00 | epoch: 1 | total time: 1.18m
step 00075 (16.19%) | loss: 1.219539 | lrm: 1.00 | dt: 1105.55ms | tok/sec: 237,116 | mfu: 0.00 | epoch: 1 | total time: 1.20m
step 00076 (16.40%) | loss: 1.288105 | lrm: 1.00 | dt: 1104.81ms | tok/sec: 237,275 | mfu: 0.00 | epoch: 1 | total time: 1.22m
step 00077 (16.61%) | loss: 1.294334 | lrm: 1.00 | dt: 1109.24ms | tok/sec: 236,327 | mfu: 0.00 | epoch: 1 | total time: 1.24m
step 00078 (16.82%) | loss: 1.264059 | lrm: 1.00 | dt: 1105.63ms | tok/sec: 237,098 | mfu: 0.00 | epoch: 1 | total time: 1.25m
step 00079 (17.04%) | loss: 1.254934 | lrm: 1.00 | dt: 1109.51ms | tok/sec: 236,269 | mfu: 0.00 | epoch: 1 | total time: 1.27m
step 00080 (17.25%) | loss: 1.242927 | lrm: 1.00 | dt: 1108.19ms | tok/sec: 236,552 | mfu: 0.00 | epoch: 1 | total time: 1.29m
step 00081 (17.47%) | loss: 1.216142 | lrm: 1.00 | dt: 1109.05ms | tok/sec: 236,367 | mfu: 0.00 | epoch: 1 | total time: 1.31m
step 00082 (17.68%) | loss: 1.222121 | lrm: 1.00 | dt: 1109.80ms | tok/sec: 236,208 | mfu: 0.00 | epoch: 1 | total time: 1.33m
step 00083 (17.89%) | loss: 1.167587 | lrm: 1.00 | dt: 1105.08ms | tok/sec: 237,216 | mfu: 0.00 | epoch: 1 | total time: 1.35m
step 00084 (18.11%) | loss: 1.151075 | lrm: 1.00 | dt: 1109.03ms | tok/sec: 236,372 | mfu: 0.00 | epoch: 1 | total time: 1.36m
step 00085 (18.32%) | loss: 1.120131 | lrm: 1.00 | dt: 1107.08ms | tok/sec: 236,788 | mfu: 0.00 | epoch: 1 | total time: 1.38m
step 00086 (18.54%) | loss: 1.165259 | lrm: 1.00 | dt: 1105.88ms | tok/sec: 237,046 | mfu: 0.00 | epoch: 1 | total time: 1.40m
step 00087 (18.76%) | loss: 1.128703 | lrm: 1.00 | dt: 1106.54ms | tok/sec: 236,903 | mfu: 0.00 | epoch: 1 | total time: 1.42m
step 00088 (18.97%) | loss: 1.120526 | lrm: 1.00 | dt: 1107.08ms | tok/sec: 236,788 | mfu: 0.00 | epoch: 1 | total time: 1.44m
step 00089 (19.18%) | loss: 1.122562 | lrm: 1.00 | dt: 1107.56ms | tok/sec: 236,685 | mfu: 0.00 | epoch: 1 | total time: 1.46m
step 00090 (19.40%) | loss: 1.083791 | lrm: 1.00 | dt: 1108.01ms | tok/sec: 236,590 | mfu: 0.00 | epoch: 1 | total time: 1.48m
step 00091 (19.61%) | loss: 1.058581 | lrm: 1.00 | dt: 1107.84ms | tok/sec: 236,626 | mfu: 0.00 | epoch: 1 | total time: 1.49m
step 00092 (19.83%) | loss: 1.071642 | lrm: 1.00 | dt: 1107.57ms | tok/sec: 236,684 | mfu: 0.00 | epoch: 1 | total time: 1.51m
step 00093 (20.04%) | loss: 1.135034 | lrm: 1.00 | dt: 1108.67ms | tok/sec: 236,449 | mfu: 0.00 | epoch: 1 | total time: 1.53m
step 00094 (20.26%) | loss: 1.101727 | lrm: 1.00 | dt: 1106.03ms | tok/sec: 237,013 | mfu: 0.00 | epoch: 1 | total time: 1.55m
step 00095 (20.47%) | loss: 1.118901 | lrm: 1.00 | dt: 1106.32ms | tok/sec: 236,951 | mfu: 0.00 | epoch: 1 | total time: 1.57m
step 00096 (20.69%) | loss: 1.121439 | lrm: 1.00 | dt: 1106.09ms | tok/sec: 237,000 | mfu: 0.00 | epoch: 1 | total time: 1.59m
step 00097 (20.91%) | loss: 1.076193 | lrm: 1.00 | dt: 1105.72ms | tok/sec: 237,080 | mfu: 0.00 | epoch: 1 | total time: 1.60m
step 00098 (21.12%) | loss: 1.080530 | lrm: 1.00 | dt: 1108.69ms | tok/sec: 236,444 | mfu: 0.00 | epoch: 1 | total time: 1.62m
step 00099 (21.34%) | loss: 1.076606 | lrm: 1.00 | dt: 1105.24ms | tok/sec: 237,183 | mfu: 0.00 | epoch: 1 | total time: 1.64m
step 00100 (21.55%) | loss: 1.056309 | lrm: 1.00 | dt: 1106.90ms | tok/sec: 236,827 | mfu: 0.00 | epoch: 1 | total time: 1.66m
Step 00100 | Validation bpb: 1.8137
step 00101 (21.77%) | loss: 1.068032 | lrm: 1.00 | dt: 1121.18ms | tok/sec: 233,810 | mfu: 0.00 | epoch: 1 | total time: 1.68m
step 00102 (21.98%) | loss: 1.119052 | lrm: 1.00 | dt: 1110.40ms | tok/sec: 236,081 | mfu: 0.00 | epoch: 1 | total time: 1.70m
step 00103 (22.20%) | loss: 1.133661 | lrm: 1.00 | dt: 1107.65ms | tok/sec: 236,667 | mfu: 0.00 | epoch: 1 | total time: 1.72m
step 00104 (22.41%) | loss: 1.111286 | lrm: 1.00 | dt: 1108.09ms | tok/sec: 236,573 | mfu: 0.00 | epoch: 1 | total time: 1.73m
step 00105 (22.63%) | loss: 1.155089 | lrm: 1.00 | dt: 1108.33ms | tok/sec: 236,522 | mfu: 0.00 | epoch: 1 | total time: 1.75m
step 00106 (22.85%) | loss: 1.167535 | lrm: 1.00 | dt: 1105.10ms | tok/sec: 237,213 | mfu: 0.00 | epoch: 1 | total time: 1.77m
step 00107 (23.07%) | loss: 1.139623 | lrm: 1.00 | dt: 1107.53ms | tok/sec: 236,691 | mfu: 0.00 | epoch: 1 | total time: 1.79m
step 00108 (23.29%) | loss: 1.100481 | lrm: 1.00 | dt: 1106.30ms | tok/sec: 236,954 | mfu: 0.00 | epoch: 1 | total time: 1.81m
step 00109 (23.50%) | loss: 1.122400 | lrm: 1.00 | dt: 1106.27ms | tok/sec: 236,961 | mfu: 0.00 | epoch: 1 | total time: 1.83m
step 00110 (23.71%) | loss: 1.118709 | lrm: 1.00 | dt: 1104.85ms | tok/sec: 237,266 | mfu: 0.00 | epoch: 1 | total time: 1.84m
step 00111 (23.93%) | loss: 1.099911 | lrm: 1.00 | dt: 1105.31ms | tok/sec: 237,168 | mfu: 0.00 | epoch: 1 | total time: 1.86m
step 00112 (24.15%) | loss: 1.152532 | lrm: 1.00 | dt: 1110.61ms | tok/sec: 236,037 | mfu: 0.00 | epoch: 1 | total time: 1.88m
step 00113 (24.37%) | loss: 1.095109 | lrm: 1.00 | dt: 1104.31ms | tok/sec: 237,382 | mfu: 0.00 | epoch: 1 | total time: 1.90m
step 00114 (24.58%) | loss: 1.073211 | lrm: 1.00 | dt: 1106.95ms | tok/sec: 236,816 | mfu: 0.00 | epoch: 1 | total time: 1.92m
step 00115 (24.80%) | loss: 1.080720 | lrm: 1.00 | dt: 1107.57ms | tok/sec: 236,684 | mfu: 0.00 | epoch: 1 | total time: 1.94m
step 00116 (25.01%) | loss: 1.056319 | lrm: 1.00 | dt: 1107.54ms | tok/sec: 236,691 | mfu: 0.00 | epoch: 1 | total time: 1.96m
step 00117 (25.23%) | loss: 1.039287 | lrm: 1.00 | dt: 1105.63ms | tok/sec: 237,099 | mfu: 0.00 | epoch: 1 | total time: 1.97m
step 00118 (25.44%) | loss: 1.003815 | lrm: 1.00 | dt: 1105.63ms | tok/sec: 237,099 | mfu: 0.00 | epoch: 1 | total time: 1.99m
step 00119 (25.65%) | loss: 0.984548 | lrm: 1.00 | dt: 1107.93ms | tok/sec: 236,607 | mfu: 0.00 | epoch: 1 | total time: 2.01m
step 00120 (25.87%) | loss: 0.955234 | lrm: 1.00 | dt: 1103.97ms | tok/sec: 237,455 | mfu: 0.00 | epoch: 1 | total time: 2.03m
step 00121 (26.08%) | loss: 0.941797 | lrm: 1.00 | dt: 1103.66ms | tok/sec: 237,522 | mfu: 0.00 | epoch: 1 | total time: 2.05m
step 00122 (26.29%) | loss: 0.923346 | lrm: 1.00 | dt: 1109.26ms | tok/sec: 236,323 | mfu: 0.00 | epoch: 1 | total time: 2.07m
step 00123 (26.50%) | loss: 0.944187 | lrm: 1.00 | dt: 1105.50ms | tok/sec: 237,126 | mfu: 0.00 | epoch: 1 | total time: 2.08m
step 00124 (26.72%) | loss: 0.925635 | lrm: 1.00 | dt: 1105.00ms | tok/sec: 237,233 | mfu: 0.00 | epoch: 1 | total time: 2.10m
step 00125 (26.93%) | loss: 0.931726 | lrm: 1.00 | dt: 1105.35ms | tok/sec: 237,158 | mfu: 0.00 | epoch: 1 | total time: 2.12m
step 00126 (27.15%) | loss: 0.948377 | lrm: 1.00 | dt: 1107.66ms | tok/sec: 236,664 | mfu: 0.00 | epoch: 1 | total time: 2.14m
step 00127 (27.37%) | loss: 0.950103 | lrm: 1.00 | dt: 1110.41ms | tok/sec: 236,079 | mfu: 0.00 | epoch: 1 | total time: 2.16m
step 00128 (27.58%) | loss: 0.941696 | lrm: 1.00 | dt: 1103.33ms | tok/sec: 237,592 | mfu: 0.00 | epoch: 1 | total time: 2.18m
step 00129 (27.79%) | loss: 0.906892 | lrm: 1.00 | dt: 1106.79ms | tok/sec: 236,849 | mfu: 0.00 | epoch: 1 | total time: 2.20m
step 00130 (28.01%) | loss: 0.891128 | lrm: 1.00 | dt: 1111.53ms | tok/sec: 235,841 | mfu: 0.00 | epoch: 1 | total time: 2.21m
step 00131 (28.22%) | loss: 0.918577 | lrm: 1.00 | dt: 1107.59ms | tok/sec: 236,679 | mfu: 0.00 | epoch: 1 | total time: 2.23m
step 00132 (28.44%) | loss: 0.907175 | lrm: 1.00 | dt: 1105.22ms | tok/sec: 237,186 | mfu: 0.00 | epoch: 1 | total time: 2.25m
step 00133 (28.66%) | loss: 0.879032 | lrm: 1.00 | dt: 1107.62ms | tok/sec: 236,673 | mfu: 0.00 | epoch: 1 | total time: 2.27m
step 00134 (28.87%) | loss: 0.883999 | lrm: 1.00 | dt: 1103.36ms | tok/sec: 237,586 | mfu: 0.00 | epoch: 1 | total time: 2.29m
step 00135 (29.09%) | loss: 0.901899 | lrm: 1.00 | dt: 1110.14ms | tok/sec: 236,136 | mfu: 0.00 | epoch: 1 | total time: 2.31m
step 00136 (29.30%) | loss: 0.891802 | lrm: 1.00 | dt: 1102.54ms | tok/sec: 237,763 | mfu: 0.00 | epoch: 1 | total time: 2.32m
step 00137 (29.53%) | loss: 0.888382 | lrm: 1.00 | dt: 1107.18ms | tok/sec: 236,767 | mfu: 0.00 | epoch: 1 | total time: 2.34m
step 00138 (29.74%) | loss: 0.872128 | lrm: 1.00 | dt: 1105.91ms | tok/sec: 237,038 | mfu: 0.00 | epoch: 1 | total time: 2.36m
step 00139 (29.96%) | loss: 0.857627 | lrm: 1.00 | dt: 1105.41ms | tok/sec: 237,146 | mfu: 0.00 | epoch: 1 | total time: 2.38m
step 00140 (30.17%) | loss: 0.918578 | lrm: 1.00 | dt: 1108.28ms | tok/sec: 236,532 | mfu: 0.00 | epoch: 1 | total time: 2.40m
step 00141 (30.38%) | loss: 0.895939 | lrm: 1.00 | dt: 1103.48ms | tok/sec: 237,562 | mfu: 0.00 | epoch: 1 | total time: 2.42m
step 00142 (30.60%) | loss: 0.903094 | lrm: 1.00 | dt: 1111.16ms | tok/sec: 235,918 | mfu: 0.00 | epoch: 1 | total time: 2.43m
step 00143 (30.81%) | loss: 0.894379 | lrm: 1.00 | dt: 1107.38ms | tok/sec: 236,723 | mfu: 0.00 | epoch: 1 | total time: 2.45m
step 00144 (31.03%) | loss: 0.901350 | lrm: 1.00 | dt: 1104.74ms | tok/sec: 237,290 | mfu: 0.00 | epoch: 1 | total time: 2.47m
step 00145 (31.25%) | loss: 0.873842 | lrm: 1.00 | dt: 1108.94ms | tok/sec: 236,391 | mfu: 0.00 | epoch: 1 | total time: 2.49m
step 00146 (31.46%) | loss: 0.926168 | lrm: 1.00 | dt: 1104.11ms | tok/sec: 237,425 | mfu: 0.00 | epoch: 1 | total time: 2.51m
step 00147 (31.68%) | loss: 0.972984 | lrm: 1.00 | dt: 1109.24ms | tok/sec: 236,327 | mfu: 0.00 | epoch: 1 | total time: 2.53m
step 00148 (31.91%) | loss: 0.941167 | lrm: 1.00 | dt: 1109.10ms | tok/sec: 236,356 | mfu: 0.00 | epoch: 1 | total time: 2.55m
step 00149 (32.12%) | loss: 0.911496 | lrm: 1.00 | dt: 1105.02ms | tok/sec: 237,231 | mfu: 0.00 | epoch: 1 | total time: 2.56m
step 00150 (32.34%) | loss: 0.925432 | lrm: 1.00 | dt: 1110.20ms | tok/sec: 236,123 | mfu: 0.00 | epoch: 1 | total time: 2.58m
Step 00150 | Validation bpb: 1.9473
step 00151 (32.55%) | loss: 0.957615 | lrm: 1.00 | dt: 1119.33ms | tok/sec: 234,196 | mfu: 0.00 | epoch: 1 | total time: 2.60m
step 00152 (32.77%) | loss: 0.950140 | lrm: 1.00 | dt: 1104.79ms | tok/sec: 237,278 | mfu: 0.00 | epoch: 1 | total time: 2.62m
step 00153 (32.98%) | loss: 0.921467 | lrm: 1.00 | dt: 1107.81ms | tok/sec: 236,631 | mfu: 0.00 | epoch: 1 | total time: 2.64m
step 00154 (33.20%) | loss: 0.923628 | lrm: 1.00 | dt: 1108.26ms | tok/sec: 236,536 | mfu: 0.00 | epoch: 1 | total time: 2.66m
step 00155 (33.41%) | loss: 0.918490 | lrm: 1.00 | dt: 1103.25ms | tok/sec: 237,610 | mfu: 0.00 | epoch: 1 | total time: 2.67m
step 00156 (33.63%) | loss: 0.969976 | lrm: 1.00 | dt: 1106.06ms | tok/sec: 237,007 | mfu: 0.00 | epoch: 1 | total time: 2.69m
step 00157 (33.85%) | loss: 0.959674 | lrm: 1.00 | dt: 1103.61ms | tok/sec: 237,532 | mfu: 0.00 | epoch: 1 | total time: 2.71m
step 00158 (34.06%) | loss: 0.953156 | lrm: 1.00 | dt: 1105.06ms | tok/sec: 237,220 | mfu: 0.00 | epoch: 1 | total time: 2.73m
step 00159 (34.28%) | loss: 0.937030 | lrm: 1.00 | dt: 1106.88ms | tok/sec: 236,831 | mfu: 0.00 | epoch: 1 | total time: 2.75m
step 00160 (34.50%) | loss: 0.943896 | lrm: 1.00 | dt: 1105.90ms | tok/sec: 237,040 | mfu: 0.00 | epoch: 1 | total time: 2.77m
step 00161 (34.71%) | loss: 0.930383 | lrm: 1.00 | dt: 1108.22ms | tok/sec: 236,544 | mfu: 0.00 | epoch: 1 | total time: 2.79m
step 00162 (34.92%) | loss: 0.932874 | lrm: 1.00 | dt: 1101.87ms | tok/sec: 237,909 | mfu: 0.00 | epoch: 1 | total time: 2.80m
step 00163 (35.14%) | loss: 0.957321 | lrm: 1.00 | dt: 1110.27ms | tok/sec: 236,109 | mfu: 0.00 | epoch: 1 | total time: 2.82m
step 00164 (35.36%) | loss: 0.951777 | lrm: 1.00 | dt: 1107.63ms | tok/sec: 236,671 | mfu: 0.00 | epoch: 1 | total time: 2.84m
step 00165 (35.58%) | loss: 0.960287 | lrm: 1.00 | dt: 1105.78ms | tok/sec: 237,066 | mfu: 0.00 | epoch: 1 | total time: 2.86m
step 00166 (35.79%) | loss: 0.951913 | lrm: 1.00 | dt: 1110.03ms | tok/sec: 236,160 | mfu: 0.00 | epoch: 1 | total time: 2.88m
step 00167 (36.01%) | loss: 0.928451 | lrm: 1.00 | dt: 1104.13ms | tok/sec: 237,421 | mfu: 0.00 | epoch: 1 | total time: 2.90m
step 00168 (36.23%) | loss: 0.923171 | lrm: 1.00 | dt: 1107.72ms | tok/sec: 236,651 | mfu: 0.00 | epoch: 1 | total time: 2.91m
step 00169 (36.45%) | loss: 0.927337 | lrm: 1.00 | dt: 1107.84ms | tok/sec: 236,626 | mfu: 0.00 | epoch: 1 | total time: 2.93m
step 00170 (36.66%) | loss: 0.933626 | lrm: 1.00 | dt: 1105.88ms | tok/sec: 237,044 | mfu: 0.00 | epoch: 1 | total time: 2.95m
step 00171 (36.87%) | loss: 0.910267 | lrm: 1.00 | dt: 1109.04ms | tok/sec: 236,371 | mfu: 0.00 | epoch: 1 | total time: 2.97m
step 00172 (37.09%) | loss: 0.887203 | lrm: 1.00 | dt: 1104.91ms | tok/sec: 237,252 | mfu: 0.00 | epoch: 1 | total time: 2.99m
step 00173 (37.30%) | loss: 0.873896 | lrm: 1.00 | dt: 1107.30ms | tok/sec: 236,742 | mfu: 0.00 | epoch: 1 | total time: 3.01m
step 00174 (37.52%) | loss: 0.857458 | lrm: 1.00 | dt: 1110.65ms | tok/sec: 236,028 | mfu: 0.00 | epoch: 1 | total time: 3.03m
step 00175 (37.74%) | loss: 0.844147 | lrm: 1.00 | dt: 1106.83ms | tok/sec: 236,841 | mfu: 0.00 | epoch: 1 | total time: 3.04m
step 00176 (37.96%) | loss: 0.887186 | lrm: 1.00 | dt: 1109.36ms | tok/sec: 236,302 | mfu: 0.00 | epoch: 1 | total time: 3.06m
step 00177 (38.17%) | loss: 0.884365 | lrm: 1.00 | dt: 1111.70ms | tok/sec: 235,805 | mfu: 0.00 | epoch: 1 | total time: 3.08m
step 00178 (38.38%) | loss: 0.902554 | lrm: 1.00 | dt: 1104.48ms | tok/sec: 237,346 | mfu: 0.00 | epoch: 1 | total time: 3.10m
step 00179 (38.60%) | loss: 0.896270 | lrm: 1.00 | dt: 1107.04ms | tok/sec: 236,798 | mfu: 0.00 | epoch: 1 | total time: 3.12m
step 00180 (38.81%) | loss: 0.900224 | lrm: 1.00 | dt: 1107.87ms | tok/sec: 236,618 | mfu: 0.00 | epoch: 1 | total time: 3.14m
step 00181 (39.03%) | loss: 0.901517 | lrm: 1.00 | dt: 1108.32ms | tok/sec: 236,523 | mfu: 0.00 | epoch: 1 | total time: 3.15m
step 00182 (39.24%) | loss: 0.887682 | lrm: 1.00 | dt: 1109.66ms | tok/sec: 236,238 | mfu: 0.00 | epoch: 1 | total time: 3.17m
step 00183 (39.47%) | loss: 0.876003 | lrm: 1.00 | dt: 1107.17ms | tok/sec: 236,770 | mfu: 0.00 | epoch: 1 | total time: 3.19m
step 00184 (39.68%) | loss: 0.908101 | lrm: 1.00 | dt: 1109.08ms | tok/sec: 236,361 | mfu: 0.00 | epoch: 1 | total time: 3.21m
step 00185 (39.90%) | loss: 0.904321 | lrm: 1.00 | dt: 1112.52ms | tok/sec: 235,630 | mfu: 0.00 | epoch: 1 | total time: 3.23m
step 00186 (40.13%) | loss: 0.891063 | lrm: 1.00 | dt: 1105.89ms | tok/sec: 237,043 | mfu: 0.00 | epoch: 1 | total time: 3.25m
step 00187 (40.34%) | loss: 0.866005 | lrm: 1.00 | dt: 1110.33ms | tok/sec: 236,094 | mfu: 0.00 | epoch: 1 | total time: 3.27m
step 00188 (40.56%) | loss: 0.856989 | lrm: 1.00 | dt: 1110.67ms | tok/sec: 236,022 | mfu: 0.00 | epoch: 1 | total time: 3.28m
step 00189 (40.78%) | loss: 0.894539 | lrm: 1.00 | dt: 1106.24ms | tok/sec: 236,968 | mfu: 0.00 | epoch: 1 | total time: 3.30m
step 00190 (41.00%) | loss: 0.895488 | lrm: 1.00 | dt: 1109.44ms | tok/sec: 236,284 | mfu: 0.00 | epoch: 1 | total time: 3.32m
step 00191 (41.21%) | loss: 0.868933 | lrm: 1.00 | dt: 1109.95ms | tok/sec: 236,175 | mfu: 0.00 | epoch: 1 | total time: 3.34m
step 00192 (41.43%) | loss: 0.884821 | lrm: 1.00 | dt: 1104.45ms | tok/sec: 237,352 | mfu: 0.00 | epoch: 1 | total time: 3.36m
step 00193 (41.65%) | loss: 0.890879 | lrm: 1.00 | dt: 1108.37ms | tok/sec: 236,513 | mfu: 0.00 | epoch: 1 | total time: 3.38m
step 00194 (41.86%) | loss: 0.897779 | lrm: 1.00 | dt: 1106.87ms | tok/sec: 236,833 | mfu: 0.00 | epoch: 1 | total time: 3.39m
step 00195 (42.08%) | loss: 0.909682 | lrm: 1.00 | dt: 1105.78ms | tok/sec: 237,067 | mfu: 0.00 | epoch: 1 | total time: 3.41m
step 00196 (42.29%) | loss: 0.891066 | lrm: 1.00 | dt: 1107.23ms | tok/sec: 236,757 | mfu: 0.00 | epoch: 1 | total time: 3.43m
step 00197 (42.50%) | loss: 0.895617 | lrm: 1.00 | dt: 1106.31ms | tok/sec: 236,954 | mfu: 0.00 | epoch: 1 | total time: 3.45m
step 00198 (42.72%) | loss: 0.910609 | lrm: 1.00 | dt: 1108.93ms | tok/sec: 236,393 | mfu: 0.00 | epoch: 1 | total time: 3.47m
step 00199 (42.93%) | loss: 0.905583 | lrm: 1.00 | dt: 1107.55ms | tok/sec: 236,688 | mfu: 0.00 | epoch: 1 | total time: 3.49m
step 00200 (43.16%) | loss: 0.889244 | lrm: 1.00 | dt: 1104.74ms | tok/sec: 237,290 | mfu: 0.00 | epoch: 1 | total time: 3.51m
Step 00200 | Validation bpb: 2.1300
step 00201 (43.37%) | loss: 0.912453 | lrm: 1.00 | dt: 1119.28ms | tok/sec: 234,206 | mfu: 0.00 | epoch: 1 | total time: 3.52m
step 00202 (43.59%) | loss: 0.890334 | lrm: 1.00 | dt: 1107.52ms | tok/sec: 236,694 | mfu: 0.00 | epoch: 1 | total time: 3.54m
step 00203 (43.81%) | loss: 0.864683 | lrm: 1.00 | dt: 1105.05ms | tok/sec: 237,224 | mfu: 0.00 | epoch: 1 | total time: 3.56m
step 00204 (44.02%) | loss: 0.824687 | lrm: 1.00 | dt: 1110.87ms | tok/sec: 235,981 | mfu: 0.00 | epoch: 1 | total time: 3.58m
step 00205 (44.24%) | loss: 0.839644 | lrm: 1.00 | dt: 1107.57ms | tok/sec: 236,683 | mfu: 0.00 | epoch: 1 | total time: 3.60m
step 00206 (44.45%) | loss: 0.818084 | lrm: 1.00 | dt: 1105.30ms | tok/sec: 237,169 | mfu: 0.00 | epoch: 1 | total time: 3.62m
step 00207 (44.68%) | loss: 0.811994 | lrm: 1.00 | dt: 1106.13ms | tok/sec: 236,991 | mfu: 0.00 | epoch: 1 | total time: 3.63m
step 00208 (44.89%) | loss: 0.800474 | lrm: 1.00 | dt: 1106.99ms | tok/sec: 236,808 | mfu: 0.00 | epoch: 1 | total time: 3.65m
step 00209 (45.11%) | loss: 0.801144 | lrm: 1.00 | dt: 1109.31ms | tok/sec: 236,312 | mfu: 0.00 | epoch: 1 | total time: 3.67m
step 00210 (45.32%) | loss: 0.793864 | lrm: 1.00 | dt: 1104.83ms | tok/sec: 237,270 | mfu: 0.00 | epoch: 1 | total time: 3.69m
step 00211 (45.53%) | loss: 0.835159 | lrm: 1.00 | dt: 1107.26ms | tok/sec: 236,750 | mfu: 0.00 | epoch: 1 | total time: 3.71m
step 00212 (45.74%) | loss: 0.852697 | lrm: 1.00 | dt: 1105.47ms | tok/sec: 237,132 | mfu: 0.00 | epoch: 1 | total time: 3.73m
step 00213 (45.96%) | loss: 0.824796 | lrm: 1.00 | dt: 1109.31ms | tok/sec: 236,311 | mfu: 0.00 | epoch: 1 | total time: 3.75m
step 00214 (46.18%) | loss: 0.819463 | lrm: 1.00 | dt: 1108.40ms | tok/sec: 236,507 | mfu: 0.00 | epoch: 1 | total time: 3.76m
step 00215 (46.39%) | loss: 0.800915 | lrm: 1.00 | dt: 1106.41ms | tok/sec: 236,931 | mfu: 0.00 | epoch: 1 | total time: 3.78m
step 00216 (46.60%) | loss: 0.793558 | lrm: 1.00 | dt: 1106.50ms | tok/sec: 236,913 | mfu: 0.00 | epoch: 1 | total time: 3.80m
step 00217 (46.82%) | loss: 0.836833 | lrm: 1.00 | dt: 1111.99ms | tok/sec: 235,743 | mfu: 0.00 | epoch: 1 | total time: 3.82m
step 00218 (47.04%) | loss: 0.834560 | lrm: 1.00 | dt: 1111.17ms | tok/sec: 235,916 | mfu: 0.00 | epoch: 1 | total time: 3.84m
step 00219 (47.25%) | loss: 0.831262 | lrm: 1.00 | dt: 1109.51ms | tok/sec: 236,269 | mfu: 0.00 | epoch: 1 | total time: 3.86m
step 00220 (47.46%) | loss: 0.823443 | lrm: 1.00 | dt: 1111.82ms | tok/sec: 235,778 | mfu: 0.00 | epoch: 1 | total time: 3.88m
step 00221 (47.68%) | loss: 0.824809 | lrm: 1.00 | dt: 1110.30ms | tok/sec: 236,102 | mfu: 0.00 | epoch: 1 | total time: 3.89m
step 00222 (47.90%) | loss: 0.863251 | lrm: 1.00 | dt: 1107.56ms | tok/sec: 236,686 | mfu: 0.00 | epoch: 1 | total time: 3.91m
step 00223 (48.11%) | loss: 0.845495 | lrm: 1.00 | dt: 1113.00ms | tok/sec: 235,528 | mfu: 0.00 | epoch: 1 | total time: 3.93m
step 00224 (48.33%) | loss: 0.836161 | lrm: 1.00 | dt: 1113.90ms | tok/sec: 235,339 | mfu: 0.00 | epoch: 1 | total time: 3.95m
step 00225 (48.55%) | loss: 0.824298 | lrm: 1.00 | dt: 1107.15ms | tok/sec: 236,773 | mfu: 0.00 | epoch: 1 | total time: 3.97m
step 00226 (48.76%) | loss: 0.895660 | lrm: 1.00 | dt: 1108.01ms | tok/sec: 236,589 | mfu: 0.00 | epoch: 1 | total time: 3.99m
step 00227 (48.97%) | loss: 0.893682 | lrm: 1.00 | dt: 1113.82ms | tok/sec: 235,355 | mfu: 0.00 | epoch: 1 | total time: 4.00m
step 00228 (49.19%) | loss: 0.883939 | lrm: 1.00 | dt: 1107.49ms | tok/sec: 236,701 | mfu: 0.00 | epoch: 1 | total time: 4.02m
step 00229 (49.40%) | loss: 0.883021 | lrm: 1.00 | dt: 1106.32ms | tok/sec: 236,950 | mfu: 0.00 | epoch: 1 | total time: 4.04m
step 00230 (49.62%) | loss: 0.875419 | lrm: 1.00 | dt: 1112.46ms | tok/sec: 235,643 | mfu: 0.00 | epoch: 1 | total time: 4.06m
step 00231 (49.84%) | loss: 0.850619 | lrm: 1.00 | dt: 1106.24ms | tok/sec: 236,969 | mfu: 0.00 | epoch: 1 | total time: 4.08m
step 00232 (50.05%) | loss: 0.905547 | lrm: 1.00 | dt: 1112.11ms | tok/sec: 235,718 | mfu: 0.00 | epoch: 1 | total time: 4.10m
step 00233 (50.27%) | loss: 0.909485 | lrm: 0.99 | dt: 1109.83ms | tok/sec: 236,202 | mfu: 0.00 | epoch: 1 | total time: 4.12m
step 00234 (50.49%) | loss: 0.917283 | lrm: 0.99 | dt: 1109.39ms | tok/sec: 236,295 | mfu: 0.00 | epoch: 1 | total time: 4.13m
step 00235 (50.71%) | loss: 0.887880 | lrm: 0.99 | dt: 1106.64ms | tok/sec: 236,882 | mfu: 0.00 | epoch: 1 | total time: 4.15m
step 00236 (50.92%) | loss: 0.854742 | lrm: 0.98 | dt: 1109.40ms | tok/sec: 236,294 | mfu: 0.00 | epoch: 1 | total time: 4.17m
step 00237 (51.14%) | loss: 0.834150 | lrm: 0.98 | dt: 1108.10ms | tok/sec: 236,570 | mfu: 0.00 | epoch: 1 | total time: 4.19m
step 00238 (51.35%) | loss: 0.812156 | lrm: 0.97 | dt: 1110.76ms | tok/sec: 236,004 | mfu: 0.00 | epoch: 1 | total time: 4.21m
step 00239 (51.57%) | loss: 0.823752 | lrm: 0.97 | dt: 1109.26ms | tok/sec: 236,322 | mfu: 0.00 | epoch: 1 | total time: 4.23m
step 00240 (51.79%) | loss: 0.836530 | lrm: 0.96 | dt: 1110.53ms | tok/sec: 236,052 | mfu: 0.00 | epoch: 1 | total time: 4.24m
step 00241 (52.00%) | loss: 0.852582 | lrm: 0.96 | dt: 1110.49ms | tok/sec: 236,061 | mfu: 0.00 | epoch: 1 | total time: 4.26m
step 00242 (52.22%) | loss: 0.848813 | lrm: 0.96 | dt: 1105.48ms | tok/sec: 237,131 | mfu: 0.00 | epoch: 1 | total time: 4.28m
step 00243 (52.43%) | loss: 0.884815 | lrm: 0.95 | dt: 1109.75ms | tok/sec: 236,218 | mfu: 0.00 | epoch: 1 | total time: 4.30m
step 00244 (52.64%) | loss: 0.881045 | lrm: 0.95 | dt: 1110.58ms | tok/sec: 236,042 | mfu: 0.00 | epoch: 1 | total time: 4.32m
step 00245 (52.86%) | loss: 0.894423 | lrm: 0.94 | dt: 1107.38ms | tok/sec: 236,723 | mfu: 0.00 | epoch: 1 | total time: 4.34m
step 00246 (53.07%) | loss: 0.873121 | lrm: 0.94 | dt: 1107.06ms | tok/sec: 236,793 | mfu: 0.00 | epoch: 1 | total time: 4.36m
step 00247 (53.29%) | loss: 0.835517 | lrm: 0.93 | dt: 1112.38ms | tok/sec: 235,660 | mfu: 0.00 | epoch: 1 | total time: 4.37m
step 00248 (53.50%) | loss: 0.861455 | lrm: 0.93 | dt: 1108.46ms | tok/sec: 236,494 | mfu: 0.00 | epoch: 1 | total time: 4.39m
step 00249 (53.72%) | loss: 0.906305 | lrm: 0.93 | dt: 1111.01ms | tok/sec: 235,951 | mfu: 0.00 | epoch: 1 | total time: 4.41m
step 00250 (53.94%) | loss: 0.895909 | lrm: 0.92 | dt: 1108.99ms | tok/sec: 236,380 | mfu: 0.00 | epoch: 1 | total time: 4.43m
Step 00250 | Validation bpb: 2.2804
step 00251 (54.16%) | loss: 0.885577 | lrm: 0.92 | dt: 1124.94ms | tok/sec: 233,030 | mfu: 0.00 | epoch: 1 | total time: 4.45m
step 00252 (54.37%) | loss: 0.895053 | lrm: 0.91 | dt: 1112.15ms | tok/sec: 235,708 | mfu: 0.00 | epoch: 1 | total time: 4.47m
step 00253 (54.59%) | loss: 0.906802 | lrm: 0.91 | dt: 1103.39ms | tok/sec: 237,580 | mfu: 0.00 | epoch: 1 | total time: 4.49m
step 00254 (54.80%) | loss: 0.899464 | lrm: 0.90 | dt: 1109.50ms | tok/sec: 236,272 | mfu: 0.00 | epoch: 1 | total time: 4.50m
step 00255 (55.02%) | loss: 0.864125 | lrm: 0.90 | dt: 1107.12ms | tok/sec: 236,780 | mfu: 0.00 | epoch: 1 | total time: 4.52m
step 00256 (55.23%) | loss: 0.829964 | lrm: 0.90 | dt: 1109.26ms | tok/sec: 236,323 | mfu: 0.00 | epoch: 1 | total time: 4.54m
step 00257 (55.45%) | loss: 0.838001 | lrm: 0.89 | dt: 1112.95ms | tok/sec: 235,539 | mfu: 0.00 | epoch: 1 | total time: 4.56m
step 00258 (55.67%) | loss: 0.843079 | lrm: 0.89 | dt: 1107.75ms | tok/sec: 236,645 | mfu: 0.00 | epoch: 1 | total time: 4.58m
step 00259 (55.88%) | loss: 0.848962 | lrm: 0.88 | dt: 1109.64ms | tok/sec: 236,242 | mfu: 0.00 | epoch: 1 | total time: 4.60m
step 00260 (56.09%) | loss: 0.838250 | lrm: 0.88 | dt: 1110.02ms | tok/sec: 236,161 | mfu: 0.00 | epoch: 1 | total time: 4.61m
step 00261 (56.31%) | loss: 0.813343 | lrm: 0.87 | dt: 1108.19ms | tok/sec: 236,552 | mfu: 0.00 | epoch: 1 | total time: 4.63m
step 00262 (56.53%) | loss: 0.805764 | lrm: 0.87 | dt: 1108.51ms | tok/sec: 236,483 | mfu: 0.00 | epoch: 1 | total time: 4.65m
step 00263 (56.74%) | loss: 0.793378 | lrm: 0.87 | dt: 1109.83ms | tok/sec: 236,201 | mfu: 0.00 | epoch: 1 | total time: 4.67m
step 00264 (56.96%) | loss: 0.799841 | lrm: 0.86 | dt: 1106.46ms | tok/sec: 236,920 | mfu: 0.00 | epoch: 1 | total time: 4.69m
step 00265 (57.17%) | loss: 0.778775 | lrm: 0.86 | dt: 1109.68ms | tok/sec: 236,233 | mfu: 0.00 | epoch: 1 | total time: 4.71m
step 00266 (57.38%) | loss: 0.794767 | lrm: 0.85 | dt: 1110.36ms | tok/sec: 236,089 | mfu: 0.00 | epoch: 1 | total time: 4.73m
step 00267 (57.60%) | loss: 0.858609 | lrm: 0.85 | dt: 1109.33ms | tok/sec: 236,308 | mfu: 0.00 | epoch: 1 | total time: 4.74m
step 00268 (57.82%) | loss: 0.850869 | lrm: 0.84 | dt: 1109.57ms | tok/sec: 236,256 | mfu: 0.00 | epoch: 1 | total time: 4.76m
step 00269 (58.03%) | loss: 0.854969 | lrm: 0.84 | dt: 1110.32ms | tok/sec: 236,096 | mfu: 0.00 | epoch: 1 | total time: 4.78m
step 00270 (58.25%) | loss: 0.853719 | lrm: 0.83 | dt: 1111.89ms | tok/sec: 235,763 | mfu: 0.00 | epoch: 1 | total time: 4.80m
step 00271 (58.46%) | loss: 0.847757 | lrm: 0.83 | dt: 1111.29ms | tok/sec: 235,892 | mfu: 0.00 | epoch: 1 | total time: 4.82m
step 00272 (58.68%) | loss: 0.868782 | lrm: 0.83 | dt: 1110.60ms | tok/sec: 236,038 | mfu: 0.00 | epoch: 1 | total time: 4.84m
step 00273 (58.89%) | loss: 0.862527 | lrm: 0.82 | dt: 1105.94ms | tok/sec: 237,032 | mfu: 0.00 | epoch: 1 | total time: 4.86m
step 00274 (59.11%) | loss: 0.831978 | lrm: 0.82 | dt: 1113.02ms | tok/sec: 235,524 | mfu: 0.00 | epoch: 1 | total time: 4.87m
step 00275 (59.32%) | loss: 0.812747 | lrm: 0.81 | dt: 1108.32ms | tok/sec: 236,524 | mfu: 0.00 | epoch: 1 | total time: 4.89m
step 00276 (59.54%) | loss: 0.814520 | lrm: 0.81 | dt: 1107.49ms | tok/sec: 236,700 | mfu: 0.00 | epoch: 1 | total time: 4.91m
step 00277 (59.76%) | loss: 0.817559 | lrm: 0.80 | dt: 1113.27ms | tok/sec: 235,471 | mfu: 0.00 | epoch: 1 | total time: 4.93m
step 00278 (59.98%) | loss: 0.816308 | lrm: 0.80 | dt: 1107.54ms | tok/sec: 236,690 | mfu: 0.00 | epoch: 1 | total time: 4.95m
step 00279 (60.20%) | loss: 0.787392 | lrm: 0.80 | dt: 1109.08ms | tok/sec: 236,361 | mfu: 0.00 | epoch: 1 | total time: 4.97m
step 00280 (60.41%) | loss: 0.788586 | lrm: 0.79 | dt: 1112.38ms | tok/sec: 235,660 | mfu: 0.00 | epoch: 1 | total time: 4.98m
step 00281 (60.63%) | loss: 0.778115 | lrm: 0.79 | dt: 1109.60ms | tok/sec: 236,249 | mfu: 0.00 | epoch: 1 | total time: 5.00m
step 00282 (60.84%) | loss: 0.792853 | lrm: 0.78 | dt: 1109.72ms | tok/sec: 236,226 | mfu: 0.00 | epoch: 1 | total time: 5.02m
step 00283 (61.06%) | loss: 0.831486 | lrm: 0.78 | dt: 1112.31ms | tok/sec: 235,675 | mfu: 0.00 | epoch: 1 | total time: 5.04m
step 00284 (61.28%) | loss: 0.821896 | lrm: 0.77 | dt: 1107.99ms | tok/sec: 236,594 | mfu: 0.00 | epoch: 1 | total time: 5.06m
step 00285 (61.49%) | loss: 0.784257 | lrm: 0.77 | dt: 1111.53ms | tok/sec: 235,841 | mfu: 0.00 | epoch: 1 | total time: 5.08m
step 00286 (61.70%) | loss: 0.764822 | lrm: 0.77 | dt: 1112.45ms | tok/sec: 235,645 | mfu: 0.00 | epoch: 1 | total time: 5.10m
step 00287 (61.92%) | loss: 0.764968 | lrm: 0.76 | dt: 1109.32ms | tok/sec: 236,310 | mfu: 0.00 | epoch: 1 | total time: 5.11m
step 00288 (62.13%) | loss: 0.742989 | lrm: 0.76 | dt: 1111.64ms | tok/sec: 235,816 | mfu: 0.00 | epoch: 1 | total time: 5.13m
step 00289 (62.34%) | loss: 0.756056 | lrm: 0.75 | dt: 1113.75ms | tok/sec: 235,371 | mfu: 0.00 | epoch: 1 | total time: 5.15m
step 00290 (62.55%) | loss: 0.752551 | lrm: 0.75 | dt: 1104.92ms | tok/sec: 237,251 | mfu: 0.00 | epoch: 1 | total time: 5.17m
step 00291 (62.76%) | loss: 0.731776 | lrm: 0.74 | dt: 1108.20ms | tok/sec: 236,549 | mfu: 0.00 | epoch: 1 | total time: 5.19m
step 00292 (62.97%) | loss: 0.737173 | lrm: 0.74 | dt: 1110.77ms | tok/sec: 236,002 | mfu: 0.00 | epoch: 1 | total time: 5.21m
step 00293 (63.19%) | loss: 0.757190 | lrm: 0.74 | dt: 1107.69ms | tok/sec: 236,659 | mfu: 0.00 | epoch: 1 | total time: 5.23m
step 00294 (63.40%) | loss: 0.784998 | lrm: 0.73 | dt: 1111.13ms | tok/sec: 235,924 | mfu: 0.00 | epoch: 1 | total time: 5.24m
step 00295 (63.61%) | loss: 0.760685 | lrm: 0.73 | dt: 1111.07ms | tok/sec: 235,937 | mfu: 0.00 | epoch: 1 | total time: 5.26m
step 00296 (63.83%) | loss: 0.738317 | lrm: 0.72 | dt: 1108.95ms | tok/sec: 236,389 | mfu: 0.00 | epoch: 1 | total time: 5.28m
step 00297 (64.04%) | loss: 0.743528 | lrm: 0.72 | dt: 1111.65ms | tok/sec: 235,815 | mfu: 0.00 | epoch: 1 | total time: 5.30m
step 00298 (64.26%) | loss: 0.744231 | lrm: 0.71 | dt: 1110.01ms | tok/sec: 236,163 | mfu: 0.00 | epoch: 1 | total time: 5.32m
step 00299 (64.48%) | loss: 0.730592 | lrm: 0.71 | dt: 1108.36ms | tok/sec: 236,516 | mfu: 0.00 | epoch: 1 | total time: 5.34m
step 00300 (64.70%) | loss: 0.714634 | lrm: 0.71 | dt: 1112.89ms | tok/sec: 235,553 | mfu: 0.00 | epoch: 1 | total time: 5.35m
Step 00300 | Validation bpb: 2.3624
step 00301 (64.91%) | loss: 0.728843 | lrm: 0.70 | dt: 1120.06ms | tok/sec: 234,043 | mfu: 0.00 | epoch: 1 | total time: 5.37m
step 00302 (65.12%) | loss: 0.714061 | lrm: 0.70 | dt: 1113.62ms | tok/sec: 235,397 | mfu: 0.00 | epoch: 1 | total time: 5.39m
step 00303 (65.34%) | loss: 0.684430 | lrm: 0.69 | dt: 1114.06ms | tok/sec: 235,306 | mfu: 0.00 | epoch: 1 | total time: 5.41m
step 00304 (65.55%) | loss: 0.670323 | lrm: 0.69 | dt: 1110.36ms | tok/sec: 236,090 | mfu: 0.00 | epoch: 1 | total time: 5.43m
step 00305 (65.77%) | loss: 0.665403 | lrm: 0.68 | dt: 1110.74ms | tok/sec: 236,007 | mfu: 0.00 | epoch: 1 | total time: 5.45m
step 00306 (65.99%) | loss: 0.645052 | lrm: 0.68 | dt: 1114.62ms | tok/sec: 235,187 | mfu: 0.00 | epoch: 1 | total time: 5.47m
step 00307 (66.21%) | loss: 0.629942 | lrm: 0.68 | dt: 1111.31ms | tok/sec: 235,887 | mfu: 0.00 | epoch: 1 | total time: 5.48m
step 00308 (66.42%) | loss: 0.626630 | lrm: 0.67 | dt: 1111.05ms | tok/sec: 235,943 | mfu: 0.00 | epoch: 1 | total time: 5.50m
step 00309 (66.64%) | loss: 0.608798 | lrm: 0.67 | dt: 1112.83ms | tok/sec: 235,564 | mfu: 0.00 | epoch: 1 | total time: 5.52m
step 00310 (66.85%) | loss: 0.594563 | lrm: 0.66 | dt: 1109.61ms | tok/sec: 236,247 | mfu: 0.00 | epoch: 1 | total time: 5.54m
step 00311 (67.07%) | loss: 0.640974 | lrm: 0.66 | dt: 1114.37ms | tok/sec: 235,238 | mfu: 0.00 | epoch: 1 | total time: 5.56m
step 00312 (67.29%) | loss: 0.635695 | lrm: 0.65 | dt: 1113.88ms | tok/sec: 235,343 | mfu: 0.00 | epoch: 1 | total time: 5.58m
step 00313 (67.50%) | loss: 0.636417 | lrm: 0.65 | dt: 1111.92ms | tok/sec: 235,757 | mfu: 0.00 | epoch: 1 | total time: 5.60m
step 00314 (67.72%) | loss: 0.713597 | lrm: 0.65 | dt: 1111.12ms | tok/sec: 235,927 | mfu: 0.00 | epoch: 1 | total time: 5.61m
step 00315 (67.94%) | loss: 0.738243 | lrm: 0.64 | dt: 1116.74ms | tok/sec: 234,740 | mfu: 0.00 | epoch: 1 | total time: 5.63m
step 00316 (68.16%) | loss: 0.723140 | lrm: 0.64 | dt: 1112.07ms | tok/sec: 235,726 | mfu: 0.00 | epoch: 1 | total time: 5.65m
step 00317 (68.37%) | loss: 0.711573 | lrm: 0.63 | dt: 1112.90ms | tok/sec: 235,549 | mfu: 0.00 | epoch: 1 | total time: 5.67m
step 00318 (68.59%) | loss: 0.695956 | lrm: 0.63 | dt: 1111.55ms | tok/sec: 235,836 | mfu: 0.00 | epoch: 1 | total time: 5.69m
step 00319 (68.81%) | loss: 0.718722 | lrm: 0.62 | dt: 1113.71ms | tok/sec: 235,379 | mfu: 0.00 | epoch: 1 | total time: 5.71m
step 00320 (69.03%) | loss: 0.704448 | lrm: 0.62 | dt: 1110.49ms | tok/sec: 236,062 | mfu: 0.00 | epoch: 1 | total time: 5.73m
step 00321 (69.24%) | loss: 0.709879 | lrm: 0.62 | dt: 1112.09ms | tok/sec: 235,722 | mfu: 0.00 | epoch: 1 | total time: 5.74m
step 00322 (69.46%) | loss: 0.719635 | lrm: 0.61 | dt: 1112.48ms | tok/sec: 235,639 | mfu: 0.00 | epoch: 1 | total time: 5.76m
step 00323 (69.68%) | loss: 0.726287 | lrm: 0.61 | dt: 1111.02ms | tok/sec: 235,949 | mfu: 0.00 | epoch: 1 | total time: 5.78m
step 00324 (69.90%) | loss: 0.750144 | lrm: 0.60 | dt: 1112.28ms | tok/sec: 235,681 | mfu: 0.00 | epoch: 1 | total time: 5.80m
step 00325 (70.11%) | loss: 0.731553 | lrm: 0.60 | dt: 1116.96ms | tok/sec: 234,693 | mfu: 0.00 | epoch: 1 | total time: 5.82m
step 00326 (70.33%) | loss: 0.738956 | lrm: 0.59 | dt: 1110.06ms | tok/sec: 236,152 | mfu: 0.00 | epoch: 1 | total time: 5.84m
step 00327 (70.53%) | loss: 0.721150 | lrm: 0.59 | dt: 1112.45ms | tok/sec: 235,645 | mfu: 0.00 | epoch: 1 | total time: 5.86m
step 00328 (70.75%) | loss: 0.705932 | lrm: 0.59 | dt: 1113.70ms | tok/sec: 235,380 | mfu: 0.00 | epoch: 1 | total time: 5.87m
step 00329 (70.97%) | loss: 0.706805 | lrm: 0.58 | dt: 1114.93ms | tok/sec: 235,120 | mfu: 0.00 | epoch: 1 | total time: 5.89m
step 00330 (71.19%) | loss: 0.688035 | lrm: 0.58 | dt: 1112.59ms | tok/sec: 235,616 | mfu: 0.00 | epoch: 1 | total time: 5.91m
step 00331 (71.40%) | loss: 0.685686 | lrm: 0.57 | dt: 1116.69ms | tok/sec: 234,751 | mfu: 0.00 | epoch: 1 | total time: 5.93m
step 00332 (71.62%) | loss: 0.680242 | lrm: 0.57 | dt: 1117.34ms | tok/sec: 234,614 | mfu: 0.00 | epoch: 1 | total time: 5.95m
step 00333 (71.83%) | loss: 0.668751 | lrm: 0.56 | dt: 1114.39ms | tok/sec: 235,235 | mfu: 0.00 | epoch: 1 | total time: 5.97m
step 00334 (72.05%) | loss: 0.658735 | lrm: 0.56 | dt: 1110.35ms | tok/sec: 236,090 | mfu: 0.00 | epoch: 1 | total time: 5.99m
step 00335 (72.26%) | loss: 0.683475 | lrm: 0.55 | dt: 1115.02ms | tok/sec: 235,103 | mfu: 0.00 | epoch: 1 | total time: 6.00m
step 00336 (72.48%) | loss: 0.671056 | lrm: 0.55 | dt: 1112.49ms | tok/sec: 235,636 | mfu: 0.00 | epoch: 1 | total time: 6.02m
step 00337 (72.69%) | loss: 0.669869 | lrm: 0.55 | dt: 1109.31ms | tok/sec: 236,312 | mfu: 0.00 | epoch: 1 | total time: 6.04m
step 00338 (72.91%) | loss: 0.656184 | lrm: 0.54 | dt: 1114.16ms | tok/sec: 235,283 | mfu: 0.00 | epoch: 1 | total time: 6.06m
step 00339 (73.13%) | loss: 0.681052 | lrm: 0.54 | dt: 1116.45ms | tok/sec: 234,801 | mfu: 0.00 | epoch: 1 | total time: 6.08m
step 00340 (73.35%) | loss: 0.686467 | lrm: 0.53 | dt: 1115.64ms | tok/sec: 234,971 | mfu: 0.00 | epoch: 1 | total time: 6.10m
step 00341 (73.56%) | loss: 0.684868 | lrm: 0.53 | dt: 1114.56ms | tok/sec: 235,200 | mfu: 0.00 | epoch: 1 | total time: 6.12m
step 00342 (73.78%) | loss: 0.678086 | lrm: 0.52 | dt: 1116.12ms | tok/sec: 234,869 | mfu: 0.00 | epoch: 1 | total time: 6.13m
step 00343 (74.00%) | loss: 0.659224 | lrm: 0.52 | dt: 1117.93ms | tok/sec: 234,490 | mfu: 0.00 | epoch: 1 | total time: 6.15m
step 00344 (74.22%) | loss: 0.667746 | lrm: 0.52 | dt: 1116.60ms | tok/sec: 234,770 | mfu: 0.00 | epoch: 1 | total time: 6.17m
step 00345 (74.43%) | loss: 0.661942 | lrm: 0.51 | dt: 1108.87ms | tok/sec: 236,406 | mfu: 0.00 | epoch: 1 | total time: 6.19m
step 00346 (74.64%) | loss: 0.668372 | lrm: 0.51 | dt: 1112.10ms | tok/sec: 235,719 | mfu: 0.00 | epoch: 1 | total time: 6.21m
step 00347 (74.86%) | loss: 0.656950 | lrm: 0.50 | dt: 1113.51ms | tok/sec: 235,421 | mfu: 0.00 | epoch: 1 | total time: 6.23m
step 00348 (75.07%) | loss: 0.637559 | lrm: 0.50 | dt: 1111.26ms | tok/sec: 235,897 | mfu: 0.00 | epoch: 1 | total time: 6.25m
step 00349 (75.29%) | loss: 0.627901 | lrm: 0.49 | dt: 1114.98ms | tok/sec: 235,111 | mfu: 0.00 | epoch: 1 | total time: 6.26m
step 00350 (75.51%) | loss: 0.601326 | lrm: 0.49 | dt: 1116.03ms | tok/sec: 234,889 | mfu: 0.00 | epoch: 1 | total time: 6.28m
Step 00350 | Validation bpb: 2.4931
step 00351 (75.72%) | loss: 0.578574 | lrm: 0.49 | dt: 1124.85ms | tok/sec: 233,048 | mfu: 0.00 | epoch: 1 | total time: 6.30m
step 00352 (75.94%) | loss: 0.587102 | lrm: 0.48 | dt: 1115.31ms | tok/sec: 235,041 | mfu: 0.00 | epoch: 1 | total time: 6.32m
step 00353 (76.16%) | loss: 0.600744 | lrm: 0.48 | dt: 1113.98ms | tok/sec: 235,321 | mfu: 0.00 | epoch: 1 | total time: 6.34m
step 00354 (76.38%) | loss: 0.680630 | lrm: 0.47 | dt: 1114.86ms | tok/sec: 235,135 | mfu: 0.00 | epoch: 1 | total time: 6.36m
step 00355 (76.59%) | loss: 0.672758 | lrm: 0.47 | dt: 1111.26ms | tok/sec: 235,897 | mfu: 0.00 | epoch: 1 | total time: 6.38m
step 00356 (76.80%) | loss: 0.697450 | lrm: 0.46 | dt: 1111.14ms | tok/sec: 235,922 | mfu: 0.00 | epoch: 1 | total time: 6.39m
step 00357 (77.02%) | loss: 0.696700 | lrm: 0.46 | dt: 1116.27ms | tok/sec: 234,838 | mfu: 0.00 | epoch: 1 | total time: 6.41m
step 00358 (77.23%) | loss: 0.691511 | lrm: 0.46 | dt: 1114.24ms | tok/sec: 235,268 | mfu: 0.00 | epoch: 1 | total time: 6.43m
step 00359 (77.45%) | loss: 0.685550 | lrm: 0.45 | dt: 1112.72ms | tok/sec: 235,587 | mfu: 0.00 | epoch: 1 | total time: 6.45m
step 00360 (77.66%) | loss: 0.654581 | lrm: 0.45 | dt: 1114.38ms | tok/sec: 235,237 | mfu: 0.00 | epoch: 1 | total time: 6.47m
step 00361 (77.87%) | loss: 0.642403 | lrm: 0.44 | dt: 1115.03ms | tok/sec: 235,099 | mfu: 0.00 | epoch: 1 | total time: 6.49m
step 00362 (78.09%) | loss: 0.652365 | lrm: 0.44 | dt: 1111.21ms | tok/sec: 235,908 | mfu: 0.00 | epoch: 1 | total time: 6.51m
step 00363 (78.31%) | loss: 0.665982 | lrm: 0.43 | dt: 1113.39ms | tok/sec: 235,447 | mfu: 0.00 | epoch: 1 | total time: 6.52m
step 00364 (78.52%) | loss: 0.646547 | lrm: 0.43 | dt: 1113.84ms | tok/sec: 235,352 | mfu: 0.00 | epoch: 1 | total time: 6.54m
step 00365 (78.73%) | loss: 0.641456 | lrm: 0.43 | dt: 1111.12ms | tok/sec: 235,926 | mfu: 0.00 | epoch: 1 | total time: 6.56m
step 00366 (78.94%) | loss: 0.638313 | lrm: 0.42 | dt: 1114.37ms | tok/sec: 235,240 | mfu: 0.00 | epoch: 1 | total time: 6.58m
step 00367 (79.16%) | loss: 0.617514 | lrm: 0.42 | dt: 1115.51ms | tok/sec: 234,998 | mfu: 0.00 | epoch: 1 | total time: 6.60m
step 00368 (79.37%) | loss: 0.601585 | lrm: 0.41 | dt: 1117.05ms | tok/sec: 234,675 | mfu: 0.00 | epoch: 1 | total time: 6.62m
step 00369 (79.58%) | loss: 0.585465 | lrm: 0.41 | dt: 1113.11ms | tok/sec: 235,506 | mfu: 0.00 | epoch: 1 | total time: 6.64m
step 00370 (79.79%) | loss: 0.590547 | lrm: 0.40 | dt: 1116.04ms | tok/sec: 234,887 | mfu: 0.00 | epoch: 1 | total time: 6.65m
step 00371 (80.01%) | loss: 0.622538 | lrm: 0.40 | dt: 1117.88ms | tok/sec: 234,501 | mfu: 0.00 | epoch: 1 | total time: 6.67m
step 00372 (80.22%) | loss: 0.616518 | lrm: 0.40 | dt: 1112.61ms | tok/sec: 235,611 | mfu: 0.00 | epoch: 1 | total time: 6.69m
step 00373 (80.43%) | loss: 0.593044 | lrm: 0.39 | dt: 1111.63ms | tok/sec: 235,820 | mfu: 0.00 | epoch: 1 | total time: 6.71m
step 00374 (80.64%) | loss: 0.579052 | lrm: 0.39 | dt: 1114.64ms | tok/sec: 235,182 | mfu: 0.00 | epoch: 1 | total time: 6.73m
step 00375 (80.86%) | loss: 0.570057 | lrm: 0.38 | dt: 1116.61ms | tok/sec: 234,766 | mfu: 0.00 | epoch: 1 | total time: 6.75m
step 00376 (81.08%) | loss: 0.575674 | lrm: 0.38 | dt: 1113.34ms | tok/sec: 235,457 | mfu: 0.00 | epoch: 1 | total time: 6.77m
step 00377 (81.29%) | loss: 0.590587 | lrm: 0.37 | dt: 1116.57ms | tok/sec: 234,776 | mfu: 0.00 | epoch: 1 | total time: 6.78m
step 00378 (81.51%) | loss: 0.572116 | lrm: 0.37 | dt: 1118.32ms | tok/sec: 234,409 | mfu: 0.00 | epoch: 1 | total time: 6.80m
step 00379 (81.73%) | loss: 0.557154 | lrm: 0.37 | dt: 1116.71ms | tok/sec: 234,747 | mfu: 0.00 | epoch: 1 | total time: 6.82m
step 00380 (81.94%) | loss: 0.567841 | lrm: 0.36 | dt: 1116.86ms | tok/sec: 234,716 | mfu: 0.00 | epoch: 1 | total time: 6.84m
step 00381 (82.15%) | loss: 0.550710 | lrm: 0.36 | dt: 1114.96ms | tok/sec: 235,114 | mfu: 0.00 | epoch: 1 | total time: 6.86m
step 00382 (82.36%) | loss: 0.542599 | lrm: 0.35 | dt: 1116.04ms | tok/sec: 234,888 | mfu: 0.00 | epoch: 1 | total time: 6.88m
step 00383 (82.58%) | loss: 0.535143 | lrm: 0.35 | dt: 1118.04ms | tok/sec: 234,466 | mfu: 0.00 | epoch: 1 | total time: 6.90m
step 00384 (82.79%) | loss: 0.527882 | lrm: 0.34 | dt: 1118.27ms | tok/sec: 234,418 | mfu: 0.00 | epoch: 1 | total time: 6.91m
step 00385 (83.01%) | loss: 0.577598 | lrm: 0.34 | dt: 1113.30ms | tok/sec: 235,466 | mfu: 0.00 | epoch: 1 | total time: 6.93m
step 00386 (83.23%) | loss: 0.572768 | lrm: 0.34 | dt: 1116.40ms | tok/sec: 234,811 | mfu: 0.00 | epoch: 1 | total time: 6.95m
step 00387 (83.44%) | loss: 0.564084 | lrm: 0.33 | dt: 1118.88ms | tok/sec: 234,291 | mfu: 0.00 | epoch: 1 | total time: 6.97m
step 00388 (83.65%) | loss: 0.552710 | lrm: 0.33 | dt: 1115.56ms | tok/sec: 234,988 | mfu: 0.00 | epoch: 1 | total time: 6.99m
step 00389 (83.86%) | loss: 0.547513 | lrm: 0.32 | dt: 1113.22ms | tok/sec: 235,482 | mfu: 0.00 | epoch: 1 | total time: 7.01m
step 00390 (84.08%) | loss: 0.546929 | lrm: 0.32 | dt: 1118.30ms | tok/sec: 234,412 | mfu: 0.00 | epoch: 1 | total time: 7.03m
step 00391 (84.29%) | loss: 0.534111 | lrm: 0.31 | dt: 1119.33ms | tok/sec: 234,197 | mfu: 0.00 | epoch: 1 | total time: 7.04m
step 00392 (84.51%) | loss: 0.556950 | lrm: 0.31 | dt: 1117.89ms | tok/sec: 234,498 | mfu: 0.00 | epoch: 1 | total time: 7.06m
step 00393 (84.73%) | loss: 0.545046 | lrm: 0.31 | dt: 1114.72ms | tok/sec: 235,166 | mfu: 0.00 | epoch: 1 | total time: 7.08m
step 00394 (84.95%) | loss: 0.553929 | lrm: 0.30 | dt: 1114.24ms | tok/sec: 235,267 | mfu: 0.00 | epoch: 1 | total time: 7.10m
step 00395 (85.17%) | loss: 0.531520 | lrm: 0.30 | dt: 1119.44ms | tok/sec: 234,173 | mfu: 0.00 | epoch: 1 | total time: 7.12m
step 00396 (85.38%) | loss: 0.532879 | lrm: 0.29 | dt: 1117.06ms | tok/sec: 234,673 | mfu: 0.00 | epoch: 1 | total time: 7.14m
step 00397 (85.59%) | loss: 0.517991 | lrm: 0.29 | dt: 1113.61ms | tok/sec: 235,401 | mfu: 0.00 | epoch: 1 | total time: 7.16m
step 00398 (85.80%) | loss: 0.545097 | lrm: 0.28 | dt: 1114.54ms | tok/sec: 235,203 | mfu: 0.00 | epoch: 1 | total time: 7.18m
step 00399 (86.02%) | loss: 0.531720 | lrm: 0.28 | dt: 1118.07ms | tok/sec: 234,461 | mfu: 0.00 | epoch: 1 | total time: 7.19m
step 00400 (86.23%) | loss: 0.514835 | lrm: 0.28 | dt: 1119.76ms | tok/sec: 234,107 | mfu: 0.00 | epoch: 1 | total time: 7.21m
Step 00400 | Validation bpb: 2.6402
step 00401 (86.45%) | loss: 0.518485 | lrm: 0.27 | dt: 1129.17ms | tok/sec: 232,157 | mfu: 0.00 | epoch: 1 | total time: 7.23m
step 00402 (86.67%) | loss: 0.515113 | lrm: 0.27 | dt: 1114.35ms | tok/sec: 235,243 | mfu: 0.00 | epoch: 1 | total time: 7.25m
step 00403 (86.89%) | loss: 0.506193 | lrm: 0.26 | dt: 1113.84ms | tok/sec: 235,351 | mfu: 0.00 | epoch: 1 | total time: 7.27m
step 00404 (87.11%) | loss: 0.497218 | lrm: 0.26 | dt: 1109.55ms | tok/sec: 236,260 | mfu: 0.00 | epoch: 1 | total time: 7.29m
step 00405 (87.32%) | loss: 0.478830 | lrm: 0.25 | dt: 1116.42ms | tok/sec: 234,806 | mfu: 0.00 | epoch: 1 | total time: 7.31m
step 00406 (87.54%) | loss: 0.490492 | lrm: 0.25 | dt: 1113.54ms | tok/sec: 235,415 | mfu: 0.00 | epoch: 1 | total time: 7.32m
step 00407 (87.75%) | loss: 0.483846 | lrm: 0.25 | dt: 1114.86ms | tok/sec: 235,136 | mfu: 0.00 | epoch: 1 | total time: 7.34m
step 00408 (87.95%) | loss: 0.491893 | lrm: 0.24 | dt: 1116.91ms | tok/sec: 234,704 | mfu: 0.00 | epoch: 1 | total time: 7.36m
step 00409 (88.17%) | loss: 0.490022 | lrm: 0.24 | dt: 1120.77ms | tok/sec: 233,897 | mfu: 0.00 | epoch: 1 | total time: 7.38m
step 00410 (88.39%) | loss: 0.489656 | lrm: 0.23 | dt: 1117.73ms | tok/sec: 234,531 | mfu: 0.00 | epoch: 1 | total time: 7.40m
step 00411 (88.60%) | loss: 0.474937 | lrm: 0.23 | dt: 1112.02ms | tok/sec: 235,736 | mfu: 0.00 | epoch: 1 | total time: 7.42m
step 00412 (88.82%) | loss: 0.468391 | lrm: 0.22 | dt: 1117.29ms | tok/sec: 234,625 | mfu: 0.00 | epoch: 1 | total time: 7.44m
step 00413 (89.03%) | loss: 0.455946 | lrm: 0.22 | dt: 1117.95ms | tok/sec: 234,486 | mfu: 0.00 | epoch: 1 | total time: 7.45m
step 00414 (89.26%) | loss: 0.466841 | lrm: 0.21 | dt: 1117.61ms | tok/sec: 234,558 | mfu: 0.00 | epoch: 1 | total time: 7.47m
step 00415 (89.48%) | loss: 0.474739 | lrm: 0.21 | dt: 1114.05ms | tok/sec: 235,307 | mfu: 0.00 | epoch: 1 | total time: 7.49m
step 00416 (89.69%) | loss: 0.462816 | lrm: 0.21 | dt: 1115.35ms | tok/sec: 235,033 | mfu: 0.00 | epoch: 1 | total time: 7.51m
step 00417 (89.91%) | loss: 0.447352 | lrm: 0.20 | dt: 1116.51ms | tok/sec: 234,789 | mfu: 0.00 | epoch: 1 | total time: 7.53m
step 00418 (90.11%) | loss: 0.428635 | lrm: 0.20 | dt: 1115.38ms | tok/sec: 235,027 | mfu: 0.00 | epoch: 1 | total time: 7.55m
step 00419 (90.33%) | loss: 0.430770 | lrm: 0.19 | dt: 1114.87ms | tok/sec: 235,134 | mfu: 0.00 | epoch: 1 | total time: 7.57m
step 00420 (90.55%) | loss: 0.434889 | lrm: 0.19 | dt: 1115.39ms | tok/sec: 235,024 | mfu: 0.00 | epoch: 1 | total time: 7.58m
step 00421 (90.76%) | loss: 0.432450 | lrm: 0.18 | dt: 1114.42ms | tok/sec: 235,229 | mfu: 0.00 | epoch: 1 | total time: 7.60m
step 00422 (90.97%) | loss: 0.431835 | lrm: 0.18 | dt: 1109.75ms | tok/sec: 236,219 | mfu: 0.00 | epoch: 1 | total time: 7.62m
step 00423 (91.18%) | loss: 0.444861 | lrm: 0.18 | dt: 1113.06ms | tok/sec: 235,516 | mfu: 0.00 | epoch: 1 | total time: 7.64m
step 00424 (91.40%) | loss: 0.445088 | lrm: 0.17 | dt: 1116.54ms | tok/sec: 234,781 | mfu: 0.00 | epoch: 1 | total time: 7.66m
step 00425 (91.61%) | loss: 0.449704 | lrm: 0.17 | dt: 1116.74ms | tok/sec: 234,740 | mfu: 0.00 | epoch: 1 | total time: 7.68m
step 00426 (91.83%) | loss: 0.454576 | lrm: 0.16 | dt: 1111.88ms | tok/sec: 235,765 | mfu: 0.00 | epoch: 1 | total time: 7.70m
step 00427 (92.04%) | loss: 0.446288 | lrm: 0.16 | dt: 1118.21ms | tok/sec: 234,431 | mfu: 0.00 | epoch: 1 | total time: 7.71m
step 00428 (92.26%) | loss: 0.483514 | lrm: 0.15 | dt: 1115.53ms | tok/sec: 234,995 | mfu: 0.00 | epoch: 1 | total time: 7.73m
step 00429 (92.48%) | loss: 0.467582 | lrm: 0.15 | dt: 1116.28ms | tok/sec: 234,836 | mfu: 0.00 | epoch: 1 | total time: 7.75m
step 00430 (92.70%) | loss: 0.465305 | lrm: 0.15 | dt: 1114.72ms | tok/sec: 235,165 | mfu: 0.00 | epoch: 1 | total time: 7.77m
step 00431 (92.91%) | loss: 0.503410 | lrm: 0.14 | dt: 1115.50ms | tok/sec: 235,000 | mfu: 0.00 | epoch: 1 | total time: 7.79m
step 00432 (93.13%) | loss: 0.526916 | lrm: 0.14 | dt: 1116.96ms | tok/sec: 234,694 | mfu: 0.00 | epoch: 1 | total time: 7.81m
step 00433 (93.35%) | loss: 0.535092 | lrm: 0.13 | dt: 1113.49ms | tok/sec: 235,424 | mfu: 0.00 | epoch: 1 | total time: 7.83m
step 00434 (93.56%) | loss: 0.527294 | lrm: 0.13 | dt: 1115.67ms | tok/sec: 234,965 | mfu: 0.00 | epoch: 1 | total time: 7.84m
step 00435 (93.77%) | loss: 0.512167 | lrm: 0.12 | dt: 1115.53ms | tok/sec: 234,995 | mfu: 0.00 | epoch: 1 | total time: 7.86m
step 00436 (93.99%) | loss: 0.495941 | lrm: 0.12 | dt: 1115.21ms | tok/sec: 235,062 | mfu: 0.00 | epoch: 1 | total time: 7.88m
step 00437 (94.21%) | loss: 0.498738 | lrm: 0.12 | dt: 1111.51ms | tok/sec: 235,844 | mfu: 0.00 | epoch: 1 | total time: 7.90m
step 00438 (94.43%) | loss: 0.505396 | lrm: 0.11 | dt: 1116.38ms | tok/sec: 234,815 | mfu: 0.00 | epoch: 1 | total time: 7.92m
step 00439 (94.66%) | loss: 0.487641 | lrm: 0.11 | dt: 1118.02ms | tok/sec: 234,471 | mfu: 0.00 | epoch: 1 | total time: 7.94m
step 00440 (94.88%) | loss: 0.472745 | lrm: 0.10 | dt: 1114.10ms | tok/sec: 235,297 | mfu: 0.00 | epoch: 1 | total time: 7.96m
2026-09-13 13:01:29,177 - nanochat.checkpoint_manager - [32m[1mINFO[0m - Saved model parameters to: /home/s4597036/scratch/nanochat/chatsft_checkpoints/d4-midtrain/model_000464.pt
2026-09-13 13:01:29,275 - nanochat.checkpoint_manager - [32m[1mINFO[0m - Saved metadata to: /home/s4597036/scratch/nanochat/chatsft_checkpoints/d4-midtrain/meta_000464.json
2026-09-13 13:01:29,568 - nanochat.checkpoint_manager - [32m[1mINFO[0m - Saved optimizer state to: /home/s4597036/scratch/nanochat/chatsft_checkpoints/d4-midtrain/optim_000464_rank0.pt
wandb: updating run metadata
wandb: uploading history steps 55-56, summary, console lines 484-495
wandb:                                                                                
wandb: 
wandb: Run history:
wandb:                 step ▁▁▁▁▂▂▂▂▂▃▃▃▃▃▃▄▄▄▄▄▅▅▅▅▅▆▆▆▆▆▆▆▇▇▇▇▇███
wandb: total_training_flops ▁▁▁▁▂▂▂▂▂▂▃▃▃▃▃▄▄▄▄▄▅▅▅▅▅▅▆▆▆▆▆▆▇▇▇▇▇███
wandb:  total_training_time ▁▁▁▂▂▂▂▂▂▂▃▃▃▃▃▃▄▄▄▄▅▅▅▅▅▆▆▆▆▆▆▇▇▇▇▇▇███
wandb:             train/dt ▂▁▃▃▂▄▃▄▃▃▂▅▄▅▃▄▄▃▃▅▅▄▅▅▅▃▆▅▅▇▇▆▇▇█▇▆▆▆▆
wandb:          train/epoch ▁▁▁▁▁▁▁▁▁▁▁▁▁▁▁▁▁▁▁▁▁▁▁▁▁▁▁▁▁▁▁▁▁▁▁▁▁▁▁▁
wandb:           train/loss █▅▄▄▄▃▃▃▃▃▃▂▃▃▃▃▂▂▂▂▂▃▂▂▂▂▂▂▂▂▂▂▂▁▁▁▁▁▁▁
wandb:            train/lrm █████████████████████▇▇▇▆▆▆▅▅▅▄▄▄▃▃▂▂▂▁▁
wandb:            train/mfu ▁▁▁▁▁▁▁▁▁▁▁▁▁▁▁▁▁▁▁▁▁▁▁▁▁▁▁▁▁▁▁▁▁▁▁▁▁▁▁▁
wandb:    train/tok_per_sec ▇█▆▆▇▅▆▅▅▆▇▄▅▄▆▅▅▆▆▄▄▅▄▄▄▆▃▄▃▂▂▃▂▂▁▂▃▃▃▃
wandb:              val/bpb ▁▄▄▅▆▆▇▇███
wandb: 
wandb: Run summary:
wandb:                 step 464
wandb: total_training_flops 9757118731124736
wandb:  total_training_time 504.1334
wandb:             train/dt 1.11506
wandb:          train/epoch 1
wandb:           train/loss 0.41887
wandb:            train/lrm 0.01645
wandb:            train/mfu 0
wandb:    train/tok_per_sec 235094
wandb:              val/bpb 2.71616
wandb: 
wandb: 🚀 View run d4-mid at: https://wandb.ai/sotirisfrost-lu/nanochat-sft/runs/088kod4p
wandb: ⭐️ View project at: https://wandb.ai/sotirisfrost-lu/nanochat-sft
wandb: Synced 5 W&B file(s), 0 media file(s), 0 artifact file(s) and 0 other file(s)
wandb: Find logs at: ./wandb/run-20260913_125202-088kod4p/logs
step 00441 (95.09%) | loss: 0.464787 | lrm: 0.10 | dt: 1112.46ms | tok/sec: 235,644 | mfu: 0.00 | epoch: 1 | total time: 7.97m
step 00442 (95.30%) | loss: 0.472358 | lrm: 0.09 | dt: 1117.82ms | tok/sec: 234,514 | mfu: 0.00 | epoch: 1 | total time: 7.99m
step 00443 (95.52%) | loss: 0.467436 | lrm: 0.09 | dt: 1117.79ms | tok/sec: 234,519 | mfu: 0.00 | epoch: 1 | total time: 8.01m
step 00444 (95.73%) | loss: 0.448060 | lrm: 0.09 | dt: 1116.37ms | tok/sec: 234,818 | mfu: 0.00 | epoch: 1 | total time: 8.03m
step 00445 (95.95%) | loss: 0.443498 | lrm: 0.08 | dt: 1115.49ms | tok/sec: 235,004 | mfu: 0.00 | epoch: 1 | total time: 8.05m
step 00446 (96.16%) | loss: 0.453912 | lrm: 0.08 | dt: 1117.23ms | tok/sec: 234,637 | mfu: 0.00 | epoch: 1 | total time: 8.07m
step 00447 (96.38%) | loss: 0.448831 | lrm: 0.07 | dt: 1115.10ms | tok/sec: 235,084 | mfu: 0.00 | epoch: 1 | total time: 8.09m
step 00448 (96.59%) | loss: 0.451741 | lrm: 0.07 | dt: 1116.74ms | tok/sec: 234,740 | mfu: 0.00 | epoch: 1 | total time: 8.10m
step 00449 (96.80%) | loss: 0.442105 | lrm: 0.06 | dt: 1115.11ms | tok/sec: 235,083 | mfu: 0.00 | epoch: 1 | total time: 8.12m
step 00450 (97.02%) | loss: 0.462058 | lrm: 0.06 | dt: 1115.02ms | tok/sec: 235,101 | mfu: 0.00 | epoch: 1 | total time: 8.14m
Step 00450 | Validation bpb: 2.7169
step 00451 (97.23%) | loss: 0.466072 | lrm: 0.06 | dt: 1124.82ms | tok/sec: 233,053 | mfu: 0.00 | epoch: 1 | total time: 8.16m
step 00452 (97.45%) | loss: 0.477489 | lrm: 0.05 | dt: 1116.22ms | tok/sec: 234,849 | mfu: 0.00 | epoch: 1 | total time: 8.18m
step 00453 (97.67%) | loss: 0.478217 | lrm: 0.05 | dt: 1113.29ms | tok/sec: 235,467 | mfu: 0.00 | epoch: 1 | total time: 8.20m
step 00454 (97.88%) | loss: 0.470850 | lrm: 0.04 | dt: 1110.48ms | tok/sec: 236,063 | mfu: 0.00 | epoch: 1 | total time: 8.22m
step 00455 (98.10%) | loss: 0.463711 | lrm: 0.04 | dt: 1113.60ms | tok/sec: 235,402 | mfu: 0.00 | epoch: 1 | total time: 8.23m
step 00456 (98.32%) | loss: 0.467759 | lrm: 0.03 | dt: 1116.38ms | tok/sec: 234,815 | mfu: 0.00 | epoch: 1 | total time: 8.25m
step 00457 (98.54%) | loss: 0.462376 | lrm: 0.03 | dt: 1115.48ms | tok/sec: 235,004 | mfu: 0.00 | epoch: 1 | total time: 8.27m
step 00458 (98.75%) | loss: 0.441081 | lrm: 0.03 | dt: 1113.80ms | tok/sec: 235,359 | mfu: 0.00 | epoch: 1 | total time: 8.29m
step 00459 (98.96%) | loss: 0.425967 | lrm: 0.02 | dt: 1115.32ms | tok/sec: 235,040 | mfu: 0.00 | epoch: 1 | total time: 8.31m
step 00460 (99.18%) | loss: 0.418874 | lrm: 0.02 | dt: 1115.06ms | tok/sec: 235,094 | mfu: 0.00 | epoch: 1 | total time: 8.33m
step 00461 (99.39%) | loss: 0.421616 | lrm: 0.01 | dt: 1113.38ms | tok/sec: 235,449 | mfu: 0.00 | epoch: 1 | total time: 8.35m
step 00462 (99.61%) | loss: 0.424513 | lrm: 0.01 | dt: 1115.48ms | tok/sec: 235,005 | mfu: 0.00 | epoch: 1 | total time: 8.37m
step 00463 (99.82%) | loss: 0.405921 | lrm: 0.00 | dt: 1117.80ms | tok/sec: 234,517 | mfu: 0.00 | epoch: 1 | total time: 8.38m
step 00464 (100.04%) | loss: 0.389288 | lrm: 0.00 | dt: 1111.52ms | tok/sec: 235,841 | mfu: 0.00 | epoch: 2 | total time: 8.40m
Step 00464 | Validation bpb: 2.7162
Peak memory usage: 2058.88MiB
Total training time: 8.40m
Minimum validation bpb: 0.9497
